Microchip MPLAB XC8 Compiler V3.10

Linker command line:

-W-3 --edf=/opt/microchip/xc8/v3.10/pic/dat/20250813170317_en.msgs \
  -pivt0x8=08h -cn \
  -h+/home/nontoxiccat/Desktop/KiCad projects/Rocnikovy_Projekt_S3E/Hodiny/out/Hodiny/default.sym \
  --cmf=/home/nontoxiccat/Desktop/KiCad projects/Rocnikovy_Projekt_S3E/Hodiny/out/Hodiny/default.cmf \
  -z -Q18F47Q43 -o/tmp/xcXdEEKLP/driver_tmp_3.o --defsym=__MPLAB_BUILD=1 \
  --fixupoverflow=error -Mmem.map --md=/tmp/xcXdEEKLP/driver_tmp_0.dat -E1 \
  -ver=XC8 Compiler -ACODE=00h-01FFFFh -ACONST=00h-01FFFFh \
  -ASMALLCONST=02600h-026FFhx218,012600h-0126FFhx218 \
  -AMEDIUMCONST=02600h-0FFFFh,012600h-01FFFFh -ACOMRAM=0501h-055Fh \
  -AABS1=0500h-024FFh -ABIGRAM=0501h-024FFh \
  -ARAM=0560h-05FFh,0600h-06FFhx31 -ABANK5=0560h-05FFh -ABANK6=0600h-06FFh \
  -ABANK7=0700h-07FFh -ABANK8=0800h-08FFh -ABANK9=0900h-09FFh \
  -ABANK10=0A00h-0AFFh -ABANK11=0B00h-0BFFh -ABANK12=0C00h-0CFFh \
  -ABANK13=0D00h-0DFFh -ABANK14=0E00h-0EFFh -ABANK15=0F00h-0FFFh \
  -ABANK16=01000h-010FFh -ABANK17=01100h-011FFh -ABANK18=01200h-012FFh \
  -ABANK19=01300h-013FFh -ABANK20=01400h-014FFh -ABANK21=01500h-015FFh \
  -ABANK22=01600h-016FFh -ABANK23=01700h-017FFh -ABANK24=01800h-018FFh \
  -ABANK25=01900h-019FFh -ABANK26=01A00h-01AFFh -ABANK27=01B00h-01BFFh \
  -ABANK28=01C00h-01CFFh -ABANK29=01D00h-01DFFh -ABANK30=01E00h-01EFFh \
  -ABANK31=01F00h-01FFFh -ABANK32=02000h-020FFh -ABANK33=02100h-021FFh \
  -ABANK34=02200h-022FFh -ABANK35=02300h-023FFh -ABANK36=02400h-024FFh \
  -ASFR=00h-0FFhx4,0400h-045Fh,0460h-04FFh,02500h-025FFh \
  -ABIGSFR=00h-04FFh,02500h-025FFh -ACONFIG=0300000h-0300011h \
  -AIDLOC=0200000h-020003Fh -AEEDATA=0380000h-03803FFh -peeprom_data=EEDATA \
  -preset_vec=00h -ppowerup=CODE,init -pramtop=02600h \
  -psmallconst=SMALLCONST -pmediumconst=MEDIUMCONST -pconst=CONST \
  -AFARRAM=00h-00h \
  -prdata=COMRAM,nvrram=COMRAM,nvbit=COMRAM,rbss=COMRAM,rbit=COMRAM \
  -pfarbss=FARRAM,fardata=FARRAM,nvFARRAM=FARRAM \
  -pintsave_regs=BIGRAM,bigbss=BIGRAM,bigdata=BIGRAM -pbss=RAM \
  -pidata=CODE,irdata=CODE,ibigdata=CODE,ifardata=CODE -prparam=COMRAM \
  /tmp/xcXdEEKLP/driver_tmp_9.o \
  /home/nontoxiccat/Desktop/KiCad projects/Rocnikovy_Projekt_S3E/Hodiny/out/Hodiny/default.o 

Object code version is 3.11

Machine type is 18F47Q43



                Name                               Link     Load   Length Selector   Space Scale
/tmp/xcXdEEKLP/driver_tmp_9.o
                config                           300000   300000        A        0       4
                init                                102      102        4        4       0
                reset_vec                             0        0        4        0       0
/home/nontoxiccat/Desktop/KiCad projects/Rocnikovy_Projekt_S3E/Hodiny/out/Hodiny/default.o
                config                           300000   300000        A        0       4
                mediumconst                        FEA0     FEA0      160     7F50       0
                ivt0x8                                8        8       FA        4       0
                text49                            11256    11256        2     4494       0
                text48                            10FCE    10FCE       30     8000       0
                text47                            110C8    110C8       18     4426       0
                text46                            11254    11254        2     4494       0
                text45                            10F9E    10F9E       30     8000       0
                text44                            110B0    110B0       18     4426       0
                text43                            11252    11252        2     4494       0
                text42                            10F6E    10F6E       30     8000       0
                text41                            11098    11098       18     4426       0
                text40                            11250    11250        2     4494       0
                text39                            111A0    111A0       14     4463       0
                text38                            11248    11248        6     4463       0
                text37                            1118C    1118C       14     4463       0
                text36                            111C6    111C6       10     4463       0
                text35                            11176    11176       14     4426       0
                text34                            10F30    10F30       3E     8000       0
                text33                            11138    11138       16     4426       0
                text32                            11122    11122       16     4426       0
                text31                            1110C    1110C       16     4426       0
                text30                            110F6    110F6       16     4426       0
                text29                            110E0    110E0       16     4426       0
                text28                            10AF0    10AF0       E8     8000       0
                text27                            11222    11222        8     4463       0
                text26                            11200    11200        A     4463       0
                text25                            11242    11242        6     4463       0
                text24                            11070    11070       26     8000       0
                text23                            1121A    1121A        8     4463       0
                text22                            11212    11212        8     4463       0
                text21                            1123C    1123C        6     4463       0
                text20                            1104A    1104A       26     8000       0
                text19                            11236    11236        6     4463       0
                text18                            1120A    1120A        8     4463       0
                text17                            11230    11230        6     4463       0
                text16                            11024    11024       26     8000       0
                text15                            10BD8    10BD8       BE     8000       0
                text14                            11162    11162       14     4426       0
                text13                            1114E    1114E       14     4426       0
                text12                            10E4E    10E4E       58     8000       0
                text11                            111F2    111F2        E     4463       0
                text10                            111E4    111E4        E     4463       0
                text9                             111D6    111D6        E     4463       0
                text8                             10DD2    10DD2       7C     8000       0
                text7                             10D44    10D44       8E     8000       0
                text6                             111B4    111B4       12     4463       0
                text5                             10C96    10C96       AE     8000       0
                text4                             10976    10976      17A     8000       0
                text3                             10000    10000      7F4     8000       0
                text2                             107F4    107F4      182     8000       0
                text1                             10FFE    10FFE       26     8000       0
                text0                             10EA6    10EA6       4A     8000       0
                cstackCOMRAM                        501      501       23      501       1
                cstackBANK5                         560      560       20      560       1
                dataBANK5                           580      580        6      560       1
                bssCOMRAM                           524      524       1C      501       1
                cinit                             10EF0    10EF0       40     8000       0
                idataBANK5                        1122A    1122A        6     4463       0

TOTAL           Name                               Link     Load   Length     Space
        CLASS   CODE           
                init                                102      102        4         0
                reset_vec                             0        0        4         0
                ivt0x8                                8        8       FA         0
                text49                            11256    11256        2         0
                text48                            10FCE    10FCE       30         0
                text47                            110C8    110C8       18         0
                text46                            11254    11254        2         0
                text45                            10F9E    10F9E       30         0
                text44                            110B0    110B0       18         0
                text43                            11252    11252        2         0
                text42                            10F6E    10F6E       30         0
                text41                            11098    11098       18         0
                text40                            11250    11250        2         0
                text39                            111A0    111A0       14         0
                text38                            11248    11248        6         0
                text37                            1118C    1118C       14         0
                text36                            111C6    111C6       10         0
                text35                            11176    11176       14         0
                text34                            10F30    10F30       3E         0
                text33                            11138    11138       16         0
                text32                            11122    11122       16         0
                text31                            1110C    1110C       16         0
                text30                            110F6    110F6       16         0
                text29                            110E0    110E0       16         0
                text28                            10AF0    10AF0       E8         0
                text27                            11222    11222        8         0
                text26                            11200    11200        A         0
                text25                            11242    11242        6         0
                text24                            11070    11070       26         0
                text23                            1121A    1121A        8         0
                text22                            11212    11212        8         0
                text21                            1123C    1123C        6         0
                text20                            1104A    1104A       26         0
                text19                            11236    11236        6         0
                text18                            1120A    1120A        8         0
                text17                            11230    11230        6         0
                text16                            11024    11024       26         0
                text15                            10BD8    10BD8       BE         0
                text14                            11162    11162       14         0
                text13                            1114E    1114E       14         0
                text12                            10E4E    10E4E       58         0
                text11                            111F2    111F2        E         0
                text10                            111E4    111E4        E         0
                text9                             111D6    111D6        E         0
                text8                             10DD2    10DD2       7C         0
                text7                             10D44    10D44       8E         0
                text6                             111B4    111B4       12         0
                text5                             10C96    10C96       AE         0
                text4                             10976    10976      17A         0
                text3                             10000    10000      7F4         0
                text2                             107F4    107F4      182         0
                text1                             10FFE    10FFE       26         0
                text0                             10EA6    10EA6       4A         0
                cinit                             10EF0    10EF0       40         0
                idataBANK5                        1122A    1122A        6         0

        CLASS   CONST          

        CLASS   SMALLCONST     

        CLASS   MEDIUMCONST    
                mediumconst                        FEA0     FEA0      160         0

        CLASS   COMRAM         
                cstackCOMRAM                        501      501       23         1
                bssCOMRAM                           524      524       1C         1

        CLASS   ABS1           

        CLASS   BIGRAM         

        CLASS   RAM            

        CLASS   BANK5          
                cstackBANK5                         560      560       20         1
                dataBANK5                           580      580        6         1

        CLASS   BANK6          

        CLASS   BANK7          

        CLASS   BANK8          

        CLASS   BANK9          

        CLASS   BANK10         

        CLASS   BANK11         

        CLASS   BANK12         

        CLASS   BANK13         

        CLASS   BANK14         

        CLASS   BANK15         

        CLASS   BANK16         

        CLASS   BANK17         

        CLASS   BANK18         

        CLASS   BANK19         

        CLASS   BANK20         

        CLASS   BANK21         

        CLASS   BANK22         

        CLASS   BANK23         

        CLASS   BANK24         

        CLASS   BANK25         

        CLASS   BANK26         

        CLASS   BANK27         

        CLASS   BANK28         

        CLASS   BANK29         

        CLASS   BANK30         

        CLASS   BANK31         

        CLASS   BANK32         

        CLASS   BANK33         

        CLASS   BANK34         

        CLASS   BANK35         

        CLASS   BANK36         

        CLASS   SFR            

        CLASS   BIGSFR         

        CLASS   CONFIG         
                config                           300000   300000        A         4

        CLASS   IDLOC          

        CLASS   EEDATA         

        CLASS   FARRAM         

        CLASS   HEAP           

        CLASS   STACK          



SEGMENTS        Name                           Load    Length   Top    Selector   Space  Class

                reset_vec                      000000  000004  000004         0       0  CODE    
                text3                          010000  001096  011096      8000       0  CODE    
                text41                         011098  0000F2  01118A      4426       0  CODE    
                text40                         011250  000008  011258      4494       0  CODE    
                text37                         01118C  0000C2  01124E      4463       0  CODE    
                mediumconst                    00FEA0  000160  010000      7F50       0  MEDIUMCO
                cstackCOMRAM                   000501  00003F  000540       501       1  COMRAM  
                ivt0x8                         000008  0000FE  000106         4       0  CODE    
                cstackBANK5                    000560  000026  000586       560       1  BANK5   


UNUSED ADDRESS RANGES

        Name                Unused          Largest block    Delta
        BANK10           000A00-000AFF              100
        BANK11           000B00-000BFF              100
        BANK12           000C00-000CFF              100
        BANK13           000D00-000DFF              100
        BANK14           000E00-000EFF              100
        BANK15           000F00-000FFF              100
        BANK16           001000-0010FF              100
        BANK17           001100-0011FF              100
        BANK18           001200-0012FF              100
        BANK19           001300-0013FF              100
        BANK20           001400-0014FF              100
        BANK21           001500-0015FF              100
        BANK22           001600-0016FF              100
        BANK23           001700-0017FF              100
        BANK24           001800-0018FF              100
        BANK25           001900-0019FF              100
        BANK26           001A00-001AFF              100
        BANK27           001B00-001BFF              100
        BANK28           001C00-001CFF              100
        BANK29           001D00-001DFF              100
        BANK30           001E00-001EFF              100
        BANK31           001F00-001FFF              100
        BANK32           002000-0020FF              100
        BANK33           002100-0021FF              100
        BANK34           002200-0022FF              100
        BANK35           002300-0023FF              100
        BANK36           002400-0024FF              100
        BANK5            000586-0005FF               7A
        BANK6            000600-0006FF              100
        BANK7            000700-0007FF              100
        BANK8            000800-0008FF              100
        BANK9            000900-0009FF              100
        BIGRAM           000540-00055F               20
                         000586-0024FF             1F7A
        BIGSFR           000000-0004FF              500
                         002500-0025FF              100
        CODE             000004-000007                4
                         000106-00FE9F             FD9A
                         011096-011097                2
                         01118A-01118B                2
                         01124E-01124F                2
                         011258-01FFFF             EDA8
        COMRAM           000540-00055F               20
        CONFIG           30000A-300011                8
        CONST            000004-000007                4
                         000106-00FE9F             FD9A
                         011096-011097                2
                         01118A-01118B                2
                         01124E-01124F                2
                         011258-01FFFF             EDA8
        EEDATA           380000-3803FF              400
        IDLOC            200000-20003F               40
        MEDIUMCONST      002600-00FE9F             D8A0
                         012600-01FFFF             DA00
        RAM              000586-0024FF              100
        SFR              000000-0004FF              100
                         002500-0025FF              100
        SMALLCONST       002600-00FE9F              100
                         012600-01FFFF              100

                                  Symbol Table

?___awmod                                 cstackCOMRAM 000516
I2C1_AddrTransmit@addr                    cstackCOMRAM 000501
I2C1_CounterSet@counter                   cstackCOMRAM 000508
I2C1_DataTransmit@data                    cstackCOMRAM 00050F
INT0_SetInterruptHandler@InterruptHandler cstackCOMRAM 000516
INT1_SetInterruptHandler@InterruptHandler cstackCOMRAM 000516
INT2_SetInterruptHandler@InterruptHandler cstackCOMRAM 000516
INTERRUPT_Initialize@state                cstackCOMRAM 000519
IVTBASEH                                  (abs)        00045E
IVTBASEL                                  (abs)        00045D
IVTBASEU                                  (abs)        00045F
_ACTCON                                   (abs)        0000AC
_ANSELA                                   (abs)        000400
_ANSELB                                   (abs)        000408
_ANSELC                                   (abs)        000410
_ANSELD                                   (abs)        000418
_ANSELE                                   (abs)        000420
_CLOCK_Initialize                         text14       011162
_Default_ISR                              text40       011250
_GIE                                      (abs)        0026B7
_I2C1ADB1                                 (abs)        00028F
_I2C1CLK                                  (abs)        00029C
_I2C1CNT                                  (abs)        00028D
_I2C1CON0                                 (abs)        000294
_I2C1CON0bits                             (abs)        000294
_I2C1CON1                                 (abs)        000295
_I2C1CON1bits                             (abs)        000295
_I2C1CON2                                 (abs)        000296
_I2C1ERR                                  (abs)        000297
_I2C1ERRbits                              (abs)        000297
_I2C1PIE                                  (abs)        00029B
_I2C1PIEbits                              (abs)        00029B
_I2C1PIR                                  (abs)        00029A
_I2C1PIRbits                              (abs)        00029A
_I2C1RXB                                  (abs)        00028B
_I2C1SCLPPS                               (abs)        000271
_I2C1SDAPPS                               (abs)        000270
_I2C1STAT0bits                            (abs)        000298
_I2C1STAT1                                (abs)        000299
_I2C1STAT1bits                            (abs)        000299
_I2C1TXB                                  (abs)        00028C
_I2C1_AddrTransmit                        text23       01121A
_I2C1_BufferClear                         text27       011222
_I2C1_BusReset                            text34       010F30
_I2C1_Callback                            bssCOMRAM    00053A
_I2C1_CallbackRegister                    (abs)        000000
_I2C1_Close                               text24       011070
_I2C1_CounterGet                          text19       011236
_I2C1_CounterSet                          text22       011212
_I2C1_DataReceive                         text38       011248
_I2C1_DataTransmit                        text18       01120A
_I2C1_Deinitialize                        (abs)        000000
_I2C1_ERROR_ISR                           text28       010AF0
_I2C1_ErrorFlagsClear                     text26       011200
_I2C1_ErrorGet                            (abs)        000000
_I2C1_Host                                mediumconst  00FEA1
_I2C1_ISR                                 text15       010BD8
_I2C1_Initialize                          text12       010E4E
_I2C1_InterruptsClear                     text25       011242
_I2C1_InterruptsDisable                   text36       0111C6
_I2C1_InterruptsEnable                    text13       01114E
_I2C1_IsAddr                              text33       011138
_I2C1_IsBusCol                            text32       011122
_I2C1_IsBusTimeOut                        text31       01110C
_I2C1_IsBusy                              (abs)        000000
_I2C1_IsData                              text30       0110F6
_I2C1_IsNack                              text29       0110E0
_I2C1_RX_ISR                              text37       01118C
_I2C1_Read                                (abs)        000000
_I2C1_ReadStart                           text20       01104A
_I2C1_RestartDisable                      text17       011230
_I2C1_StartSend                           text21       01123C
_I2C1_StopSend                            text16       011024
_I2C1_TX_ISR                              text39       0111A0
_I2C1_Write                               (abs)        000000
_I2C1_WriteRead                           (abs)        000000
_INLVLA                                   (abs)        000404
_INLVLB                                   (abs)        00040C
_INLVLC                                   (abs)        000414
_INLVLD                                   (abs)        00041C
_INLVLE                                   (abs)        000424
_INT0_CallBack                            text42       010F6E
_INT0_DefaultInterruptHandler             text43       011252
_INT0_ISR                                 text41       011098
_INT0_InterruptHandler                    bssCOMRAM    000537
_INT0_SetInterruptHandler                 text11       0111F2
_INT1_CallBack                            text45       010F9E
_INT1_DefaultInterruptHandler             text46       011254
_INT1_ISR                                 text44       0110B0
_INT1_InterruptHandler                    bssCOMRAM    000534
_INT1_SetInterruptHandler                 text10       0111E4
_INT2_CallBack                            text48       010FCE
_INT2_DefaultInterruptHandler             text49       011256
_INT2_ISR                                 text47       0110C8
_INT2_InterruptHandler                    bssCOMRAM    000531
_INT2_SetInterruptHandler                 text9        0111D6
_INTCON0bits                              (abs)        0004D6
_INTERRUPT_Initialize                     text8        010DD2
_IOCAF                                    (abs)        000407
_IOCAN                                    (abs)        000406
_IOCAP                                    (abs)        000405
_IOCBF                                    (abs)        00040F
_IOCBN                                    (abs)        00040E
_IOCBP                                    (abs)        00040D
_IOCCF                                    (abs)        000417
_IOCCN                                    (abs)        000416
_IOCCP                                    (abs)        000415
_IOCEF                                    (abs)        000427
_IOCEN                                    (abs)        000426
_IOCEP                                    (abs)        000425
_IPR7bits                                 (abs)        000369
_IVTBASEH                                 (abs)        00045E
_IVTBASEL                                 (abs)        00045D
_IVTBASEU                                 (abs)        00045F
_IVTLOCK                                  (abs)        000459
_IVTLOCKbits                              (abs)        000459
_LATA                                     (abs)        0004BE
_LATB                                     (abs)        0004BF
_LATBbits                                 (abs)        0004BF
_LATC                                     (abs)        0004C0
_LATCbits                                 (abs)        0004C0
_LATD                                     (abs)        0004C1
_LATDbits                                 (abs)        0004C1
_LATE                                     (abs)        0004C2
_ODCONA                                   (abs)        000402
_ODCONB                                   (abs)        00040A
_ODCONC                                   (abs)        000412
_ODCOND                                   (abs)        00041A
_ODCONE                                   (abs)        000422
_OSCCON1                                  (abs)        0000AD
_OSCCON3                                  (abs)        0000AF
_OSCEN                                    (abs)        0000B3
_OSCFRQ                                   (abs)        0000B1
_OSCTUNE                                  (abs)        0000B0
_PIE7bits                                 (abs)        0004A5
_PIN_MANAGER_Initialize                   text7        010D44
_PIR10bits                                (abs)        0004B8
_PIR1bits                                 (abs)        0004AF
_PIR6bits                                 (abs)        0004B4
_PORTAbits                                (abs)        0004CE
_RB1I2C                                   (abs)        000289
_RB2I2C                                   (abs)        000288
_RC3I2C                                   (abs)        000287
_RC3PPS                                   (abs)        000214
_RC4I2C                                   (abs)        000286
_RC4PPS                                   (abs)        000215
_SLRCONA                                  (abs)        000403
_SLRCONB                                  (abs)        00040B
_SLRCONC                                  (abs)        000413
_SLRCOND                                  (abs)        00041B
_SLRCONE                                  (abs)        000423
_SYSTEM_Initialize                        text6        0111B4
_TRISA                                    (abs)        0004C6
_TRISAbits                                (abs)        0004C6
_TRISB                                    (abs)        0004C7
_TRISC                                    (abs)        0004C8
_TRISCbits                                (abs)        0004C8
_TRISD                                    (abs)        0004C9
_TRISDbits                                (abs)        0004C9
_TRISE                                    (abs)        0004CA
_WPUA                                     (abs)        000401
_WPUB                                     (abs)        000409
_WPUC                                     (abs)        000411
_WPUD                                     (abs)        000419
_WPUE                                     (abs)        000421
__HRAM                                    (abs)        000000
__H__absolute__                           __absolute__ 000000
__Habs1                                   abs1         000000
__Hbank10                                 bank10       000000
__Hbank11                                 bank11       000000
__Hbank12                                 bank12       000000
__Hbank13                                 bank13       000000
__Hbank14                                 bank14       000000
__Hbank15                                 bank15       000000
__Hbank16                                 bank16       000000
__Hbank17                                 bank17       000000
__Hbank18                                 bank18       000000
__Hbank19                                 bank19       000000
__Hbank20                                 bank20       000000
__Hbank21                                 bank21       000000
__Hbank22                                 bank22       000000
__Hbank23                                 bank23       000000
__Hbank24                                 bank24       000000
__Hbank25                                 bank25       000000
__Hbank26                                 bank26       000000
__Hbank27                                 bank27       000000
__Hbank28                                 bank28       000000
__Hbank29                                 bank29       000000
__Hbank30                                 bank30       000000
__Hbank31                                 bank31       000000
__Hbank32                                 bank32       000000
__Hbank33                                 bank33       000000
__Hbank34                                 bank34       000000
__Hbank35                                 bank35       000000
__Hbank36                                 bank36       000000
__Hbank5                                  bank5        000000
__Hbank6                                  bank6        000000
__Hbank7                                  bank7        000000
__Hbank8                                  bank8        000000
__Hbank9                                  bank9        000000
__Hbigbss                                 bigbss       000000
__Hbigdata                                bigdata      000000
__Hbigram                                 bigram       000000
__Hbigsfr                                 bigsfr       000000
__Hbss                                    bss          000000
__HbssCOMRAM                              bssCOMRAM    000000
__Hcinit                                  cinit        000000
__Hclrtext                                clrtext      000000
__Hcomram                                 comram       000000
__Hconfig                                 config       30000A
__Hconst                                  const        000000
__HcstackBANK5                            cstackBANK5  000000
__HcstackCOMRAM                           cstackCOMRAM 000000
__Hdata                                   data         000000
__HdataBANK5                              dataBANK5    000000
__Heeprom_data                            eeprom_data  000000
__Hfarbss                                 farbss       000000
__Hfardata                                fardata      000000
__Hheap                                   heap         000000
__Hibigdata                               ibigdata     000000
__Hidata                                  idata        000000
__HidataBANK5                             idataBANK5   000000
__Hidloc                                  idloc        000000
__Hifardata                               ifardata     000000
__Hinit                                   init         000106
__Hintsave_regs                           intsave_regs 000000
__Hirdata                                 irdata       000000
__Hivt0x8                                 ivt0x8       000102
__Hmediumconst                            mediumconst  010000
__HnvFARRAM                               nvFARRAM     000000
__Hnvbit                                  nvbit        000000
__Hnvrram                                 nvrram       000000
__Hparam                                  rparam       000000
__Hpowerup                                powerup      000000
__Hram                                    ram          000000
__Hramtop                                 ramtop       002600
__Hrbit                                   rbit         000000
__Hrbss                                   rbss         000000
__Hrdata                                  rdata        000000
__Hreset_vec                              reset_vec    000004
__Hrparam                                 rparam       000000
__Hsfr                                    sfr          000000
__Hsmallconst                             smallconst   000000
__Hspace_0                                (abs)        011258
__Hspace_1                                (abs)        000586
__Hspace_2                                (abs)        000000
__Hspace_4                                (abs)        60000A
__Hstack                                  stack        000000
__Hstruct                                 struct       000000
__Htemp                                   temp         000000
__Htext                                   text         000000
__Htext0                                  text0        000000
__Htext1                                  text1        000000
__Htext10                                 text10       000000
__Htext11                                 text11       000000
__Htext12                                 text12       000000
__Htext13                                 text13       000000
__Htext14                                 text14       000000
__Htext15                                 text15       000000
__Htext16                                 text16       000000
__Htext17                                 text17       000000
__Htext18                                 text18       000000
__Htext19                                 text19       000000
__Htext2                                  text2        000000
__Htext20                                 text20       000000
__Htext21                                 text21       000000
__Htext22                                 text22       000000
__Htext23                                 text23       000000
__Htext24                                 text24       000000
__Htext25                                 text25       000000
__Htext26                                 text26       000000
__Htext27                                 text27       000000
__Htext28                                 text28       000000
__Htext29                                 text29       000000
__Htext3                                  text3        000000
__Htext30                                 text30       000000
__Htext31                                 text31       000000
__Htext32                                 text32       000000
__Htext33                                 text33       000000
__Htext34                                 text34       000000
__Htext35                                 text35       000000
__Htext36                                 text36       000000
__Htext37                                 text37       000000
__Htext38                                 text38       000000
__Htext39                                 text39       000000
__Htext4                                  text4        000000
__Htext40                                 text40       000000
__Htext41                                 text41       000000
__Htext42                                 text42       000000
__Htext43                                 text43       000000
__Htext44                                 text44       000000
__Htext45                                 text45       000000
__Htext46                                 text46       000000
__Htext47                                 text47       000000
__Htext48                                 text48       000000
__Htext49                                 text49       000000
__Htext5                                  text5        000000
__Htext6                                  text6        000000
__Htext7                                  text7        000000
__Htext8                                  text8        000000
__Htext9                                  text9        000000
__LRAM                                    (abs)        000001
__L__absolute__                           __absolute__ 000000
__Labs1                                   abs1         000000
__Lbank10                                 bank10       000000
__Lbank11                                 bank11       000000
__Lbank12                                 bank12       000000
__Lbank13                                 bank13       000000
__Lbank14                                 bank14       000000
__Lbank15                                 bank15       000000
__Lbank16                                 bank16       000000
__Lbank17                                 bank17       000000
__Lbank18                                 bank18       000000
__Lbank19                                 bank19       000000
__Lbank20                                 bank20       000000
__Lbank21                                 bank21       000000
__Lbank22                                 bank22       000000
__Lbank23                                 bank23       000000
__Lbank24                                 bank24       000000
__Lbank25                                 bank25       000000
__Lbank26                                 bank26       000000
__Lbank27                                 bank27       000000
__Lbank28                                 bank28       000000
__Lbank29                                 bank29       000000
__Lbank30                                 bank30       000000
__Lbank31                                 bank31       000000
__Lbank32                                 bank32       000000
__Lbank33                                 bank33       000000
__Lbank34                                 bank34       000000
__Lbank35                                 bank35       000000
__Lbank36                                 bank36       000000
__Lbank5                                  bank5        000000
__Lbank6                                  bank6        000000
__Lbank7                                  bank7        000000
__Lbank8                                  bank8        000000
__Lbank9                                  bank9        000000
__Lbigbss                                 bigbss       000000
__Lbigdata                                bigdata      000000
__Lbigram                                 bigram       000000
__Lbigsfr                                 bigsfr       000000
__Lbss                                    bss          000000
__LbssCOMRAM                              bssCOMRAM    000000
__Lcinit                                  cinit        000000
__Lclrtext                                clrtext      000000
__Lcomram                                 comram       000000
__Lconfig                                 config       000000
__Lconst                                  const        000000
__LcstackBANK5                            cstackBANK5  000000
__LcstackCOMRAM                           cstackCOMRAM 000000
__Ldata                                   data         000000
__LdataBANK5                              dataBANK5    000000
__Leeprom_data                            eeprom_data  000000
__Lfarbss                                 farbss       000000
__Lfardata                                fardata      000000
__Lheap                                   heap         000000
__Libigdata                               ibigdata     000000
__Lidata                                  idata        000000
__LidataBANK5                             idataBANK5   000000
__Lidloc                                  idloc        000000
__Lifardata                               ifardata     000000
__Linit                                   init         000102
__Lintsave_regs                           intsave_regs 000000
__Lirdata                                 irdata       000000
__Livt0x8                                 ivt0x8       000008
__Lmediumconst                            mediumconst  00FEA0
__LnvFARRAM                               nvFARRAM     000000
__Lnvbit                                  nvbit        000000
__Lnvrram                                 nvrram       000000
__Lparam                                  rparam       000000
__Lpowerup                                powerup      000000
__Lram                                    ram          000000
__Lramtop                                 ramtop       002600
__Lrbit                                   rbit         000000
__Lrbss                                   rbss         000000
__Lrdata                                  rdata        000000
__Lreset_vec                              reset_vec    000000
__Lrparam                                 rparam       000000
__Lsfr                                    sfr          000000
__Lsmallconst                             smallconst   000000
__Lspace_0                                (abs)        000000
__Lspace_1                                (abs)        000000
__Lspace_2                                (abs)        000000
__Lspace_4                                (abs)        000000
__Lstack                                  stack        000000
__Lstruct                                 struct       000000
__Ltemp                                   temp         000000
__Ltext                                   text         000000
__Ltext0                                  text0        000000
__Ltext1                                  text1        000000
__Ltext10                                 text10       000000
__Ltext11                                 text11       000000
__Ltext12                                 text12       000000
__Ltext13                                 text13       000000
__Ltext14                                 text14       000000
__Ltext15                                 text15       000000
__Ltext16                                 text16       000000
__Ltext17                                 text17       000000
__Ltext18                                 text18       000000
__Ltext19                                 text19       000000
__Ltext2                                  text2        000000
__Ltext20                                 text20       000000
__Ltext21                                 text21       000000
__Ltext22                                 text22       000000
__Ltext23                                 text23       000000
__Ltext24                                 text24       000000
__Ltext25                                 text25       000000
__Ltext26                                 text26       000000
__Ltext27                                 text27       000000
__Ltext28                                 text28       000000
__Ltext29                                 text29       000000
__Ltext3                                  text3        000000
__Ltext30                                 text30       000000
__Ltext31                                 text31       000000
__Ltext32                                 text32       000000
__Ltext33                                 text33       000000
__Ltext34                                 text34       000000
__Ltext35                                 text35       000000
__Ltext36                                 text36       000000
__Ltext37                                 text37       000000
__Ltext38                                 text38       000000
__Ltext39                                 text39       000000
__Ltext4                                  text4        000000
__Ltext40                                 text40       000000
__Ltext41                                 text41       000000
__Ltext42                                 text42       000000
__Ltext43                                 text43       000000
__Ltext44                                 text44       000000
__Ltext45                                 text45       000000
__Ltext46                                 text46       000000
__Ltext47                                 text47       000000
__Ltext48                                 text48       000000
__Ltext49                                 text49       000000
__Ltext5                                  text5        000000
__Ltext6                                  text6        000000
__Ltext7                                  text7        000000
__Ltext8                                  text8        000000
__Ltext9                                  text9        000000
__S0                                      (abs)        011258
__S1                                      (abs)        000586
__S4                                      (abs)        000000
__S5                                      (abs)        000000
___awmod                                  text5        010C96
___awmod@counter                          cstackCOMRAM 00051A
___awmod@dividend                         cstackCOMRAM 000516
___awmod@divisor                          cstackCOMRAM 000518
___awmod@sign                             cstackCOMRAM 00051B
___heap_hi                                (abs)        000000
___heap_lo                                (abs)        000000
___inthi_sp                               stack        000000
___inthi_stack_hi                         stack        000000
___inthi_stack_lo                         stack        000000
___intlo_sp                               stack        000000
___intlo_stack_hi                         stack        000000
___intlo_stack_lo                         stack        000000
___param_bank                             (abs)        000000
___rparam_used                            (abs)        000001
___sp                                     stack        000000
___stack_hi                               stack        000000
___stack_lo                               stack        000000
__accesstop                               (abs)        000560
__activetblptr                            (abs)        000003
__end_of_CLOCK_Initialize                 text14       011176
__end_of_Default_ISR                      text40       011252
__end_of_I2C1_AddrTransmit                text23       011222
__end_of_I2C1_BufferClear                 text27       01122A
__end_of_I2C1_BusReset                    text34       010F6E
__end_of_I2C1_Close                       text24       011096
__end_of_I2C1_CounterGet                  text19       01123C
__end_of_I2C1_CounterSet                  text22       01121A
__end_of_I2C1_DataReceive                 text38       01124E
__end_of_I2C1_DataTransmit                text18       011212
__end_of_I2C1_ERROR_ISR                   text28       010BD8
__end_of_I2C1_ErrorFlagsClear             text26       01120A
__end_of_I2C1_Host                        mediumconst  00FEBF
__end_of_I2C1_ISR                         text15       010C96
__end_of_I2C1_Initialize                  text12       010EA6
__end_of_I2C1_InterruptsClear             text25       011248
__end_of_I2C1_InterruptsDisable           text36       0111D6
__end_of_I2C1_InterruptsEnable            text13       011162
__end_of_I2C1_IsAddr                      text33       01114E
__end_of_I2C1_IsBusCol                    text32       011138
__end_of_I2C1_IsBusTimeOut                text31       011122
__end_of_I2C1_IsData                      text30       01110C
__end_of_I2C1_IsNack                      text29       0110F6
__end_of_I2C1_RX_ISR                      text37       0111A0
__end_of_I2C1_ReadStart                   text20       011070
__end_of_I2C1_RestartDisable              text17       011236
__end_of_I2C1_StartSend                   text21       011242
__end_of_I2C1_StopSend                    text16       01104A
__end_of_I2C1_TX_ISR                      text39       0111B4
__end_of_INT0_CallBack                    text42       010F9E
__end_of_INT0_DefaultInterruptHandler     text43       011254
__end_of_INT0_ISR                         text41       0110B0
__end_of_INT0_SetInterruptHandler         text11       011200
__end_of_INT1_CallBack                    text45       010FCE
__end_of_INT1_DefaultInterruptHandler     text46       011256
__end_of_INT1_ISR                         text44       0110C8
__end_of_INT1_SetInterruptHandler         text10       0111F2
__end_of_INT2_CallBack                    text48       010FFE
__end_of_INT2_DefaultInterruptHandler     text49       011258
__end_of_INT2_ISR                         text47       0110E0
__end_of_INT2_SetInterruptHandler         text9        0111E4
__end_of_INTERRUPT_Initialize             text8        010E4E
__end_of_PIN_MANAGER_Initialize           text7        010DD2
__end_of_SYSTEM_Initialize                text6        0111C6
__end_of___awmod                          text5        010D44
__end_of__initialization                  cinit        010F2A
__end_of_clock_init                       text3        0107F4
__end_of_diplay_controll                  text2        010976
__end_of_display_digit                    text4        010AF0
__end_of_main                             text0        010EF0
__end_of_numbers                          mediumconst  00FFFF
__end_of_numbers_DP                       mediumconst  00FF5F
__end_of_pin_init                         text1        011024
__end_ofi2_I2C1_InterruptsEnable          text35       01118A
__initialization                          cinit        010EF0
__mediumconst                             mediumconst  00FEA0
__pbssCOMRAM                              bssCOMRAM    000524
__pcinit                                  cinit        010EF0
__pcstackBANK5                            cstackBANK5  000560
__pcstackCOMRAM                           cstackCOMRAM 000501
__pdataBANK5                              dataBANK5    000580
__pidataBANK5                             idataBANK5   01122A
__pivt0x8                                 ivt0x8       000008
__pmediumconst                            mediumconst  00FEA0
__ptext0                                  text0        010EA6
__ptext1                                  text1        010FFE
__ptext10                                 text10       0111E4
__ptext11                                 text11       0111F2
__ptext12                                 text12       010E4E
__ptext13                                 text13       01114E
__ptext14                                 text14       011162
__ptext15                                 text15       010BD8
__ptext16                                 text16       011024
__ptext17                                 text17       011230
__ptext18                                 text18       01120A
__ptext19                                 text19       011236
__ptext2                                  text2        0107F4
__ptext20                                 text20       01104A
__ptext21                                 text21       01123C
__ptext22                                 text22       011212
__ptext23                                 text23       01121A
__ptext24                                 text24       011070
__ptext25                                 text25       011242
__ptext26                                 text26       011200
__ptext27                                 text27       011222
__ptext28                                 text28       010AF0
__ptext29                                 text29       0110E0
__ptext3                                  text3        010000
__ptext30                                 text30       0110F6
__ptext31                                 text31       01110C
__ptext32                                 text32       011122
__ptext33                                 text33       011138
__ptext34                                 text34       010F30
__ptext35                                 text35       011176
__ptext36                                 text36       0111C6
__ptext37                                 text37       01118C
__ptext38                                 text38       011248
__ptext39                                 text39       0111A0
__ptext4                                  text4        010976
__ptext40                                 text40       011250
__ptext41                                 text41       011098
__ptext42                                 text42       010F6E
__ptext43                                 text43       011252
__ptext44                                 text44       0110B0
__ptext45                                 text45       010F9E
__ptext46                                 text46       011254
__ptext47                                 text47       0110C8
__ptext48                                 text48       010FCE
__ptext49                                 text49       011256
__ptext5                                  text5        010C96
__ptext6                                  text6        0111B4
__ptext7                                  text7        010D44
__ptext8                                  text8        010DD2
__ptext9                                  text9        0111D6
__ramtop                                  ramtop       002600
__smallconst                              mediumconst  00FEA0
_clock_init                               text3        010000
_clock_init$1249                          cstackBANK5  000560
_clock_init$1250                          cstackBANK5  000562
_clock_init$1251                          cstackBANK5  000564
_clock_init$1252                          cstackBANK5  000566
_clock_init$1253                          cstackBANK5  000568
_clock_init$1254                          cstackBANK5  00056A
_clock_init$1255                          cstackBANK5  00056C
_clock_init$1256                          cstackBANK5  00056E
_clock_init$1257                          cstackBANK5  000570
_clock_init$1258                          cstackBANK5  000572
_clock_init$1259                          cstackBANK5  000574
_clock_init$1260                          cstackBANK5  000576
_diplay_controll                          text2        0107F4
_display_digit                            text4        010976
_i2c1Status                               bssCOMRAM    000524
_in_setup_mode                            bssCOMRAM    00053F
_main                                     text0        010EA6
_ms_counter                               bssCOMRAM    00053D
_numbers                                  mediumconst  00FF5F
_numbers_DP                               mediumconst  00FEBF
_numbers_out                              dataBANK5    000580
_pin_init                                 text1        010FFE
clock_init@hold_button_time               cstackBANK5  00057C
clock_init@i                              cstackBANK5  00057A
clock_init@numbers_out                    cstackCOMRAM 00051C
clock_init@selected_digit                 cstackBANK5  00057E
clock_init@theshold                       cstackBANK5  000578
diplay_controll@i                         cstackCOMRAM 000522
display_digit@segments                    cstackCOMRAM 000516
end_of_initialization                     cinit        010F2A
i2_I2C1_InterruptsEnable                  text35       011176
intlevel0                                 text         000000
intlevel1                                 text         000000
intlevel2                                 text         000000
intlevel3                                 text         000000
isa$std                                   (abs)        000001
isa$xinst                                 (abs)        000000
ivt0x8_base                               ivt0x8       000008
ivt0x8_undefint                           ivt0x8       000100
stackhi                                   (abs)        000000
stacklo                                   (abs)        000000
start                                     init         000102
start_initialization                      cinit        010EF0


MODULE INFORMATION

Module		Function		Class		Link	Load	Size
/home/nontoxiccat/Desktop/KiCad projects/Rocnikovy_Projekt_S3E/Hodiny/My_MCC_Config/mcc/mcc_generated_files/i2c_host/src/i2c1.c
		_I2C1_RX_ISR   		CODE           	1118C	0000	20
		_I2C1_InterruptsEnable		CODE           	1114E	0000	20
		_I2C1_CounterGet		CODE           	11236	0000	6
		_I2C1_CounterSet		CODE           	11212	0000	8
		_I2C1_ReadStart		CODE           	1104A	0000	38
		_I2C1_InterruptsClear		CODE           	11242	0000	6
		_I2C1_ISR      		CODE           	10BD8	0000	190
		_I2C1_DataReceive		CODE           	11248	0000	6
		_I2C1_IsData   		CODE           	110F6	0000	22
		_I2C1_IsNack   		CODE           	110E0	0000	22
		_I2C1_IsAddr   		CODE           	11138	0000	22
		_I2C1_InterruptsDisable		CODE           	111C6	0000	16
		_I2C1_BufferClear		CODE           	11222	0000	8
		_I2C1_BusReset 		CODE           	10F30	0000	62
		_I2C1_Initialize		CODE           	10E4E	0000	88
		_I2C1_Close    		CODE           	11070	0000	38
		_I2C1_IsBusCol 		CODE           	11122	0000	22
		_I2C1_ERROR_ISR		CODE           	10AF0	0000	232
		_I2C1_ErrorFlagsClear		CODE           	11200	0000	10
		_I2C1_TX_ISR   		CODE           	111A0	0000	20
		_I2C1_StopSend 		CODE           	11024	0000	38
		_I2C1_RestartDisable		CODE           	11230	0000	6
		_I2C1_DataTransmit		CODE           	1120A	0000	8
		_I2C1_AddrTransmit		CODE           	1121A	0000	8
		_I2C1_IsBusTimeOut		CODE           	1110C	0000	22
		_I2C1_StartSend		CODE           	1123C	0000	6

/home/nontoxiccat/Desktop/KiCad projects/Rocnikovy_Projekt_S3E/Hodiny/My_MCC_Config/mcc/mcc_generated_files/i2c_host/src/i2c1.c estimated size: 944

/home/nontoxiccat/Desktop/KiCad projects/Rocnikovy_Projekt_S3E/Hodiny/My_MCC_Config/mcc/mcc_generated_files/system/src/pins.c
		_PIN_MANAGER_Initialize		CODE           	10D44	0000	142

/home/nontoxiccat/Desktop/KiCad projects/Rocnikovy_Projekt_S3E/Hodiny/My_MCC_Config/mcc/mcc_generated_files/system/src/pins.c estimated size: 142

/home/nontoxiccat/Desktop/KiCad projects/Rocnikovy_Projekt_S3E/Hodiny/clock_config.h
		_pin_init      		CODE           	10FFE	0000	38

/home/nontoxiccat/Desktop/KiCad projects/Rocnikovy_Projekt_S3E/Hodiny/clock_config.h estimated size: 38

/home/nontoxiccat/Desktop/KiCad projects/Rocnikovy_Projekt_S3E/Hodiny/My_MCC_Config/mcc/mcc_generated_files/system/src/interrupt.c
		_INT0_SetInterruptHandler		CODE           	111F2	0000	14
		_INT1_SetInterruptHandler		CODE           	111E4	0000	14
		_INT2_SetInterruptHandler		CODE           	111D6	0000	14
		_INTERRUPT_Initialize		CODE           	10DD2	0000	124
		_INT0_DefaultInterruptHandler		CODE           	11252	0000	2
		_INT0_CallBack 		CODE           	10F6E	0000	48
		_INT1_DefaultInterruptHandler		CODE           	11254	0000	2
		_INT1_CallBack 		CODE           	10F9E	0000	48
		_INT2_DefaultInterruptHandler		CODE           	11256	0000	2
		_INT2_CallBack 		CODE           	10FCE	0000	48
		_Default_ISR   		CODE           	11250	0000	2
		_INT0_ISR      		CODE           	11098	0000	24
		_INT1_ISR      		CODE           	110B0	0000	24
		_INT2_ISR      		CODE           	110C8	0000	24

/home/nontoxiccat/Desktop/KiCad projects/Rocnikovy_Projekt_S3E/Hodiny/My_MCC_Config/mcc/mcc_generated_files/system/src/interrupt.c estimated size: 390

/opt/microchip/xc8/v3.10/pic/sources/c99/common/awmod.c
		___awmod       		CODE           	10C96	0000	174

/opt/microchip/xc8/v3.10/pic/sources/c99/common/awmod.c estimated size: 174

shared
		i2_I2C1_InterruptsEnable		CODE           	11176	0000	20
		__initialization		CODE           	10EF0	0000	58
		_I2C1_Host     		MEDIUMCONST    	FEA1	0000	30
		_numbers       		MEDIUMCONST    	FF5F	0000	160
		_numbers_DP    		MEDIUMCONST    	FEBF	0000	160

shared estimated size: 428

/home/nontoxiccat/Desktop/KiCad projects/Rocnikovy_Projekt_S3E/Hodiny/My_MCC_Config/mcc/mcc_generated_files/system/src/clock.c
		_CLOCK_Initialize		CODE           	11162	0000	20

/home/nontoxiccat/Desktop/KiCad projects/Rocnikovy_Projekt_S3E/Hodiny/My_MCC_Config/mcc/mcc_generated_files/system/src/clock.c estimated size: 20

/home/nontoxiccat/Desktop/KiCad projects/Rocnikovy_Projekt_S3E/Hodiny/main.c
		_clock_init    		CODE           	10000	0000	2036
		_main          		CODE           	10EA6	0000	74
		_display_digit 		CODE           	10976	0000	378
		_diplay_controll		CODE           	107F4	0000	386

/home/nontoxiccat/Desktop/KiCad projects/Rocnikovy_Projekt_S3E/Hodiny/main.c estimated size: 2874

/home/nontoxiccat/Desktop/KiCad projects/Rocnikovy_Projekt_S3E/Hodiny/My_MCC_Config/mcc/mcc_generated_files/system/src/system.c
		_SYSTEM_Initialize		CODE           	111B4	0000	18

/home/nontoxiccat/Desktop/KiCad projects/Rocnikovy_Projekt_S3E/Hodiny/My_MCC_Config/mcc/mcc_generated_files/system/src/system.c estimated size: 18

