Microchip MPLAB XC8 Compiler V3.10

Linker command line:

-W-3 --edf=/opt/microchip/xc8/v3.10/pic/dat/20250813170317_en.msgs \
  -pivt0x8=08h -cn \
  -h+/home/nontoxiccat/Desktop/KiCad projects/Rocnikovy_Projekt_S3E/Hodiny/out/Hodiny/default.sym \
  --cmf=/home/nontoxiccat/Desktop/KiCad projects/Rocnikovy_Projekt_S3E/Hodiny/out/Hodiny/default.cmf \
  -z -Q18F47Q43 -o/tmp/xcXjbFFEC/driver_tmp_3.o --defsym=__MPLAB_BUILD=1 \
  --fixupoverflow=error -Mmem.map --md=/tmp/xcXjbFFEC/driver_tmp_0.dat -E1 \
  -ver=XC8 Compiler -ACODE=00h-01FFFFh -ACONST=00h-01FFFFh \
  -ASMALLCONST=02600h-026FFhx218,012600h-0126FFhx218 \
  -AMEDIUMCONST=02600h-0FFFFh,012600h-01FFFFh -ACOMRAM=0501h-055Fh \
  -AABS1=0500h-024FFh -ABIGRAM=0501h-024FFh \
  -ARAM=0560h-05FFh,0600h-06FFhx31 -ABANK5=0560h-05FFh -ABANK6=0600h-06FFh \
  -ABANK7=0700h-07FFh -ABANK8=0800h-08FFh -ABANK9=0900h-09FFh \
  -ABANK10=0A00h-0AFFh -ABANK11=0B00h-0BFFh -ABANK12=0C00h-0CFFh \
  -ABANK13=0D00h-0DFFh -ABANK14=0E00h-0EFFh -ABANK15=0F00h-0FFFh \
  -ABANK16=01000h-010FFh -ABANK17=01100h-011FFh -ABANK18=01200h-012FFh \
  -ABANK19=01300h-013FFh -ABANK20=01400h-014FFh -ABANK21=01500h-015FFh \
  -ABANK22=01600h-016FFh -ABANK23=01700h-017FFh -ABANK24=01800h-018FFh \
  -ABANK25=01900h-019FFh -ABANK26=01A00h-01AFFh -ABANK27=01B00h-01BFFh \
  -ABANK28=01C00h-01CFFh -ABANK29=01D00h-01DFFh -ABANK30=01E00h-01EFFh \
  -ABANK31=01F00h-01FFFh -ABANK32=02000h-020FFh -ABANK33=02100h-021FFh \
  -ABANK34=02200h-022FFh -ABANK35=02300h-023FFh -ABANK36=02400h-024FFh \
  -ASFR=00h-0FFhx4,0400h-045Fh,0460h-04FFh,02500h-025FFh \
  -ABIGSFR=00h-04FFh,02500h-025FFh -ACONFIG=0300000h-0300011h \
  -AIDLOC=0200000h-020003Fh -AEEDATA=0380000h-03803FFh -peeprom_data=EEDATA \
  -preset_vec=00h -ppowerup=CODE,init -pramtop=02600h \
  -psmallconst=SMALLCONST -pmediumconst=MEDIUMCONST -pconst=CONST \
  -AFARRAM=00h-00h \
  -prdata=COMRAM,nvrram=COMRAM,nvbit=COMRAM,rbss=COMRAM,rbit=COMRAM \
  -pfarbss=FARRAM,fardata=FARRAM,nvFARRAM=FARRAM \
  -pintsave_regs=BIGRAM,bigbss=BIGRAM,bigdata=BIGRAM -pbss=RAM \
  -pidata=CODE,irdata=CODE,ibigdata=CODE,ifardata=CODE -prparam=COMRAM \
  /tmp/xcXjbFFEC/driver_tmp_9.o \
  /home/nontoxiccat/Desktop/KiCad projects/Rocnikovy_Projekt_S3E/Hodiny/out/Hodiny/default.o 

Object code version is 3.11

Machine type is 18F47Q43



                Name                               Link     Load   Length Selector   Space Scale
/tmp/xcXjbFFEC/driver_tmp_9.o
                config                           300000   300000        A        0       4
                init                                102      102        4        4       0
                reset_vec                             0        0        4        0       0
/home/nontoxiccat/Desktop/KiCad projects/Rocnikovy_Projekt_S3E/Hodiny/out/Hodiny/default.o
                config                           300000   300000        A        0       4
                smallconst                         2600     2600       20     1300       0
                ivt0x8                                8        8       FA        4       0
                text45                             2F62     2F62        2      BA8       0
                text44                             2D0A     2D0A       30     1310       0
                text43                             2DDC     2DDC       18     1310       0
                text42                             2F60     2F60        2      BA8       0
                text41                             2CDA     2CDA       30     1310       0
                text40                             2DC4     2DC4       18     1310       0
                text39                             2F5E     2F5E        2      BA8       0
                text38                             2CAA     2CAA       30     1310       0
                text37                             2DAC     2DAC       18     1310       0
                text36                             2F5C     2F5C        2      BA8       0
                text35                             2EB4     2EB4       14      BA8       0
                text34                             2F56     2F56        6      BA8       0
                text33                             2EA0     2EA0       14      BA8       0
                text32                             2EDA     2EDA       10      BA8       0
                text31                             2E8A     2E8A       14     1310       0
                text30                             2C6C     2C6C       3E     1310       0
                text29                             2E4C     2E4C       16     1310       0
                text28                             2E36     2E36       16     1310       0
                text27                             2E20     2E20       16     1310       0
                text26                             2E0A     2E0A       16     1310       0
                text25                             2DF4     2DF4       16     1310       0
                text24                             2884     2884       E8     1310       0
                text23                             2F36     2F36        8      BA8       0
                text22                             2F14     2F14        A      BA8       0
                text21                             2F50     2F50        6      BA8       0
                text20                             2D86     2D86       26     1310       0
                text19                             2F2E     2F2E        8      BA8       0
                text18                             2F26     2F26        8      BA8       0
                text17                             2F4A     2F4A        6      BA8       0
                text16                             2D60     2D60       26     1310       0
                text15                             2F44     2F44        6      BA8       0
                text14                             2F1E     2F1E        8      BA8       0
                text13                             2F3E     2F3E        6      BA8       0
                text12                             2D3A     2D3A       26     1310       0
                text11                             296C     296C       BE     1310       0
                text10                             2E76     2E76       14     1310       0
                text9                              2E62     2E62       14     1310       0
                text8                              2BD4     2BD4       58     1310       0
                text7                              2F06     2F06        E      BA8       0
                text6                              2EF8     2EF8        E      BA8       0
                text5                              2EEA     2EEA        E      BA8       0
                text4                              2B58     2B58       7C     1310       0
                text3                              2ACA     2ACA       8E     1310       0
                text2                              2EC8     2EC8       12      BA8       0
                text1                              2772     2772      112     1310       0
                text0                              2620     2620      152     1310       0
                cstackCOMRAM                        501      501       1B      501       1
                cstackBANK6                         600      600       A2      600       1
                dataBANK5                           560      560       A0      560       1
                bssCOMRAM                           51C      51C       19      501       1
                cinit                              2C2C     2C2C       40     1310       0
                idataBANK5                         2A2A     2A2A       A0     1310       0

TOTAL           Name                               Link     Load   Length     Space
        CLASS   CODE           
                init                                102      102        4         0
                reset_vec                             0        0        4         0
                ivt0x8                                8        8       FA         0
                text45                             2F62     2F62        2         0
                text44                             2D0A     2D0A       30         0
                text43                             2DDC     2DDC       18         0
                text42                             2F60     2F60        2         0
                text41                             2CDA     2CDA       30         0
                text40                             2DC4     2DC4       18         0
                text39                             2F5E     2F5E        2         0
                text38                             2CAA     2CAA       30         0
                text37                             2DAC     2DAC       18         0
                text36                             2F5C     2F5C        2         0
                text35                             2EB4     2EB4       14         0
                text34                             2F56     2F56        6         0
                text33                             2EA0     2EA0       14         0
                text32                             2EDA     2EDA       10         0
                text31                             2E8A     2E8A       14         0
                text30                             2C6C     2C6C       3E         0
                text29                             2E4C     2E4C       16         0
                text28                             2E36     2E36       16         0
                text27                             2E20     2E20       16         0
                text26                             2E0A     2E0A       16         0
                text25                             2DF4     2DF4       16         0
                text24                             2884     2884       E8         0
                text23                             2F36     2F36        8         0
                text22                             2F14     2F14        A         0
                text21                             2F50     2F50        6         0
                text20                             2D86     2D86       26         0
                text19                             2F2E     2F2E        8         0
                text18                             2F26     2F26        8         0
                text17                             2F4A     2F4A        6         0
                text16                             2D60     2D60       26         0
                text15                             2F44     2F44        6         0
                text14                             2F1E     2F1E        8         0
                text13                             2F3E     2F3E        6         0
                text12                             2D3A     2D3A       26         0
                text11                             296C     296C       BE         0
                text10                             2E76     2E76       14         0
                text9                              2E62     2E62       14         0
                text8                              2BD4     2BD4       58         0
                text7                              2F06     2F06        E         0
                text6                              2EF8     2EF8        E         0
                text5                              2EEA     2EEA        E         0
                text4                              2B58     2B58       7C         0
                text3                              2ACA     2ACA       8E         0
                text2                              2EC8     2EC8       12         0
                text1                              2772     2772      112         0
                text0                              2620     2620      152         0
                cinit                              2C2C     2C2C       40         0
                idataBANK5                         2A2A     2A2A       A0         0

        CLASS   CONST          

        CLASS   SMALLCONST     
                smallconst                         2600     2600       20         0

        CLASS   MEDIUMCONST    

        CLASS   COMRAM         
                cstackCOMRAM                        501      501       1B         1
                bssCOMRAM                           51C      51C       19         1

        CLASS   ABS1           

        CLASS   BIGRAM         

        CLASS   RAM            

        CLASS   BANK5          
                dataBANK5                           560      560       A0         1

        CLASS   BANK6          
                cstackBANK6                         600      600       A2         1

        CLASS   BANK7          

        CLASS   BANK8          

        CLASS   BANK9          

        CLASS   BANK10         

        CLASS   BANK11         

        CLASS   BANK12         

        CLASS   BANK13         

        CLASS   BANK14         

        CLASS   BANK15         

        CLASS   BANK16         

        CLASS   BANK17         

        CLASS   BANK18         

        CLASS   BANK19         

        CLASS   BANK20         

        CLASS   BANK21         

        CLASS   BANK22         

        CLASS   BANK23         

        CLASS   BANK24         

        CLASS   BANK25         

        CLASS   BANK26         

        CLASS   BANK27         

        CLASS   BANK28         

        CLASS   BANK29         

        CLASS   BANK30         

        CLASS   BANK31         

        CLASS   BANK32         

        CLASS   BANK33         

        CLASS   BANK34         

        CLASS   BANK35         

        CLASS   BANK36         

        CLASS   SFR            

        CLASS   BIGSFR         

        CLASS   CONFIG         
                config                           300000   300000        A         4

        CLASS   IDLOC          

        CLASS   EEDATA         

        CLASS   FARRAM         

        CLASS   HEAP           

        CLASS   STACK          



SEGMENTS        Name                           Load    Length   Top    Selector   Space  Class

                reset_vec                      000000  000004  000004         0       0  CODE    
                text0                          002620  00087E  002E9E      1310       0  CODE    
                text33                         002EA0  0000C4  002F64       BA8       0  CODE    
                ivt0x8                         000008  0000FE  000106         4       0  CODE    
                cstackBANK6                    000600  0000A2  0006A2       600       1  BANK6   
                dataBANK5                      000560  0000A0  000600       560       1  BANK5   
                cstackCOMRAM                   000501  000034  000535       501       1  COMRAM  
                smallconst                     002600  000020  002620      1300       0  SMALLCON


UNUSED ADDRESS RANGES

        Name                Unused          Largest block    Delta
        BANK10           000A00-000AFF              100
        BANK11           000B00-000BFF              100
        BANK12           000C00-000CFF              100
        BANK13           000D00-000DFF              100
        BANK14           000E00-000EFF              100
        BANK15           000F00-000FFF              100
        BANK16           001000-0010FF              100
        BANK17           001100-0011FF              100
        BANK18           001200-0012FF              100
        BANK19           001300-0013FF              100
        BANK20           001400-0014FF              100
        BANK21           001500-0015FF              100
        BANK22           001600-0016FF              100
        BANK23           001700-0017FF              100
        BANK24           001800-0018FF              100
        BANK25           001900-0019FF              100
        BANK26           001A00-001AFF              100
        BANK27           001B00-001BFF              100
        BANK28           001C00-001CFF              100
        BANK29           001D00-001DFF              100
        BANK30           001E00-001EFF              100
        BANK31           001F00-001FFF              100
        BANK32           002000-0020FF              100
        BANK33           002100-0021FF              100
        BANK34           002200-0022FF              100
        BANK35           002300-0023FF              100
        BANK36           002400-0024FF              100
        BANK6            0006A2-0006FF               5E
        BANK7            000700-0007FF              100
        BANK8            000800-0008FF              100
        BANK9            000900-0009FF              100
        BIGRAM           000535-00055F               2B
                         0006A2-0024FF             1E5E
        BIGSFR           000000-0004FF              500
                         002500-0025FF              100
        CODE             000004-000007                4
                         000106-0025FF             24FA
                         002E9E-002E9F                2
                         002F64-01FFFF            1D09C
        COMRAM           000535-00055F               2B
        CONFIG           30000A-300011                8
        CONST            000004-000007                4
                         000106-0025FF             24FA
                         002E9E-002E9F                2
                         002F64-01FFFF            1D09C
        EEDATA           380000-3803FF              400
        IDLOC            200000-20003F               40
        MEDIUMCONST      002E9E-002E9F                2
                         002F64-00FFFF             D09C
                         012600-01FFFF             DA00
        RAM              0006A2-0024FF              100
        SFR              000000-0004FF              100
                         002500-0025FF              100
        SMALLCONST       002E9E-002E9F                2
                         002F64-00FFFF              100
                         012600-01FFFF              100

                                  Symbol Table

I2C1_AddrTransmit@addr                    cstackCOMRAM 000501
I2C1_CounterSet@counter                   cstackCOMRAM 000508
I2C1_DataTransmit@data                    cstackCOMRAM 00050F
INT0_SetInterruptHandler@InterruptHandler cstackCOMRAM 000516
INT1_SetInterruptHandler@InterruptHandler cstackCOMRAM 000516
INT2_SetInterruptHandler@InterruptHandler cstackCOMRAM 000516
INTERRUPT_Initialize@state                cstackCOMRAM 000519
IVTBASEH                                  (abs)        00045E
IVTBASEL                                  (abs)        00045D
IVTBASEU                                  (abs)        00045F
_ACTCON                                   (abs)        0000AC
_ANSELA                                   (abs)        000400
_ANSELB                                   (abs)        000408
_ANSELC                                   (abs)        000410
_ANSELD                                   (abs)        000418
_ANSELE                                   (abs)        000420
_CLOCK_Initialize                         text10       002E76
_Default_ISR                              text36       002F5C
_GIE                                      (abs)        0026B7
_I2C1ADB1                                 (abs)        00028F
_I2C1CLK                                  (abs)        00029C
_I2C1CNT                                  (abs)        00028D
_I2C1CON0                                 (abs)        000294
_I2C1CON0bits                             (abs)        000294
_I2C1CON1                                 (abs)        000295
_I2C1CON1bits                             (abs)        000295
_I2C1CON2                                 (abs)        000296
_I2C1ERR                                  (abs)        000297
_I2C1ERRbits                              (abs)        000297
_I2C1PIE                                  (abs)        00029B
_I2C1PIEbits                              (abs)        00029B
_I2C1PIR                                  (abs)        00029A
_I2C1PIRbits                              (abs)        00029A
_I2C1RXB                                  (abs)        00028B
_I2C1SCLPPS                               (abs)        000271
_I2C1SDAPPS                               (abs)        000270
_I2C1STAT0bits                            (abs)        000298
_I2C1STAT1                                (abs)        000299
_I2C1STAT1bits                            (abs)        000299
_I2C1TXB                                  (abs)        00028C
_I2C1_AddrTransmit                        text19       002F2E
_I2C1_BufferClear                         text23       002F36
_I2C1_BusReset                            text30       002C6C
_I2C1_Callback                            bssCOMRAM    000532
_I2C1_CallbackRegister                    (abs)        000000
_I2C1_Close                               text20       002D86
_I2C1_CounterGet                          text15       002F44
_I2C1_CounterSet                          text18       002F26
_I2C1_DataReceive                         text34       002F56
_I2C1_DataTransmit                        text14       002F1E
_I2C1_Deinitialize                        (abs)        000000
_I2C1_ERROR_ISR                           text24       002884
_I2C1_ErrorFlagsClear                     text22       002F14
_I2C1_ErrorGet                            (abs)        000000
_I2C1_Host                                smallconst   002601
_I2C1_ISR                                 text11       00296C
_I2C1_Initialize                          text8        002BD4
_I2C1_InterruptsClear                     text21       002F50
_I2C1_InterruptsDisable                   text32       002EDA
_I2C1_InterruptsEnable                    text9        002E62
_I2C1_IsAddr                              text29       002E4C
_I2C1_IsBusCol                            text28       002E36
_I2C1_IsBusTimeOut                        text27       002E20
_I2C1_IsBusy                              (abs)        000000
_I2C1_IsData                              text26       002E0A
_I2C1_IsNack                              text25       002DF4
_I2C1_RX_ISR                              text33       002EA0
_I2C1_Read                                (abs)        000000
_I2C1_ReadStart                           text16       002D60
_I2C1_RestartDisable                      text13       002F3E
_I2C1_StartSend                           text17       002F4A
_I2C1_StopSend                            text12       002D3A
_I2C1_TX_ISR                              text35       002EB4
_I2C1_Write                               (abs)        000000
_I2C1_WriteRead                           (abs)        000000
_INLVLA                                   (abs)        000404
_INLVLB                                   (abs)        00040C
_INLVLC                                   (abs)        000414
_INLVLD                                   (abs)        00041C
_INLVLE                                   (abs)        000424
_INT0_CallBack                            text38       002CAA
_INT0_DefaultInterruptHandler             text39       002F5E
_INT0_ISR                                 text37       002DAC
_INT0_InterruptHandler                    bssCOMRAM    00052F
_INT0_SetInterruptHandler                 text7        002F06
_INT1_CallBack                            text41       002CDA
_INT1_DefaultInterruptHandler             text42       002F60
_INT1_ISR                                 text40       002DC4
_INT1_InterruptHandler                    bssCOMRAM    00052C
_INT1_SetInterruptHandler                 text6        002EF8
_INT2_CallBack                            text44       002D0A
_INT2_DefaultInterruptHandler             text45       002F62
_INT2_ISR                                 text43       002DDC
_INT2_InterruptHandler                    bssCOMRAM    000529
_INT2_SetInterruptHandler                 text5        002EEA
_INTCON0bits                              (abs)        0004D6
_INTERRUPT_Initialize                     text4        002B58
_IOCAF                                    (abs)        000407
_IOCAN                                    (abs)        000406
_IOCAP                                    (abs)        000405
_IOCBF                                    (abs)        00040F
_IOCBN                                    (abs)        00040E
_IOCBP                                    (abs)        00040D
_IOCCF                                    (abs)        000417
_IOCCN                                    (abs)        000416
_IOCCP                                    (abs)        000415
_IOCEF                                    (abs)        000427
_IOCEN                                    (abs)        000426
_IOCEP                                    (abs)        000425
_IPR7bits                                 (abs)        000369
_IVTBASEH                                 (abs)        00045E
_IVTBASEL                                 (abs)        00045D
_IVTBASEU                                 (abs)        00045F
_IVTLOCK                                  (abs)        000459
_IVTLOCKbits                              (abs)        000459
_LATA                                     (abs)        0004BE
_LATB                                     (abs)        0004BF
_LATBbits                                 (abs)        0004BF
_LATC                                     (abs)        0004C0
_LATCbits                                 (abs)        0004C0
_LATD                                     (abs)        0004C1
_LATDbits                                 (abs)        0004C1
_LATE                                     (abs)        0004C2
_ODCONA                                   (abs)        000402
_ODCONB                                   (abs)        00040A
_ODCONC                                   (abs)        000412
_ODCOND                                   (abs)        00041A
_ODCONE                                   (abs)        000422
_OSCCON1                                  (abs)        0000AD
_OSCCON3                                  (abs)        0000AF
_OSCEN                                    (abs)        0000B3
_OSCFRQ                                   (abs)        0000B1
_OSCTUNE                                  (abs)        0000B0
_PIE7bits                                 (abs)        0004A5
_PIN_MANAGER_Initialize                   text3        002ACA
_PIR10bits                                (abs)        0004B8
_PIR1bits                                 (abs)        0004AF
_PIR6bits                                 (abs)        0004B4
_RB1I2C                                   (abs)        000289
_RB2I2C                                   (abs)        000288
_RC3I2C                                   (abs)        000287
_RC3PPS                                   (abs)        000214
_RC4I2C                                   (abs)        000286
_RC4PPS                                   (abs)        000215
_SLRCONA                                  (abs)        000403
_SLRCONB                                  (abs)        00040B
_SLRCONC                                  (abs)        000413
_SLRCOND                                  (abs)        00041B
_SLRCONE                                  (abs)        000423
_SYSTEM_Initialize                        text2        002EC8
_TRISA                                    (abs)        0004C6
_TRISB                                    (abs)        0004C7
_TRISBbits                                (abs)        0004C7
_TRISC                                    (abs)        0004C8
_TRISCbits                                (abs)        0004C8
_TRISD                                    (abs)        0004C9
_TRISDbits                                (abs)        0004C9
_TRISE                                    (abs)        0004CA
_WPUA                                     (abs)        000401
_WPUB                                     (abs)        000409
_WPUC                                     (abs)        000411
_WPUD                                     (abs)        000419
_WPUE                                     (abs)        000421
__HRAM                                    (abs)        000000
__H__absolute__                           __absolute__ 000000
__Habs1                                   abs1         000000
__Hbank10                                 bank10       000000
__Hbank11                                 bank11       000000
__Hbank12                                 bank12       000000
__Hbank13                                 bank13       000000
__Hbank14                                 bank14       000000
__Hbank15                                 bank15       000000
__Hbank16                                 bank16       000000
__Hbank17                                 bank17       000000
__Hbank18                                 bank18       000000
__Hbank19                                 bank19       000000
__Hbank20                                 bank20       000000
__Hbank21                                 bank21       000000
__Hbank22                                 bank22       000000
__Hbank23                                 bank23       000000
__Hbank24                                 bank24       000000
__Hbank25                                 bank25       000000
__Hbank26                                 bank26       000000
__Hbank27                                 bank27       000000
__Hbank28                                 bank28       000000
__Hbank29                                 bank29       000000
__Hbank30                                 bank30       000000
__Hbank31                                 bank31       000000
__Hbank32                                 bank32       000000
__Hbank33                                 bank33       000000
__Hbank34                                 bank34       000000
__Hbank35                                 bank35       000000
__Hbank36                                 bank36       000000
__Hbank5                                  bank5        000000
__Hbank6                                  bank6        000000
__Hbank7                                  bank7        000000
__Hbank8                                  bank8        000000
__Hbank9                                  bank9        000000
__Hbigbss                                 bigbss       000000
__Hbigdata                                bigdata      000000
__Hbigram                                 bigram       000000
__Hbigsfr                                 bigsfr       000000
__Hbss                                    bss          000000
__HbssCOMRAM                              bssCOMRAM    000000
__Hcinit                                  cinit        000000
__Hclrtext                                clrtext      000000
__Hcomram                                 comram       000000
__Hconfig                                 config       30000A
__Hconst                                  const        000000
__HcstackBANK6                            cstackBANK6  000000
__HcstackCOMRAM                           cstackCOMRAM 000000
__Hdata                                   data         000000
__HdataBANK5                              dataBANK5    000000
__Heeprom_data                            eeprom_data  000000
__Hfarbss                                 farbss       000000
__Hfardata                                fardata      000000
__Hheap                                   heap         000000
__Hibigdata                               ibigdata     000000
__Hidata                                  idata        000000
__HidataBANK5                             idataBANK5   000000
__Hidloc                                  idloc        000000
__Hifardata                               ifardata     000000
__Hinit                                   init         000106
__Hintsave_regs                           intsave_regs 000000
__Hirdata                                 irdata       000000
__Hivt0x8                                 ivt0x8       000102
__Hmediumconst                            mediumconst  000000
__HnvFARRAM                               nvFARRAM     000000
__Hnvbit                                  nvbit        000000
__Hnvrram                                 nvrram       000000
__Hparam                                  rparam       000000
__Hpowerup                                powerup      000000
__Hram                                    ram          000000
__Hramtop                                 ramtop       002600
__Hrbit                                   rbit         000000
__Hrbss                                   rbss         000000
__Hrdata                                  rdata        000000
__Hreset_vec                              reset_vec    000004
__Hrparam                                 rparam       000000
__Hsfr                                    sfr          000000
__Hsmallconst                             smallconst   002620
__Hspace_0                                (abs)        002F64
__Hspace_1                                (abs)        0006A2
__Hspace_2                                (abs)        000000
__Hspace_4                                (abs)        60000A
__Hstack                                  stack        000000
__Hstruct                                 struct       000000
__Htemp                                   temp         000000
__Htext                                   text         000000
__Htext0                                  text0        000000
__Htext1                                  text1        000000
__Htext10                                 text10       000000
__Htext11                                 text11       000000
__Htext12                                 text12       000000
__Htext13                                 text13       000000
__Htext14                                 text14       000000
__Htext15                                 text15       000000
__Htext16                                 text16       000000
__Htext17                                 text17       000000
__Htext18                                 text18       000000
__Htext19                                 text19       000000
__Htext2                                  text2        000000
__Htext20                                 text20       000000
__Htext21                                 text21       000000
__Htext22                                 text22       000000
__Htext23                                 text23       000000
__Htext24                                 text24       000000
__Htext25                                 text25       000000
__Htext26                                 text26       000000
__Htext27                                 text27       000000
__Htext28                                 text28       000000
__Htext29                                 text29       000000
__Htext3                                  text3        000000
__Htext30                                 text30       000000
__Htext31                                 text31       000000
__Htext32                                 text32       000000
__Htext33                                 text33       000000
__Htext34                                 text34       000000
__Htext35                                 text35       000000
__Htext36                                 text36       000000
__Htext37                                 text37       000000
__Htext38                                 text38       000000
__Htext39                                 text39       000000
__Htext4                                  text4        000000
__Htext40                                 text40       000000
__Htext41                                 text41       000000
__Htext42                                 text42       000000
__Htext43                                 text43       000000
__Htext44                                 text44       000000
__Htext45                                 text45       000000
__Htext5                                  text5        000000
__Htext6                                  text6        000000
__Htext7                                  text7        000000
__Htext8                                  text8        000000
__Htext9                                  text9        000000
__LRAM                                    (abs)        000001
__L__absolute__                           __absolute__ 000000
__Labs1                                   abs1         000000
__Lbank10                                 bank10       000000
__Lbank11                                 bank11       000000
__Lbank12                                 bank12       000000
__Lbank13                                 bank13       000000
__Lbank14                                 bank14       000000
__Lbank15                                 bank15       000000
__Lbank16                                 bank16       000000
__Lbank17                                 bank17       000000
__Lbank18                                 bank18       000000
__Lbank19                                 bank19       000000
__Lbank20                                 bank20       000000
__Lbank21                                 bank21       000000
__Lbank22                                 bank22       000000
__Lbank23                                 bank23       000000
__Lbank24                                 bank24       000000
__Lbank25                                 bank25       000000
__Lbank26                                 bank26       000000
__Lbank27                                 bank27       000000
__Lbank28                                 bank28       000000
__Lbank29                                 bank29       000000
__Lbank30                                 bank30       000000
__Lbank31                                 bank31       000000
__Lbank32                                 bank32       000000
__Lbank33                                 bank33       000000
__Lbank34                                 bank34       000000
__Lbank35                                 bank35       000000
__Lbank36                                 bank36       000000
__Lbank5                                  bank5        000000
__Lbank6                                  bank6        000000
__Lbank7                                  bank7        000000
__Lbank8                                  bank8        000000
__Lbank9                                  bank9        000000
__Lbigbss                                 bigbss       000000
__Lbigdata                                bigdata      000000
__Lbigram                                 bigram       000000
__Lbigsfr                                 bigsfr       000000
__Lbss                                    bss          000000
__LbssCOMRAM                              bssCOMRAM    000000
__Lcinit                                  cinit        000000
__Lclrtext                                clrtext      000000
__Lcomram                                 comram       000000
__Lconfig                                 config       000000
__Lconst                                  const        000000
__LcstackBANK6                            cstackBANK6  000000
__LcstackCOMRAM                           cstackCOMRAM 000000
__Ldata                                   data         000000
__LdataBANK5                              dataBANK5    000000
__Leeprom_data                            eeprom_data  000000
__Lfarbss                                 farbss       000000
__Lfardata                                fardata      000000
__Lheap                                   heap         000000
__Libigdata                               ibigdata     000000
__Lidata                                  idata        000000
__LidataBANK5                             idataBANK5   000000
__Lidloc                                  idloc        000000
__Lifardata                               ifardata     000000
__Linit                                   init         000102
__Lintsave_regs                           intsave_regs 000000
__Lirdata                                 irdata       000000
__Livt0x8                                 ivt0x8       000008
__Lmediumconst                            mediumconst  000000
__LnvFARRAM                               nvFARRAM     000000
__Lnvbit                                  nvbit        000000
__Lnvrram                                 nvrram       000000
__Lparam                                  rparam       000000
__Lpowerup                                powerup      000000
__Lram                                    ram          000000
__Lramtop                                 ramtop       002600
__Lrbit                                   rbit         000000
__Lrbss                                   rbss         000000
__Lrdata                                  rdata        000000
__Lreset_vec                              reset_vec    000000
__Lrparam                                 rparam       000000
__Lsfr                                    sfr          000000
__Lsmallconst                             smallconst   002600
__Lspace_0                                (abs)        000000
__Lspace_1                                (abs)        000000
__Lspace_2                                (abs)        000000
__Lspace_4                                (abs)        000000
__Lstack                                  stack        000000
__Lstruct                                 struct       000000
__Ltemp                                   temp         000000
__Ltext                                   text         000000
__Ltext0                                  text0        000000
__Ltext1                                  text1        000000
__Ltext10                                 text10       000000
__Ltext11                                 text11       000000
__Ltext12                                 text12       000000
__Ltext13                                 text13       000000
__Ltext14                                 text14       000000
__Ltext15                                 text15       000000
__Ltext16                                 text16       000000
__Ltext17                                 text17       000000
__Ltext18                                 text18       000000
__Ltext19                                 text19       000000
__Ltext2                                  text2        000000
__Ltext20                                 text20       000000
__Ltext21                                 text21       000000
__Ltext22                                 text22       000000
__Ltext23                                 text23       000000
__Ltext24                                 text24       000000
__Ltext25                                 text25       000000
__Ltext26                                 text26       000000
__Ltext27                                 text27       000000
__Ltext28                                 text28       000000
__Ltext29                                 text29       000000
__Ltext3                                  text3        000000
__Ltext30                                 text30       000000
__Ltext31                                 text31       000000
__Ltext32                                 text32       000000
__Ltext33                                 text33       000000
__Ltext34                                 text34       000000
__Ltext35                                 text35       000000
__Ltext36                                 text36       000000
__Ltext37                                 text37       000000
__Ltext38                                 text38       000000
__Ltext39                                 text39       000000
__Ltext4                                  text4        000000
__Ltext40                                 text40       000000
__Ltext41                                 text41       000000
__Ltext42                                 text42       000000
__Ltext43                                 text43       000000
__Ltext44                                 text44       000000
__Ltext45                                 text45       000000
__Ltext5                                  text5        000000
__Ltext6                                  text6        000000
__Ltext7                                  text7        000000
__Ltext8                                  text8        000000
__Ltext9                                  text9        000000
__S0                                      (abs)        002F64
__S1                                      (abs)        0006A2
__S4                                      (abs)        000000
__S5                                      (abs)        000000
___heap_hi                                (abs)        000000
___heap_lo                                (abs)        000000
___inthi_sp                               stack        000000
___inthi_stack_hi                         stack        000000
___inthi_stack_lo                         stack        000000
___intlo_sp                               stack        000000
___intlo_stack_hi                         stack        000000
___intlo_stack_lo                         stack        000000
___param_bank                             (abs)        000000
___rparam_used                            (abs)        000001
___sp                                     stack        000000
___stack_hi                               stack        000000
___stack_lo                               stack        000000
__accesstop                               (abs)        000560
__activetblptr                            (abs)        000003
__end_of_CLOCK_Initialize                 text10       002E8A
__end_of_Default_ISR                      text36       002F5E
__end_of_I2C1_AddrTransmit                text19       002F36
__end_of_I2C1_BufferClear                 text23       002F3E
__end_of_I2C1_BusReset                    text30       002CAA
__end_of_I2C1_Close                       text20       002DAC
__end_of_I2C1_CounterGet                  text15       002F4A
__end_of_I2C1_CounterSet                  text18       002F2E
__end_of_I2C1_DataReceive                 text34       002F5C
__end_of_I2C1_DataTransmit                text14       002F26
__end_of_I2C1_ERROR_ISR                   text24       00296C
__end_of_I2C1_ErrorFlagsClear             text22       002F1E
__end_of_I2C1_Host                        smallconst   00261F
__end_of_I2C1_ISR                         text11       002A2A
__end_of_I2C1_Initialize                  text8        002C2C
__end_of_I2C1_InterruptsClear             text21       002F56
__end_of_I2C1_InterruptsDisable           text32       002EEA
__end_of_I2C1_InterruptsEnable            text9        002E76
__end_of_I2C1_IsAddr                      text29       002E62
__end_of_I2C1_IsBusCol                    text28       002E4C
__end_of_I2C1_IsBusTimeOut                text27       002E36
__end_of_I2C1_IsData                      text26       002E20
__end_of_I2C1_IsNack                      text25       002E0A
__end_of_I2C1_RX_ISR                      text33       002EB4
__end_of_I2C1_ReadStart                   text16       002D86
__end_of_I2C1_RestartDisable              text13       002F44
__end_of_I2C1_StartSend                   text17       002F50
__end_of_I2C1_StopSend                    text12       002D60
__end_of_I2C1_TX_ISR                      text35       002EC8
__end_of_INT0_CallBack                    text38       002CDA
__end_of_INT0_DefaultInterruptHandler     text39       002F60
__end_of_INT0_ISR                         text37       002DC4
__end_of_INT0_SetInterruptHandler         text7        002F14
__end_of_INT1_CallBack                    text41       002D0A
__end_of_INT1_DefaultInterruptHandler     text42       002F62
__end_of_INT1_ISR                         text40       002DDC
__end_of_INT1_SetInterruptHandler         text6        002F06
__end_of_INT2_CallBack                    text44       002D3A
__end_of_INT2_DefaultInterruptHandler     text45       002F64
__end_of_INT2_ISR                         text43       002DF4
__end_of_INT2_SetInterruptHandler         text5        002EF8
__end_of_INTERRUPT_Initialize             text4        002BD4
__end_of_PIN_MANAGER_Initialize           text3        002B58
__end_of_SYSTEM_Initialize                text2        002EDA
__end_of__initialization                  cinit        002C66
__end_of_display_digit                    text1        002884
__end_of_main                             text0        002772
__end_ofi2_I2C1_InterruptsEnable          text31       002E9E
__initialization                          cinit        002C2C
__mediumconst                             smallconst   002600
__pbssCOMRAM                              bssCOMRAM    00051C
__pcinit                                  cinit        002C2C
__pcstackBANK6                            cstackBANK6  000600
__pcstackCOMRAM                           cstackCOMRAM 000501
__pdataBANK5                              dataBANK5    000560
__pidataBANK5                             idataBANK5   002A2A
__pivt0x8                                 ivt0x8       000008
__psmallconst                             smallconst   002600
__ptext0                                  text0        002620
__ptext1                                  text1        002772
__ptext10                                 text10       002E76
__ptext11                                 text11       00296C
__ptext12                                 text12       002D3A
__ptext13                                 text13       002F3E
__ptext14                                 text14       002F1E
__ptext15                                 text15       002F44
__ptext16                                 text16       002D60
__ptext17                                 text17       002F4A
__ptext18                                 text18       002F26
__ptext19                                 text19       002F2E
__ptext2                                  text2        002EC8
__ptext20                                 text20       002D86
__ptext21                                 text21       002F50
__ptext22                                 text22       002F14
__ptext23                                 text23       002F36
__ptext24                                 text24       002884
__ptext25                                 text25       002DF4
__ptext26                                 text26       002E0A
__ptext27                                 text27       002E20
__ptext28                                 text28       002E36
__ptext29                                 text29       002E4C
__ptext3                                  text3        002ACA
__ptext30                                 text30       002C6C
__ptext31                                 text31       002E8A
__ptext32                                 text32       002EDA
__ptext33                                 text33       002EA0
__ptext34                                 text34       002F56
__ptext35                                 text35       002EB4
__ptext36                                 text36       002F5C
__ptext37                                 text37       002DAC
__ptext38                                 text38       002CAA
__ptext39                                 text39       002F5E
__ptext4                                  text4        002B58
__ptext40                                 text40       002DC4
__ptext41                                 text41       002CDA
__ptext42                                 text42       002F60
__ptext43                                 text43       002DDC
__ptext44                                 text44       002D0A
__ptext45                                 text45       002F62
__ptext5                                  text5        002EEA
__ptext6                                  text6        002EF8
__ptext7                                  text7        002F06
__ptext8                                  text8        002BD4
__ptext9                                  text9        002E62
__ramtop                                  ramtop       002600
__smallconst                              smallconst   002600
_display_digit                            text1        002772
_i2c1Status                               bssCOMRAM    00051C
_main                                     text0        002620
display_digit@segments                    cstackCOMRAM 000516
end_of_initialization                     cinit        002C66
i2_I2C1_InterruptsEnable                  text31       002E8A
intlevel0                                 text         000000
intlevel1                                 text         000000
intlevel2                                 text         000000
intlevel3                                 text         000000
isa$std                                   (abs)        000001
isa$xinst                                 (abs)        000000
ivt0x8_base                               ivt0x8       000008
ivt0x8_undefint                           ivt0x8       000100
main@F17078                               dataBANK5    000560
main@i                                    cstackBANK6  0006A0
main@numbers                              cstackBANK6  000600
stackhi                                   (abs)        000000
stacklo                                   (abs)        000000
start                                     init         000102
start_initialization                      cinit        002C2C


MODULE INFORMATION

Module		Function		Class		Link	Load	Size
/home/nontoxiccat/Desktop/KiCad projects/Rocnikovy_Projekt_S3E/Hodiny/My_MCC_Config/mcc/mcc_generated_files/i2c_host/src/i2c1.c
		_I2C1_RX_ISR   		CODE           	2EA0	0000	20
		_I2C1_InterruptsEnable		CODE           	2E62	0000	20
		_I2C1_CounterGet		CODE           	2F44	0000	6
		_I2C1_CounterSet		CODE           	2F26	0000	8
		_I2C1_ReadStart		CODE           	2D60	0000	38
		_I2C1_InterruptsClear		CODE           	2F50	0000	6
		_I2C1_ISR      		CODE           	296C	0000	190
		_I2C1_DataReceive		CODE           	2F56	0000	6
		_I2C1_IsData   		CODE           	2E0A	0000	22
		_I2C1_IsNack   		CODE           	2DF4	0000	22
		_I2C1_IsAddr   		CODE           	2E4C	0000	22
		_I2C1_InterruptsDisable		CODE           	2EDA	0000	16
		_I2C1_BufferClear		CODE           	2F36	0000	8
		_I2C1_BusReset 		CODE           	2C6C	0000	62
		_I2C1_Initialize		CODE           	2BD4	0000	88
		_I2C1_Close    		CODE           	2D86	0000	38
		_I2C1_IsBusCol 		CODE           	2E36	0000	22
		_I2C1_ERROR_ISR		CODE           	2884	0000	232
		_I2C1_ErrorFlagsClear		CODE           	2F14	0000	10
		_I2C1_TX_ISR   		CODE           	2EB4	0000	20
		_I2C1_StopSend 		CODE           	2D3A	0000	38
		_I2C1_RestartDisable		CODE           	2F3E	0000	6
		_I2C1_DataTransmit		CODE           	2F1E	0000	8
		_I2C1_AddrTransmit		CODE           	2F2E	0000	8
		_I2C1_IsBusTimeOut		CODE           	2E20	0000	22
		_I2C1_StartSend		CODE           	2F4A	0000	6

/home/nontoxiccat/Desktop/KiCad projects/Rocnikovy_Projekt_S3E/Hodiny/My_MCC_Config/mcc/mcc_generated_files/i2c_host/src/i2c1.c estimated size: 944

/home/nontoxiccat/Desktop/KiCad projects/Rocnikovy_Projekt_S3E/Hodiny/My_MCC_Config/mcc/mcc_generated_files/system/src/pins.c
		_PIN_MANAGER_Initialize		CODE           	2ACA	0000	142

/home/nontoxiccat/Desktop/KiCad projects/Rocnikovy_Projekt_S3E/Hodiny/My_MCC_Config/mcc/mcc_generated_files/system/src/pins.c estimated size: 142

/home/nontoxiccat/Desktop/KiCad projects/Rocnikovy_Projekt_S3E/Hodiny/My_MCC_Config/mcc/mcc_generated_files/system/src/interrupt.c
		_INT0_SetInterruptHandler		CODE           	2F06	0000	14
		_INT1_SetInterruptHandler		CODE           	2EF8	0000	14
		_INT2_SetInterruptHandler		CODE           	2EEA	0000	14
		_INTERRUPT_Initialize		CODE           	2B58	0000	124
		_INT0_DefaultInterruptHandler		CODE           	2F5E	0000	2
		_INT0_CallBack 		CODE           	2CAA	0000	48
		_INT1_DefaultInterruptHandler		CODE           	2F60	0000	2
		_INT1_CallBack 		CODE           	2CDA	0000	48
		_INT2_DefaultInterruptHandler		CODE           	2F62	0000	2
		_INT2_CallBack 		CODE           	2D0A	0000	48
		_Default_ISR   		CODE           	2F5C	0000	2
		_INT0_ISR      		CODE           	2DAC	0000	24
		_INT1_ISR      		CODE           	2DC4	0000	24
		_INT2_ISR      		CODE           	2DDC	0000	24

/home/nontoxiccat/Desktop/KiCad projects/Rocnikovy_Projekt_S3E/Hodiny/My_MCC_Config/mcc/mcc_generated_files/system/src/interrupt.c estimated size: 390

shared
		i2_I2C1_InterruptsEnable		CODE           	2E8A	0000	20
		__initialization		CODE           	2C2C	0000	58
		_I2C1_Host     		SMALLCONST     	2601	0000	30

shared estimated size: 108

/home/nontoxiccat/Desktop/KiCad projects/Rocnikovy_Projekt_S3E/Hodiny/My_MCC_Config/mcc/mcc_generated_files/system/src/clock.c
		_CLOCK_Initialize		CODE           	2E76	0000	20

/home/nontoxiccat/Desktop/KiCad projects/Rocnikovy_Projekt_S3E/Hodiny/My_MCC_Config/mcc/mcc_generated_files/system/src/clock.c estimated size: 20

/home/nontoxiccat/Desktop/KiCad projects/Rocnikovy_Projekt_S3E/Hodiny/main.c
		_main          		CODE           	2620	0000	338
		_display_digit 		CODE           	2772	0000	274

/home/nontoxiccat/Desktop/KiCad projects/Rocnikovy_Projekt_S3E/Hodiny/main.c estimated size: 612

/home/nontoxiccat/Desktop/KiCad projects/Rocnikovy_Projekt_S3E/Hodiny/My_MCC_Config/mcc/mcc_generated_files/system/src/system.c
		_SYSTEM_Initialize		CODE           	2EC8	0000	18

/home/nontoxiccat/Desktop/KiCad projects/Rocnikovy_Projekt_S3E/Hodiny/My_MCC_Config/mcc/mcc_generated_files/system/src/system.c estimated size: 18

