Microchip MPLAB XC8 Compiler V3.10

Linker command line:

-W-3 \
  --edf=/home/nontoxiccat/.mchp_packs/Microchip/PIC18F-Q_DFP/1.30.487/xc8/pic/dat/20260311214434_en.msgs \
  -pivt0x8=08h -cn \
  -h+/home/nontoxiccat/Desktop/KiCad projects/Rocnikovy_Projekt_S3E/Hodiny/out/Hodiny/default.sym \
  --cmf=/home/nontoxiccat/Desktop/KiCad projects/Rocnikovy_Projekt_S3E/Hodiny/out/Hodiny/default.cmf \
  -z -Q18F47Q43 -o/tmp/xcXeDLIEk/driver_tmp_3.o --defsym=__MPLAB_BUILD=1 \
  --fixupoverflow=error -Mmem.map --md=/tmp/xcXeDLIEk/driver_tmp_0.dat -E1 \
  -ver=XC8 Compiler -ACODE=00h-01FFFFh -ACONST=00h-01FFFFh \
  -ASMALLCONST=02600h-026FFhx218,012600h-0126FFhx218 \
  -AMEDIUMCONST=02600h-0FFFFh,012600h-01FFFFh -ACOMRAM=0501h-055Fh \
  -AABS1=0500h-024FFh -ABIGRAM=0501h-024FFh \
  -ARAM=0560h-05FFh,0600h-06FFhx31 -ABANK5=0560h-05FFh -ABANK6=0600h-06FFh \
  -ABANK7=0700h-07FFh -ABANK8=0800h-08FFh -ABANK9=0900h-09FFh \
  -ABANK10=0A00h-0AFFh -ABANK11=0B00h-0BFFh -ABANK12=0C00h-0CFFh \
  -ABANK13=0D00h-0DFFh -ABANK14=0E00h-0EFFh -ABANK15=0F00h-0FFFh \
  -ABANK16=01000h-010FFh -ABANK17=01100h-011FFh -ABANK18=01200h-012FFh \
  -ABANK19=01300h-013FFh -ABANK20=01400h-014FFh -ABANK21=01500h-015FFh \
  -ABANK22=01600h-016FFh -ABANK23=01700h-017FFh -ABANK24=01800h-018FFh \
  -ABANK25=01900h-019FFh -ABANK26=01A00h-01AFFh -ABANK27=01B00h-01BFFh \
  -ABANK28=01C00h-01CFFh -ABANK29=01D00h-01DFFh -ABANK30=01E00h-01EFFh \
  -ABANK31=01F00h-01FFFh -ABANK32=02000h-020FFh -ABANK33=02100h-021FFh \
  -ABANK34=02200h-022FFh -ABANK35=02300h-023FFh -ABANK36=02400h-024FFh \
  -ASFR=00h-0FFhx4,0400h-045Fh,0460h-04FFh,02500h-025FFh \
  -ABIGSFR=00h-04FFh,02500h-025FFh -ACONFIG=0300000h-0300011h \
  -AIDLOC=0200000h-020003Fh -AEEDATA=0380000h-03803FFh -peeprom_data=EEDATA \
  -preset_vec=00h -ppowerup=CODE,init -pramtop=02600h \
  -psmallconst=SMALLCONST -pmediumconst=MEDIUMCONST -pconst=CONST \
  -AFARRAM=00h-00h \
  -prdata=COMRAM,nvrram=COMRAM,nvbit=COMRAM,rbss=COMRAM,rbit=COMRAM \
  -pfarbss=FARRAM,fardata=FARRAM,nvFARRAM=FARRAM \
  -pintsave_regs=BIGRAM,bigbss=BIGRAM,bigdata=BIGRAM -pbss=RAM \
  -pidata=CODE,irdata=CODE,ibigdata=CODE,ifardata=CODE -prparam=COMRAM \
  /tmp/xcXeDLIEk/driver_tmp_9.o \
  /home/nontoxiccat/Desktop/KiCad projects/Rocnikovy_Projekt_S3E/Hodiny/out/Hodiny/default.o 

Object code version is 3.11

Machine type is 18F47Q43



                Name                               Link     Load   Length Selector   Space Scale
/tmp/xcXeDLIEk/driver_tmp_9.o
                config                           300000   300000        A        0       4
                init                                102      102        4        4       0
                reset_vec                             0        0        4        0       0
/home/nontoxiccat/Desktop/KiCad projects/Rocnikovy_Projekt_S3E/Hodiny/out/Hodiny/default.o
                config                           300000   300000        A        0       4
                smallconst                         2600     2600       E2     1300       0
                ivt0x8                                8        8       FA        4       0
                text72                             3616     3616       86      D62       0
                text71                             3D88     3D88        2      EE4       0
                text70                             37C0     37C0       4C      DF0       0
                text69                             3D86     3D86        2      EE4       0
                text68                             3A46     3A46       30      DF0       0
                text67                             3BC0     3BC0       18      EE4       0
                text66                             3D84     3D84        2      EE4       0
                text65                             3A16     3A16       30      DF0       0
                text64                             3BA8     3BA8       18      EE4       0
                text63                             3D82     3D82        2      EE4       0
                text62                             39E6     39E6       30      DF0       0
                text61                             3B90     3B90       18      EE4       0
                text60                             3D80     3D80        2      EE4       0
                text59                             3CAC     3CAC       14      EE4       0
                text58                             3D7A     3D7A        6      EE4       0
                text57                             3C98     3C98       14      EE4       0
                text56                             3CC0     3CC0       10      EE4       0
                text55                             3C84     3C84       14      EE4       0
                text54                             38D2     38D2       3E      DF0       0
                text53                             3C46     3C46       16      EE4       0
                text52                             3C30     3C30       16      EE4       0
                text51                             3C1A     3C1A       16      EE4       0
                text50                             3C04     3C04       16      EE4       0
                text49                             3BEE     3BEE       16      EE4       0
                text48                             3D42     3D42        8      EE4       0
                text47                             31F0     31F0       F0      C7C       0
                text46                             3D3A     3D3A        8      EE4       0
                text45                             3D08     3D08        A      EE4       0
                text44                             3D74     3D74        6      EE4       0
                text43                             3B46     3B46       26      DF0       0
                text42                             3D32     3D32        8      EE4       0
                text41                             3D2A     3D2A        8      EE4       0
                text40                             3D6E     3D6E        6      EE4       0
                text39                             3B20     3B20       26      DF0       0
                text38                             3D68     3D68        6      EE4       0
                text37                             3D22     3D22        8      EE4       0
                text36                             3D62     3D62        6      EE4       0
                text35                             3AFA     3AFA       26      DF0       0
                text34                             3588     3588       8E      D62       0
                text33                             3B6C     3B6C       22      DF0       0
                text32                             3AD0     3AD0       2A      DF0       0
                text31                             3D1A     3D1A        8      EE4       0
                text30                             3D12     3D12        8      EE4       0
                text29                             3D5C     3D5C        6      EE4       0
                text28                             3D56     3D56        6      EE4       0
                text27                             3910     3910       3A      DF0       0
                text26                             3772     3772       4C      D62       0
                text25                             39B6     39B6       30      DF0       0
                text24                             3C70     3C70       14      EE4       0
                text23                             3C5C     3C5C       14      EE4       0
                text22                             371A     371A       58      D62       0
                text21                             3CFA     3CFA        E      EE4       0
                text20                             3CEC     3CEC        E      EE4       0
                text19                             3CDE     3CDE        E      EE4       0
                text18                             369C     369C       7E      D62       0
                text17                             34F8     34F8       8E      C7C       0
                text16                             3A76     3A76       2E      DF0       0
                text15                             3BD8     3BD8       16      EE4       0
                text14                             3CD0     3CD0        E      EE4       0
                text13                             3D50     3D50        6      EE4       0
                text12                             3D4A     3D4A        6      EE4       0
                text11                             380C     380C       48      DF0       0
                text10                             3894     3894       3E      DF0       0
                text9                              33A2     33A2       AE      C7C       0
                text8                              2F68     2F68      15E     1371       0
                text7                              30C6     30C6      128     1371       0
                text6                              26E2     26E2      716     1371       0
                text5                              2DF8     2DF8      170     1371       0
                text4                              3854     3854       40      DF0       0
                text3                              3982     3982       34      DF0       0
                text2                              394A     394A       38      DF0       0
                text1                              3450     3450       A8      C7C       0
                text0                              32E0     32E0       C2      C7C       0
                cstackCOMRAM                        531      531       1F      501       1
                cstackBANK5                         560      560       26      560       1
                bssBANK5                            586      586        8      560       1
                bssCOMRAM                           501      501       30      501       1
                cinit                              3AA4     3AA4       2C      DF0       0
                nvCOMRAM                            550      550        3      501       1

TOTAL           Name                               Link     Load   Length     Space
        CLASS   CODE           
                init                                102      102        4         0
                reset_vec                             0        0        4         0
                ivt0x8                                8        8       FA         0
                text72                             3616     3616       86         0
                text71                             3D88     3D88        2         0
                text70                             37C0     37C0       4C         0
                text69                             3D86     3D86        2         0
                text68                             3A46     3A46       30         0
                text67                             3BC0     3BC0       18         0
                text66                             3D84     3D84        2         0
                text65                             3A16     3A16       30         0
                text64                             3BA8     3BA8       18         0
                text63                             3D82     3D82        2         0
                text62                             39E6     39E6       30         0
                text61                             3B90     3B90       18         0
                text60                             3D80     3D80        2         0
                text59                             3CAC     3CAC       14         0
                text58                             3D7A     3D7A        6         0
                text57                             3C98     3C98       14         0
                text56                             3CC0     3CC0       10         0
                text55                             3C84     3C84       14         0
                text54                             38D2     38D2       3E         0
                text53                             3C46     3C46       16         0
                text52                             3C30     3C30       16         0
                text51                             3C1A     3C1A       16         0
                text50                             3C04     3C04       16         0
                text49                             3BEE     3BEE       16         0
                text48                             3D42     3D42        8         0
                text47                             31F0     31F0       F0         0
                text46                             3D3A     3D3A        8         0
                text45                             3D08     3D08        A         0
                text44                             3D74     3D74        6         0
                text43                             3B46     3B46       26         0
                text42                             3D32     3D32        8         0
                text41                             3D2A     3D2A        8         0
                text40                             3D6E     3D6E        6         0
                text39                             3B20     3B20       26         0
                text38                             3D68     3D68        6         0
                text37                             3D22     3D22        8         0
                text36                             3D62     3D62        6         0
                text35                             3AFA     3AFA       26         0
                text34                             3588     3588       8E         0
                text33                             3B6C     3B6C       22         0
                text32                             3AD0     3AD0       2A         0
                text31                             3D1A     3D1A        8         0
                text30                             3D12     3D12        8         0
                text29                             3D5C     3D5C        6         0
                text28                             3D56     3D56        6         0
                text27                             3910     3910       3A         0
                text26                             3772     3772       4C         0
                text25                             39B6     39B6       30         0
                text24                             3C70     3C70       14         0
                text23                             3C5C     3C5C       14         0
                text22                             371A     371A       58         0
                text21                             3CFA     3CFA        E         0
                text20                             3CEC     3CEC        E         0
                text19                             3CDE     3CDE        E         0
                text18                             369C     369C       7E         0
                text17                             34F8     34F8       8E         0
                text16                             3A76     3A76       2E         0
                text15                             3BD8     3BD8       16         0
                text14                             3CD0     3CD0        E         0
                text13                             3D50     3D50        6         0
                text12                             3D4A     3D4A        6         0
                text11                             380C     380C       48         0
                text10                             3894     3894       3E         0
                text9                              33A2     33A2       AE         0
                text8                              2F68     2F68      15E         0
                text7                              30C6     30C6      128         0
                text6                              26E2     26E2      716         0
                text5                              2DF8     2DF8      170         0
                text4                              3854     3854       40         0
                text3                              3982     3982       34         0
                text2                              394A     394A       38         0
                text1                              3450     3450       A8         0
                text0                              32E0     32E0       C2         0
                cinit                              3AA4     3AA4       2C         0

        CLASS   CONST          

        CLASS   SMALLCONST     
                smallconst                         2600     2600       E2         0

        CLASS   MEDIUMCONST    

        CLASS   COMRAM         
                cstackCOMRAM                        531      531       1F         1
                bssCOMRAM                           501      501       30         1
                nvCOMRAM                            550      550        3         1

        CLASS   ABS1           

        CLASS   BIGRAM         

        CLASS   RAM            

        CLASS   BANK5          
                cstackBANK5                         560      560       26         1
                bssBANK5                            586      586        8         1

        CLASS   BANK6          

        CLASS   BANK7          

        CLASS   BANK8          

        CLASS   BANK9          

        CLASS   BANK10         

        CLASS   BANK11         

        CLASS   BANK12         

        CLASS   BANK13         

        CLASS   BANK14         

        CLASS   BANK15         

        CLASS   BANK16         

        CLASS   BANK17         

        CLASS   BANK18         

        CLASS   BANK19         

        CLASS   BANK20         

        CLASS   BANK21         

        CLASS   BANK22         

        CLASS   BANK23         

        CLASS   BANK24         

        CLASS   BANK25         

        CLASS   BANK26         

        CLASS   BANK27         

        CLASS   BANK28         

        CLASS   BANK29         

        CLASS   BANK30         

        CLASS   BANK31         

        CLASS   BANK32         

        CLASS   BANK33         

        CLASS   BANK34         

        CLASS   BANK35         

        CLASS   BANK36         

        CLASS   SFR            

        CLASS   BIGSFR         

        CLASS   CONFIG         
                config                           300000   300000        A         4

        CLASS   IDLOC          

        CLASS   EEDATA         

        CLASS   FARRAM         

        CLASS   HEAP           

        CLASS   STACK          



SEGMENTS        Name                           Load    Length   Top    Selector   Space  Class

                reset_vec                      000000  000004  000004         0       0  CODE    
                text47                         0031F0  000396  003586       C7C       0  CODE    
                text6                          0026E2  000B0C  0031EE      1371       0  CODE    
                text34                         003588  000236  0037BE       D62       0  CODE    
                text70                         0037C0  0003CE  003B8E       DF0       0  CODE    
                text61                         003B90  0001FA  003D8A       EE4       0  CODE    
                smallconst                     002600  0000E2  0026E2      1300       0  SMALLCON
                ivt0x8                         000008  0000FE  000106         4       0  CODE    
                bssCOMRAM                      000501  000052  000553       501       1  COMRAM  
                cstackBANK5                    000560  00002E  00058E       560       1  BANK5   


UNUSED ADDRESS RANGES

        Name                Unused          Largest block    Delta
        BANK10           000A00-000AFF              100
        BANK11           000B00-000BFF              100
        BANK12           000C00-000CFF              100
        BANK13           000D00-000DFF              100
        BANK14           000E00-000EFF              100
        BANK15           000F00-000FFF              100
        BANK16           001000-0010FF              100
        BANK17           001100-0011FF              100
        BANK18           001200-0012FF              100
        BANK19           001300-0013FF              100
        BANK20           001400-0014FF              100
        BANK21           001500-0015FF              100
        BANK22           001600-0016FF              100
        BANK23           001700-0017FF              100
        BANK24           001800-0018FF              100
        BANK25           001900-0019FF              100
        BANK26           001A00-001AFF              100
        BANK27           001B00-001BFF              100
        BANK28           001C00-001CFF              100
        BANK29           001D00-001DFF              100
        BANK30           001E00-001EFF              100
        BANK31           001F00-001FFF              100
        BANK32           002000-0020FF              100
        BANK33           002100-0021FF              100
        BANK34           002200-0022FF              100
        BANK35           002300-0023FF              100
        BANK36           002400-0024FF              100
        BANK5            00058E-0005FF               72
        BANK6            000600-0006FF              100
        BANK7            000700-0007FF              100
        BANK8            000800-0008FF              100
        BANK9            000900-0009FF              100
        BIGRAM           000553-00055F                D
                         00058E-0024FF             1F72
        BIGSFR           000000-0004FF              500
                         002500-0025FF              100
        CODE             000004-000007                4
                         000106-0025FF             24FA
                         0031EE-0031EF                2
                         003586-003587                2
                         0037BE-0037BF                2
                         003B8E-003B8F                2
                         003D8A-01FFFF            1C276
        COMRAM           000553-00055F                D
        CONFIG           30000A-300011                8
        CONST            000004-000007                4
                         000106-0025FF             24FA
                         0031EE-0031EF                2
                         003586-003587                2
                         0037BE-0037BF                2
                         003B8E-003B8F                2
                         003D8A-01FFFF            1C276
        EEDATA           380000-3803FF              400
        IDLOC            200000-20003F               40
        MEDIUMCONST      0031EE-0031EF                2
                         003586-003587                2
                         0037BE-0037BF                2
                         003B8E-003B8F                2
                         003D8A-00FFFF             C276
                         012600-01FFFF             DA00
        RAM              00058E-0024FF              100
        SFR              000000-0004FF              100
                         002500-0025FF              100
        SMALLCONST       0031EE-0031EF                2
                         003586-003587                2
                         0037BE-0037BF                2
                         003B8E-003B8F                2
                         003D8A-00FFFF              100
                         012600-01FFFF              100

                                  Symbol Table

?___awmod                                     cstackCOMRAM 00053E
I2C1_AddrTransmit@addr                        cstackCOMRAM 00053E
I2C1_CallbackRegister@callbackHandler         cstackCOMRAM 00053E
I2C1_CounterSet@counter                       cstackCOMRAM 00053E
I2C1_DataTransmit@data                        cstackCOMRAM 000535
I2C1_Write@address                            cstackCOMRAM 00053F
I2C1_Write@data                               cstackCOMRAM 000541
I2C1_Write@dataLength                         cstackCOMRAM 000543
I2C1_WriteRead@address                        cstackCOMRAM 00053F
I2C1_WriteRead@readData                       cstackCOMRAM 000545
I2C1_WriteRead@readLength                     cstackCOMRAM 000547
I2C1_WriteRead@writeData                      cstackCOMRAM 000541
I2C1_WriteRead@writeLength                    cstackCOMRAM 000543
INT0_SetInterruptHandler@InterruptHandler     cstackCOMRAM 00053E
INT1_SetInterruptHandler@InterruptHandler     cstackCOMRAM 00053E
INT2_SetInterruptHandler@InterruptHandler     cstackCOMRAM 00053E
INTERRUPT_Initialize@state                    cstackCOMRAM 000541
IVTBASEH                                      (abs)        00045E
IVTBASEL                                      (abs)        00045D
IVTBASEU                                      (abs)        00045F
READ_RTC@reg_addr                             bssCOMRAM    000530
TMR0_OverflowCallbackRegister@callbackHandler cstackCOMRAM 00053E
_ACTCON                                       (abs)        0000AC
_ANSELA                                       (abs)        000400
_ANSELB                                       (abs)        000408
_ANSELC                                       (abs)        000410
_ANSELD                                       (abs)        000418
_ANSELE                                       (abs)        000420
_CLOCK_Initialize                             text24       003C70
_Default_ISR                                  text60       003D80
_GIE                                          (abs)        0026B7
_I2C1ADB1                                     (abs)        00028F
_I2C1CLK                                      (abs)        00029C
_I2C1CNT                                      (abs)        00028D
_I2C1CON0                                     (abs)        000294
_I2C1CON0bits                                 (abs)        000294
_I2C1CON1                                     (abs)        000295
_I2C1CON1bits                                 (abs)        000295
_I2C1CON2                                     (abs)        000296
_I2C1ERR                                      (abs)        000297
_I2C1ERRbits                                  (abs)        000297
_I2C1PIE                                      (abs)        00029B
_I2C1PIEbits                                  (abs)        00029B
_I2C1PIR                                      (abs)        00029A
_I2C1PIRbits                                  (abs)        00029A
_I2C1RXB                                      (abs)        00028B
_I2C1SCLPPS                                   (abs)        000271
_I2C1SDAPPS                                   (abs)        000270
_I2C1STAT0bits                                (abs)        000298
_I2C1STAT1                                    (abs)        000299
_I2C1STAT1bits                                (abs)        000299
_I2C1TXB                                      (abs)        00028C
_I2C1_AddrTransmit                            text31       003D1A
_I2C1_BufferClear                             text46       003D3A
_I2C1_BusReset                                text54       0038D2
_I2C1_Callback                                bssCOMRAM    00051F
_I2C1_CallbackRegister                        text33       003B6C
_I2C1_Close                                   text43       003B46
_I2C1_CounterGet                              text38       003D68
_I2C1_CounterSet                              text30       003D12
_I2C1_DataReceive                             text58       003D7A
_I2C1_DataTransmit                            text37       003D22
_I2C1_Deinitialize                            (abs)        000000
_I2C1_ERROR_ISR                               text47       0031F0
_I2C1_ErrorFlagsClear                         text45       003D08
_I2C1_ErrorGet                                (abs)        000000
_I2C1_Host                                    smallconst   002622
_I2C1_ISR                                     text34       003588
_I2C1_Initialize                              text22       00371A
_I2C1_InterruptsClear                         text44       003D74
_I2C1_InterruptsDisable                       text56       003CC0
_I2C1_InterruptsEnable                        text23       003C5C
_I2C1_IsAddr                                  text53       003C46
_I2C1_IsBusCol                                text52       003C30
_I2C1_IsBusTimeOut                            text51       003C1A
_I2C1_IsBusy                                  text32       003AD0
_I2C1_IsBusy$599                              cstackCOMRAM 00053E
_I2C1_IsData                                  text50       003C04
_I2C1_IsNack                                  text49       003BEE
_I2C1_RX_ISR                                  text57       003C98
_I2C1_Read                                    (abs)        000000
_I2C1_ReadStart                               text39       003B20
_I2C1_RestartDisable                          text36       003D62
_I2C1_RestartEnable                           text29       003D5C
_I2C1_StartSend                               text28       003D56
_I2C1_StopSend                                text35       003AFA
_I2C1_TX_ISR                                  text59       003CAC
_I2C1_Write                                   text11       00380C
_I2C1_WriteRead                               text26       003772
_I2C1_WriteStart                              text27       003910
_I2C_trasmission_complete                     bssBANK5     000586
_INLVLA                                       (abs)        000404
_INLVLB                                       (abs)        00040C
_INLVLC                                       (abs)        000414
_INLVLD                                       (abs)        00041C
_INLVLE                                       (abs)        000424
_INT0_CallBack                                text62       0039E6
_INT0_DefaultInterruptHandler                 text63       003D82
_INT0_ISR                                     text61       003B90
_INT0_InterruptHandler                        bssCOMRAM    00051C
_INT0_SetInterruptHandler                     text21       003CFA
_INT1_CallBack                                text65       003A16
_INT1_DefaultInterruptHandler                 text66       003D84
_INT1_ISR                                     text64       003BA8
_INT1_InterruptHandler                        bssCOMRAM    000519
_INT1_SetInterruptHandler                     text20       003CEC
_INT2_CallBack                                text68       003A46
_INT2_DefaultInterruptHandler                 text69       003D86
_INT2_ISR                                     text67       003BC0
_INT2_InterruptHandler                        bssCOMRAM    000516
_INT2_SetInterruptHandler                     text19       003CDE
_INTCON0bits                                  (abs)        0004D6
_INTERRUPT_Initialize                         text18       00369C
_IOCAF                                        (abs)        000407
_IOCAN                                        (abs)        000406
_IOCAP                                        (abs)        000405
_IOCBF                                        (abs)        00040F
_IOCBN                                        (abs)        00040E
_IOCBP                                        (abs)        00040D
_IOCCF                                        (abs)        000417
_IOCCN                                        (abs)        000416
_IOCCP                                        (abs)        000415
_IOCEF                                        (abs)        000427
_IOCEN                                        (abs)        000426
_IOCEP                                        (abs)        000425
_IPR3bits                                     (abs)        000365
_IPR7bits                                     (abs)        000369
_IVTBASEH                                     (abs)        00045E
_IVTBASEL                                     (abs)        00045D
_IVTBASEU                                     (abs)        00045F
_IVTLOCK                                      (abs)        000459
_IVTLOCKbits                                  (abs)        000459
_LATA                                         (abs)        0004BE
_LATB                                         (abs)        0004BF
_LATBbits                                     (abs)        0004BF
_LATC                                         (abs)        0004C0
_LATCbits                                     (abs)        0004C0
_LATD                                         (abs)        0004C1
_LATDbits                                     (abs)        0004C1
_LATE                                         (abs)        0004C2
_My_I2C1_Interrupt                            text48       003D42
_ODCONA                                       (abs)        000402
_ODCONB                                       (abs)        00040A
_ODCONC                                       (abs)        000412
_ODCONCbits                                   (abs)        000412
_ODCOND                                       (abs)        00041A
_ODCONE                                       (abs)        000422
_OSCCON1                                      (abs)        0000AD
_OSCCON3                                      (abs)        0000AF
_OSCEN                                        (abs)        0000B3
_OSCFRQ                                       (abs)        0000B1
_OSCTUNE                                      (abs)        0000B0
_PIE3bits                                     (abs)        0004A1
_PIE7bits                                     (abs)        0004A5
_PIN_MANAGER_Initialize                       text17       0034F8
_PIR10bits                                    (abs)        0004B8
_PIR1bits                                     (abs)        0004AF
_PIR3bits                                     (abs)        0004B1
_PIR6bits                                     (abs)        0004B4
_PORTAbits                                    (abs)        0004CE
_RB1I2C                                       (abs)        000289
_RB2I2C                                       (abs)        000288
_RC3I2C                                       (abs)        000287
_RC3PPS                                       (abs)        000214
_RC4I2C                                       (abs)        000286
_RC4PPS                                       (abs)        000215
_READ_RTC                                     text25       0039B6
_RTC_sync                                     bssCOMRAM    000527
_SLRCONA                                      (abs)        000403
_SLRCONB                                      (abs)        00040B
_SLRCONC                                      (abs)        000413
_SLRCOND                                      (abs)        00041B
_SLRCONE                                      (abs)        000423
_SYSTEM_Initialize                            text15       003BD8
_T0CON0                                       (abs)        00031A
_T0CON0bits                                   (abs)        00031A
_T0CON1                                       (abs)        00031B
_TMR0H                                        (abs)        000319
_TMR0L                                        (abs)        000318
_TMR0_CounterGet                              (abs)        000000
_TMR0_CounterSet                              (abs)        000000
_TMR0_DefaultOverflowCallback                 text71       003D88
_TMR0_Deinitialize                            (abs)        000000
_TMR0_ISR                                     text70       0037C0
_TMR0_Initialize                              text16       003A76
_TMR0_MaxCountGet                             (abs)        000000
_TMR0_OverflowCallback                        nvCOMRAM     000550
_TMR0_OverflowCallbackRegister                text14       003CD0
_TMR0_PeriodGet                               (abs)        000000
_TMR0_PeriodSet                               (abs)        000000
_TMR0_Start                                   text12       003D4A
_TMR0_Stop                                    text13       003D50
_TRISA                                        (abs)        0004C6
_TRISAbits                                    (abs)        0004C6
_TRISB                                        (abs)        0004C7
_TRISC                                        (abs)        0004C8
_TRISCbits                                    (abs)        0004C8
_TRISD                                        (abs)        0004C9
_TRISDbits                                    (abs)        0004C9
_TRISE                                        (abs)        0004CA
_Timer0                                       smallconst   002601
_WPUA                                         (abs)        000401
_WPUB                                         (abs)        000409
_WPUC                                         (abs)        000411
_WPUD                                         (abs)        000419
_WPUE                                         (abs)        000421
_WRITE_RTC                                    text10       003894
__HRAM                                        (abs)        000000
__H__absolute__                               __absolute__ 000000
__Habs1                                       abs1         000000
__Hbank10                                     bank10       000000
__Hbank11                                     bank11       000000
__Hbank12                                     bank12       000000
__Hbank13                                     bank13       000000
__Hbank14                                     bank14       000000
__Hbank15                                     bank15       000000
__Hbank16                                     bank16       000000
__Hbank17                                     bank17       000000
__Hbank18                                     bank18       000000
__Hbank19                                     bank19       000000
__Hbank20                                     bank20       000000
__Hbank21                                     bank21       000000
__Hbank22                                     bank22       000000
__Hbank23                                     bank23       000000
__Hbank24                                     bank24       000000
__Hbank25                                     bank25       000000
__Hbank26                                     bank26       000000
__Hbank27                                     bank27       000000
__Hbank28                                     bank28       000000
__Hbank29                                     bank29       000000
__Hbank30                                     bank30       000000
__Hbank31                                     bank31       000000
__Hbank32                                     bank32       000000
__Hbank33                                     bank33       000000
__Hbank34                                     bank34       000000
__Hbank35                                     bank35       000000
__Hbank36                                     bank36       000000
__Hbank5                                      bank5        000000
__Hbank6                                      bank6        000000
__Hbank7                                      bank7        000000
__Hbank8                                      bank8        000000
__Hbank9                                      bank9        000000
__Hbigbss                                     bigbss       000000
__Hbigdata                                    bigdata      000000
__Hbigram                                     bigram       000000
__Hbigsfr                                     bigsfr       000000
__Hbss                                        bss          000000
__HbssBANK5                                   bssBANK5     000000
__HbssCOMRAM                                  bssCOMRAM    000000
__Hcinit                                      cinit        000000
__Hclrtext                                    clrtext      000000
__Hcomram                                     comram       000000
__Hconfig                                     config       30000A
__Hconst                                      const        000000
__HcstackBANK5                                cstackBANK5  000000
__HcstackCOMRAM                               cstackCOMRAM 000000
__Hdata                                       data         000000
__Heeprom_data                                eeprom_data  000000
__Hfarbss                                     farbss       000000
__Hfardata                                    fardata      000000
__Hheap                                       heap         000000
__Hibigdata                                   ibigdata     000000
__Hidata                                      idata        000000
__Hidloc                                      idloc        000000
__Hifardata                                   ifardata     000000
__Hinit                                       init         000106
__Hintsave_regs                               intsave_regs 000000
__Hirdata                                     irdata       000000
__Hivt0x8                                     ivt0x8       000102
__Hmediumconst                                mediumconst  000000
__HnvCOMRAM                                   nvCOMRAM     000000
__HnvFARRAM                                   nvFARRAM     000000
__Hnvbit                                      nvbit        000000
__Hnvrram                                     nvrram       000000
__Hparam                                      rparam       000000
__Hpowerup                                    powerup      000000
__Hram                                        ram          000000
__Hramtop                                     ramtop       002600
__Hrbit                                       rbit         000000
__Hrbss                                       rbss         000000
__Hrdata                                      rdata        000000
__Hreset_vec                                  reset_vec    000004
__Hrparam                                     rparam       000000
__Hsfr                                        sfr          000000
__Hsmallconst                                 smallconst   0026E2
__Hspace_0                                    (abs)        003D8A
__Hspace_1                                    (abs)        00058E
__Hspace_2                                    (abs)        000000
__Hspace_4                                    (abs)        60000A
__Hstack                                      stack        000000
__Hstruct                                     struct       000000
__Htemp                                       temp         000000
__Htext                                       text         000000
__Htext0                                      text0        000000
__Htext1                                      text1        000000
__Htext10                                     text10       000000
__Htext11                                     text11       000000
__Htext12                                     text12       000000
__Htext13                                     text13       000000
__Htext14                                     text14       000000
__Htext15                                     text15       000000
__Htext16                                     text16       000000
__Htext17                                     text17       000000
__Htext18                                     text18       000000
__Htext19                                     text19       000000
__Htext2                                      text2        000000
__Htext20                                     text20       000000
__Htext21                                     text21       000000
__Htext22                                     text22       000000
__Htext23                                     text23       000000
__Htext24                                     text24       000000
__Htext25                                     text25       000000
__Htext26                                     text26       000000
__Htext27                                     text27       000000
__Htext28                                     text28       000000
__Htext29                                     text29       000000
__Htext3                                      text3        000000
__Htext30                                     text30       000000
__Htext31                                     text31       000000
__Htext32                                     text32       000000
__Htext33                                     text33       000000
__Htext34                                     text34       000000
__Htext35                                     text35       000000
__Htext36                                     text36       000000
__Htext37                                     text37       000000
__Htext38                                     text38       000000
__Htext39                                     text39       000000
__Htext4                                      text4        000000
__Htext40                                     text40       000000
__Htext41                                     text41       000000
__Htext42                                     text42       000000
__Htext43                                     text43       000000
__Htext44                                     text44       000000
__Htext45                                     text45       000000
__Htext46                                     text46       000000
__Htext47                                     text47       000000
__Htext48                                     text48       000000
__Htext49                                     text49       000000
__Htext5                                      text5        000000
__Htext50                                     text50       000000
__Htext51                                     text51       000000
__Htext52                                     text52       000000
__Htext53                                     text53       000000
__Htext54                                     text54       000000
__Htext55                                     text55       000000
__Htext56                                     text56       000000
__Htext57                                     text57       000000
__Htext58                                     text58       000000
__Htext59                                     text59       000000
__Htext6                                      text6        000000
__Htext60                                     text60       000000
__Htext61                                     text61       000000
__Htext62                                     text62       000000
__Htext63                                     text63       000000
__Htext64                                     text64       000000
__Htext65                                     text65       000000
__Htext66                                     text66       000000
__Htext67                                     text67       000000
__Htext68                                     text68       000000
__Htext69                                     text69       000000
__Htext7                                      text7        000000
__Htext70                                     text70       000000
__Htext71                                     text71       000000
__Htext72                                     text72       000000
__Htext8                                      text8        000000
__Htext9                                      text9        000000
__LRAM                                        (abs)        000001
__L__absolute__                               __absolute__ 000000
__Labs1                                       abs1         000000
__Lbank10                                     bank10       000000
__Lbank11                                     bank11       000000
__Lbank12                                     bank12       000000
__Lbank13                                     bank13       000000
__Lbank14                                     bank14       000000
__Lbank15                                     bank15       000000
__Lbank16                                     bank16       000000
__Lbank17                                     bank17       000000
__Lbank18                                     bank18       000000
__Lbank19                                     bank19       000000
__Lbank20                                     bank20       000000
__Lbank21                                     bank21       000000
__Lbank22                                     bank22       000000
__Lbank23                                     bank23       000000
__Lbank24                                     bank24       000000
__Lbank25                                     bank25       000000
__Lbank26                                     bank26       000000
__Lbank27                                     bank27       000000
__Lbank28                                     bank28       000000
__Lbank29                                     bank29       000000
__Lbank30                                     bank30       000000
__Lbank31                                     bank31       000000
__Lbank32                                     bank32       000000
__Lbank33                                     bank33       000000
__Lbank34                                     bank34       000000
__Lbank35                                     bank35       000000
__Lbank36                                     bank36       000000
__Lbank5                                      bank5        000000
__Lbank6                                      bank6        000000
__Lbank7                                      bank7        000000
__Lbank8                                      bank8        000000
__Lbank9                                      bank9        000000
__Lbigbss                                     bigbss       000000
__Lbigdata                                    bigdata      000000
__Lbigram                                     bigram       000000
__Lbigsfr                                     bigsfr       000000
__Lbss                                        bss          000000
__LbssBANK5                                   bssBANK5     000000
__LbssCOMRAM                                  bssCOMRAM    000000
__Lcinit                                      cinit        000000
__Lclrtext                                    clrtext      000000
__Lcomram                                     comram       000000
__Lconfig                                     config       000000
__Lconst                                      const        000000
__LcstackBANK5                                cstackBANK5  000000
__LcstackCOMRAM                               cstackCOMRAM 000000
__Ldata                                       data         000000
__Leeprom_data                                eeprom_data  000000
__Lfarbss                                     farbss       000000
__Lfardata                                    fardata      000000
__Lheap                                       heap         000000
__Libigdata                                   ibigdata     000000
__Lidata                                      idata        000000
__Lidloc                                      idloc        000000
__Lifardata                                   ifardata     000000
__Linit                                       init         000102
__Lintsave_regs                               intsave_regs 000000
__Lirdata                                     irdata       000000
__Livt0x8                                     ivt0x8       000008
__Lmediumconst                                mediumconst  000000
__LnvCOMRAM                                   nvCOMRAM     000000
__LnvFARRAM                                   nvFARRAM     000000
__Lnvbit                                      nvbit        000000
__Lnvrram                                     nvrram       000000
__Lparam                                      rparam       000000
__Lpowerup                                    powerup      000000
__Lram                                        ram          000000
__Lramtop                                     ramtop       002600
__Lrbit                                       rbit         000000
__Lrbss                                       rbss         000000
__Lrdata                                      rdata        000000
__Lreset_vec                                  reset_vec    000000
__Lrparam                                     rparam       000000
__Lsfr                                        sfr          000000
__Lsmallconst                                 smallconst   002600
__Lspace_0                                    (abs)        000000
__Lspace_1                                    (abs)        000000
__Lspace_2                                    (abs)        000000
__Lspace_4                                    (abs)        000000
__Lstack                                      stack        000000
__Lstruct                                     struct       000000
__Ltemp                                       temp         000000
__Ltext                                       text         000000
__Ltext0                                      text0        000000
__Ltext1                                      text1        000000
__Ltext10                                     text10       000000
__Ltext11                                     text11       000000
__Ltext12                                     text12       000000
__Ltext13                                     text13       000000
__Ltext14                                     text14       000000
__Ltext15                                     text15       000000
__Ltext16                                     text16       000000
__Ltext17                                     text17       000000
__Ltext18                                     text18       000000
__Ltext19                                     text19       000000
__Ltext2                                      text2        000000
__Ltext20                                     text20       000000
__Ltext21                                     text21       000000
__Ltext22                                     text22       000000
__Ltext23                                     text23       000000
__Ltext24                                     text24       000000
__Ltext25                                     text25       000000
__Ltext26                                     text26       000000
__Ltext27                                     text27       000000
__Ltext28                                     text28       000000
__Ltext29                                     text29       000000
__Ltext3                                      text3        000000
__Ltext30                                     text30       000000
__Ltext31                                     text31       000000
__Ltext32                                     text32       000000
__Ltext33                                     text33       000000
__Ltext34                                     text34       000000
__Ltext35                                     text35       000000
__Ltext36                                     text36       000000
__Ltext37                                     text37       000000
__Ltext38                                     text38       000000
__Ltext39                                     text39       000000
__Ltext4                                      text4        000000
__Ltext40                                     text40       000000
__Ltext41                                     text41       000000
__Ltext42                                     text42       000000
__Ltext43                                     text43       000000
__Ltext44                                     text44       000000
__Ltext45                                     text45       000000
__Ltext46                                     text46       000000
__Ltext47                                     text47       000000
__Ltext48                                     text48       000000
__Ltext49                                     text49       000000
__Ltext5                                      text5        000000
__Ltext50                                     text50       000000
__Ltext51                                     text51       000000
__Ltext52                                     text52       000000
__Ltext53                                     text53       000000
__Ltext54                                     text54       000000
__Ltext55                                     text55       000000
__Ltext56                                     text56       000000
__Ltext57                                     text57       000000
__Ltext58                                     text58       000000
__Ltext59                                     text59       000000
__Ltext6                                      text6        000000
__Ltext60                                     text60       000000
__Ltext61                                     text61       000000
__Ltext62                                     text62       000000
__Ltext63                                     text63       000000
__Ltext64                                     text64       000000
__Ltext65                                     text65       000000
__Ltext66                                     text66       000000
__Ltext67                                     text67       000000
__Ltext68                                     text68       000000
__Ltext69                                     text69       000000
__Ltext7                                      text7        000000
__Ltext70                                     text70       000000
__Ltext71                                     text71       000000
__Ltext72                                     text72       000000
__Ltext8                                      text8        000000
__Ltext9                                      text9        000000
__S0                                          (abs)        003D8A
__S1                                          (abs)        00058E
__S4                                          (abs)        000000
__S5                                          (abs)        000000
___awmod                                      text9        0033A2
___awmod@counter                              cstackCOMRAM 000542
___awmod@dividend                             cstackCOMRAM 00053E
___awmod@divisor                              cstackCOMRAM 000540
___awmod@sign                                 cstackCOMRAM 000543
___heap_hi                                    (abs)        000000
___heap_lo                                    (abs)        000000
___inthi_sp                                   stack        000000
___inthi_stack_hi                             stack        000000
___inthi_stack_lo                             stack        000000
___intlo_sp                                   stack        000000
___intlo_stack_hi                             stack        000000
___intlo_stack_lo                             stack        000000
___param_bank                                 (abs)        000000
___rparam_used                                (abs)        000001
___sp                                         stack        000000
___stack_hi                                   stack        000000
___stack_lo                                   stack        000000
__accesstop                                   (abs)        000560
__activetblptr                                (abs)        000003
__end_of_CLOCK_Initialize                     text24       003C84
__end_of_Default_ISR                          text60       003D82
__end_of_I2C1_AddrTransmit                    text31       003D22
__end_of_I2C1_BufferClear                     text46       003D42
__end_of_I2C1_BusReset                        text54       003910
__end_of_I2C1_CallbackRegister                text33       003B8E
__end_of_I2C1_Close                           text43       003B6C
__end_of_I2C1_CounterGet                      text38       003D6E
__end_of_I2C1_CounterSet                      text30       003D1A
__end_of_I2C1_DataReceive                     text58       003D80
__end_of_I2C1_DataTransmit                    text37       003D2A
__end_of_I2C1_ERROR_ISR                       text47       0032E0
__end_of_I2C1_ErrorFlagsClear                 text45       003D12
__end_of_I2C1_Host                            smallconst   002640
__end_of_I2C1_ISR                             text34       003616
__end_of_I2C1_Initialize                      text22       003772
__end_of_I2C1_InterruptsClear                 text44       003D7A
__end_of_I2C1_InterruptsDisable               text56       003CD0
__end_of_I2C1_InterruptsEnable                text23       003C70
__end_of_I2C1_IsAddr                          text53       003C5C
__end_of_I2C1_IsBusCol                        text52       003C46
__end_of_I2C1_IsBusTimeOut                    text51       003C30
__end_of_I2C1_IsBusy                          text32       003AFA
__end_of_I2C1_IsData                          text50       003C1A
__end_of_I2C1_IsNack                          text49       003C04
__end_of_I2C1_RX_ISR                          text57       003CAC
__end_of_I2C1_ReadStart                       text39       003B46
__end_of_I2C1_RestartDisable                  text36       003D68
__end_of_I2C1_RestartEnable                   text29       003D62
__end_of_I2C1_StartSend                       text28       003D5C
__end_of_I2C1_StopSend                        text35       003B20
__end_of_I2C1_TX_ISR                          text59       003CC0
__end_of_I2C1_Write                           text11       003854
__end_of_I2C1_WriteRead                       text26       0037BE
__end_of_I2C1_WriteStart                      text27       00394A
__end_of_INT0_CallBack                        text62       003A16
__end_of_INT0_DefaultInterruptHandler         text63       003D84
__end_of_INT0_ISR                             text61       003BA8
__end_of_INT0_SetInterruptHandler             text21       003D08
__end_of_INT1_CallBack                        text65       003A46
__end_of_INT1_DefaultInterruptHandler         text66       003D86
__end_of_INT1_ISR                             text64       003BC0
__end_of_INT1_SetInterruptHandler             text20       003CFA
__end_of_INT2_CallBack                        text68       003A76
__end_of_INT2_DefaultInterruptHandler         text69       003D88
__end_of_INT2_ISR                             text67       003BD8
__end_of_INT2_SetInterruptHandler             text19       003CEC
__end_of_INTERRUPT_Initialize                 text18       00371A
__end_of_My_I2C1_Interrupt                    text48       003D4A
__end_of_PIN_MANAGER_Initialize               text17       003586
__end_of_READ_RTC                             text25       0039E6
__end_of_SYSTEM_Initialize                    text15       003BEE
__end_of_TMR0_DefaultOverflowCallback         text71       003D8A
__end_of_TMR0_ISR                             text70       00380C
__end_of_TMR0_Initialize                      text16       003AA4
__end_of_TMR0_OverflowCallbackRegister        text14       003CDE
__end_of_TMR0_Start                           text12       003D50
__end_of_TMR0_Stop                            text13       003D56
__end_of_Timer0                               smallconst   002622
__end_of_WRITE_RTC                            text10       0038D2
__end_of___awmod                              text9        003450
__end_of__initialization                      cinit        003ACA
__end_of_clock_init                           text6        002DF8
__end_of_display_controll                     text5        002F68
__end_of_display_digit                        text8        0030C6
__end_of_main                                 text0        0033A2
__end_of_memset                               text2        003982
__end_of_numbers                              smallconst   0026E0
__end_of_numbers_DP                           smallconst   002690
__end_of_pin_init                             text4        003894
__end_of_process_data_from_RTC                text3        0039B6
__end_of_refresh_setup_display                text7        0031EE
__end_of_system_clock                         text1        0034F8
__end_of_timer                                text72       00369C
__end_ofi2_I2C1_AddrTransmit                  text42       003D3A
__end_ofi2_I2C1_CounterSet                    text41       003D32
__end_ofi2_I2C1_InterruptsEnable              text55       003C98
__end_ofi2_I2C1_StartSend                     text40       003D74
__initialization                              cinit        003AA4
__mediumconst                                 smallconst   002600
__pbssBANK5                                   bssBANK5     000586
__pbssCOMRAM                                  bssCOMRAM    000501
__pcinit                                      cinit        003AA4
__pcstackBANK5                                cstackBANK5  000560
__pcstackCOMRAM                               cstackCOMRAM 000531
__pivt0x8                                     ivt0x8       000008
__pnvCOMRAM                                   nvCOMRAM     000550
__psmallconst                                 smallconst   002600
__ptext0                                      text0        0032E0
__ptext1                                      text1        003450
__ptext10                                     text10       003894
__ptext11                                     text11       00380C
__ptext12                                     text12       003D4A
__ptext13                                     text13       003D50
__ptext14                                     text14       003CD0
__ptext15                                     text15       003BD8
__ptext16                                     text16       003A76
__ptext17                                     text17       0034F8
__ptext18                                     text18       00369C
__ptext19                                     text19       003CDE
__ptext2                                      text2        00394A
__ptext20                                     text20       003CEC
__ptext21                                     text21       003CFA
__ptext22                                     text22       00371A
__ptext23                                     text23       003C5C
__ptext24                                     text24       003C70
__ptext25                                     text25       0039B6
__ptext26                                     text26       003772
__ptext27                                     text27       003910
__ptext28                                     text28       003D56
__ptext29                                     text29       003D5C
__ptext3                                      text3        003982
__ptext30                                     text30       003D12
__ptext31                                     text31       003D1A
__ptext32                                     text32       003AD0
__ptext33                                     text33       003B6C
__ptext34                                     text34       003588
__ptext35                                     text35       003AFA
__ptext36                                     text36       003D62
__ptext37                                     text37       003D22
__ptext38                                     text38       003D68
__ptext39                                     text39       003B20
__ptext4                                      text4        003854
__ptext40                                     text40       003D6E
__ptext41                                     text41       003D2A
__ptext42                                     text42       003D32
__ptext43                                     text43       003B46
__ptext44                                     text44       003D74
__ptext45                                     text45       003D08
__ptext46                                     text46       003D3A
__ptext47                                     text47       0031F0
__ptext48                                     text48       003D42
__ptext49                                     text49       003BEE
__ptext5                                      text5        002DF8
__ptext50                                     text50       003C04
__ptext51                                     text51       003C1A
__ptext52                                     text52       003C30
__ptext53                                     text53       003C46
__ptext54                                     text54       0038D2
__ptext55                                     text55       003C84
__ptext56                                     text56       003CC0
__ptext57                                     text57       003C98
__ptext58                                     text58       003D7A
__ptext59                                     text59       003CAC
__ptext6                                      text6        0026E2
__ptext60                                     text60       003D80
__ptext61                                     text61       003B90
__ptext62                                     text62       0039E6
__ptext63                                     text63       003D82
__ptext64                                     text64       003BA8
__ptext65                                     text65       003A16
__ptext66                                     text66       003D84
__ptext67                                     text67       003BC0
__ptext68                                     text68       003A46
__ptext69                                     text69       003D86
__ptext7                                      text7        0030C6
__ptext70                                     text70       0037C0
__ptext71                                     text71       003D88
__ptext72                                     text72       003616
__ptext8                                      text8        002F68
__ptext9                                      text9        0033A2
__ramtop                                      ramtop       002600
__smallconst                                  smallconst   002600
_bcd_numbers                                  bssCOMRAM    000512
_bcd_numbers_recieved                         bssCOMRAM    00052D
_clock_init                                   text6        0026E2
_clock_init$1631                              cstackBANK5  000562
_clock_init$1632                              cstackBANK5  000564
_clock_init$1633                              cstackBANK5  000566
_clock_init$1634                              cstackBANK5  000568
_clock_init$1635                              cstackBANK5  00056A
_clock_init$1636                              cstackBANK5  00056C
_clock_init$1638                              cstackBANK5  00056E
_clock_init$1639                              cstackBANK5  000570
_clock_init$1640                              cstackBANK5  000572
_clock_init$1641                              cstackBANK5  000574
_clock_init$1642                              cstackBANK5  000576
_clock_init$1643                              cstackBANK5  000578
_display_controll                             text5        002DF8
_display_digit                                text8        002F68
_i2c1Status                                   bssCOMRAM    000501
_in_setup_mode                                bssBANK5     000587
_main                                         text0        0032E0
_memset                                       text2        00394A
_ms_counter                                   bssCOMRAM    000522
_ms_sync_counter                              bssCOMRAM    00050E
_numbers                                      smallconst   002690
_numbers_DP                                   smallconst   002640
_numbers_out                                  bssBANK5     000588
_payload                                      bssCOMRAM    000529
_pin_init                                     text4        003854
_process_data_from_RTC                        text3        003982
_refresh_setup_display                        text7        0030C6
_sys_clock                                    bssCOMRAM    000528
_system_clock                                 text1        003450
_timer                                        text72       003616
_tmr0PeriodCount                              bssCOMRAM    000524
_waiting_for_data                             bssCOMRAM    000526
clock_init@d                                  cstackBANK5  00057C
clock_init@d_1644                             cstackBANK5  00057E
clock_init@hold_button_time                   cstackBANK5  000580
clock_init@numbers_out                        cstackCOMRAM 00054A
clock_init@selected_digit                     cstackBANK5  000582
clock_init@theshold                           cstackBANK5  00057A
clock_init@timeout                            cstackBANK5  000560
display_controll@i                            cstackBANK5  000584
display_digit@segments                        cstackCOMRAM 00053E
end_of_initialization                         cinit        003ACA
i2I2C1_AddrTransmit@addr                      cstackCOMRAM 000531
i2I2C1_CounterSet@counter                     cstackCOMRAM 000532
i2_I2C1_AddrTransmit                          text42       003D32
i2_I2C1_CounterSet                            text41       003D2A
i2_I2C1_InterruptsEnable                      text55       003C84
i2_I2C1_StartSend                             text40       003D6E
intlevel0                                     text         000000
intlevel1                                     text         000000
intlevel2                                     text         000000
intlevel3                                     text         000000
isa$std                                       (abs)        000001
isa$xinst                                     (abs)        000000
ivt0x8_base                                   ivt0x8       000008
ivt0x8_undefint                               ivt0x8       000100
memset@c                                      cstackCOMRAM 000540
memset@dest                                   cstackCOMRAM 00053E
memset@n                                      cstackCOMRAM 000542
memset@p                                      cstackCOMRAM 000544
refresh_setup_display@current_segments        cstackCOMRAM 000549
refresh_setup_display@i                       cstackCOMRAM 000547
refresh_setup_display@numbers_out             cstackCOMRAM 000543
refresh_setup_display@selected_digit          cstackCOMRAM 000541
stackhi                                       (abs)        000000
stacklo                                       (abs)        000000
start                                         init         000102
start_initialization                          cinit        003AA4


MODULE INFORMATION

Module		Function		Class		Link	Load	Size
/home/nontoxiccat/Desktop/KiCad projects/Rocnikovy_Projekt_S3E/Hodiny/My_MCC_Config/mcc/mcc_generated_files/i2c_host/src/i2c1.c
		_I2C1_CallbackRegister		CODE           	3B6C	0000	34
		_I2C1_RX_ISR   		CODE           	3C98	0000	20
		_I2C1_InterruptsEnable		CODE           	3C5C	0000	20
		_I2C1_WriteStart		CODE           	3910	0000	58
		_I2C1_CounterGet		CODE           	3D68	0000	6
		_I2C1_CounterSet		CODE           	3D12	0000	8
		_I2C1_ReadStart		CODE           	3B20	0000	38
		_I2C1_InterruptsClear		CODE           	3D74	0000	6
		_I2C1_RestartEnable		CODE           	3D5C	0000	6
		_I2C1_ISR      		CODE           	3588	0000	142
		_I2C1_DataReceive		CODE           	3D7A	0000	6
		_I2C1_IsData   		CODE           	3C04	0000	22
		_I2C1_IsNack   		CODE           	3BEE	0000	22
		_I2C1_IsAddr   		CODE           	3C46	0000	22
		_I2C1_IsBusy   		CODE           	3AD0	0000	42
		_I2C1_InterruptsDisable		CODE           	3CC0	0000	16
		_I2C1_BufferClear		CODE           	3D3A	0000	8
		_I2C1_BusReset 		CODE           	38D2	0000	62
		_I2C1_Initialize		CODE           	371A	0000	88
		_I2C1_Close    		CODE           	3B46	0000	38
		_I2C1_IsBusCol 		CODE           	3C30	0000	22
		_I2C1_ERROR_ISR		CODE           	31F0	0000	240
		_I2C1_Write    		CODE           	380C	0000	72
		_I2C1_ErrorFlagsClear		CODE           	3D08	0000	10
		_I2C1_TX_ISR   		CODE           	3CAC	0000	20
		_I2C1_StopSend 		CODE           	3AFA	0000	38
		_I2C1_RestartDisable		CODE           	3D62	0000	6
		_I2C1_DataTransmit		CODE           	3D22	0000	8
		_I2C1_AddrTransmit		CODE           	3D1A	0000	8
		_I2C1_IsBusTimeOut		CODE           	3C1A	0000	22
		_I2C1_WriteRead		CODE           	3772	0000	76
		_I2C1_StartSend		CODE           	3D56	0000	6

/home/nontoxiccat/Desktop/KiCad projects/Rocnikovy_Projekt_S3E/Hodiny/My_MCC_Config/mcc/mcc_generated_files/i2c_host/src/i2c1.c estimated size: 1192

/opt/microchip/xc8/v3.10/pic/sources/c99/common/memset.c
		_memset        		CODE           	394A	0000	56

/opt/microchip/xc8/v3.10/pic/sources/c99/common/memset.c estimated size: 56

/home/nontoxiccat/Desktop/KiCad projects/Rocnikovy_Projekt_S3E/Hodiny/My_MCC_Config/mcc/mcc_generated_files/system/src/pins.c
		_PIN_MANAGER_Initialize		CODE           	34F8	0000	142

/home/nontoxiccat/Desktop/KiCad projects/Rocnikovy_Projekt_S3E/Hodiny/My_MCC_Config/mcc/mcc_generated_files/system/src/pins.c estimated size: 142

/home/nontoxiccat/Desktop/KiCad projects/Rocnikovy_Projekt_S3E/Hodiny/My_MCC_Config/mcc/mcc_generated_files/timer/src/tmr0.c
		_TMR0_OverflowCallbackRegister		CODE           	3CD0	0000	14
		_TMR0_DefaultOverflowCallback		CODE           	3D88	0000	2
		_TMR0_ISR      		CODE           	37C0	0000	76
		_TMR0_Initialize		CODE           	3A76	0000	46
		_TMR0_Stop     		CODE           	3D50	0000	6
		_TMR0_Start    		CODE           	3D4A	0000	6

/home/nontoxiccat/Desktop/KiCad projects/Rocnikovy_Projekt_S3E/Hodiny/My_MCC_Config/mcc/mcc_generated_files/timer/src/tmr0.c estimated size: 150

/home/nontoxiccat/Desktop/KiCad projects/Rocnikovy_Projekt_S3E/Hodiny/clock_config.h
		_pin_init      		CODE           	3854	0000	64

/home/nontoxiccat/Desktop/KiCad projects/Rocnikovy_Projekt_S3E/Hodiny/clock_config.h estimated size: 64

/home/nontoxiccat/Desktop/KiCad projects/Rocnikovy_Projekt_S3E/Hodiny/My_MCC_Config/mcc/mcc_generated_files/system/src/interrupt.c
		_INT0_SetInterruptHandler		CODE           	3CFA	0000	14
		_INT1_SetInterruptHandler		CODE           	3CEC	0000	14
		_INT2_SetInterruptHandler		CODE           	3CDE	0000	14
		_INTERRUPT_Initialize		CODE           	369C	0000	126
		_INT0_DefaultInterruptHandler		CODE           	3D82	0000	2
		_INT0_CallBack 		CODE           	39E6	0000	48
		_INT1_DefaultInterruptHandler		CODE           	3D84	0000	2
		_INT1_CallBack 		CODE           	3A16	0000	48
		_INT2_DefaultInterruptHandler		CODE           	3D86	0000	2
		_INT2_CallBack 		CODE           	3A46	0000	48
		_Default_ISR   		CODE           	3D80	0000	2
		_INT0_ISR      		CODE           	3B90	0000	24
		_INT1_ISR      		CODE           	3BA8	0000	24
		_INT2_ISR      		CODE           	3BC0	0000	24

/home/nontoxiccat/Desktop/KiCad projects/Rocnikovy_Projekt_S3E/Hodiny/My_MCC_Config/mcc/mcc_generated_files/system/src/interrupt.c estimated size: 392

/opt/microchip/xc8/v3.10/pic/sources/c99/common/awmod.c
		___awmod       		CODE           	33A2	0000	174

/opt/microchip/xc8/v3.10/pic/sources/c99/common/awmod.c estimated size: 174

shared
		i2_I2C1_CounterSet		CODE           	3D2A	0000	8
		i2_I2C1_InterruptsEnable		CODE           	3C84	0000	20
		i2_I2C1_AddrTransmit		CODE           	3D32	0000	8
		__initialization		CODE           	3AA4	0000	38
		_I2C1_Host     		SMALLCONST     	2622	0000	30
		_numbers       		SMALLCONST     	2690	0000	80
		_numbers_DP    		SMALLCONST     	2640	0000	80
		_Timer0        		SMALLCONST     	2601	0000	33
		i2_I2C1_StartSend		CODE           	3D6E	0000	6

shared estimated size: 303

/home/nontoxiccat/Desktop/KiCad projects/Rocnikovy_Projekt_S3E/Hodiny/My_MCC_Config/mcc/mcc_generated_files/system/src/clock.c
		_CLOCK_Initialize		CODE           	3C70	0000	20

/home/nontoxiccat/Desktop/KiCad projects/Rocnikovy_Projekt_S3E/Hodiny/My_MCC_Config/mcc/mcc_generated_files/system/src/clock.c estimated size: 20

/home/nontoxiccat/Desktop/KiCad projects/Rocnikovy_Projekt_S3E/Hodiny/main.c
		_clock_init    		CODE           	26E2	0000	1814
		_WRITE_RTC     		CODE           	3894	0000	62
		_system_clock  		CODE           	3450	0000	168
		_main          		CODE           	32E0	0000	194
		_display_digit 		CODE           	2F68	0000	350
		_display_controll		CODE           	2DF8	0000	368
		_READ_RTC      		CODE           	39B6	0000	48
		_timer         		CODE           	3616	0000	134
		_My_I2C1_Interrupt		CODE           	3D42	0000	8
		_refresh_setup_display		CODE           	30C6	0000	296
		_process_data_from_RTC		CODE           	3982	0000	52

/home/nontoxiccat/Desktop/KiCad projects/Rocnikovy_Projekt_S3E/Hodiny/main.c estimated size: 3494

/home/nontoxiccat/Desktop/KiCad projects/Rocnikovy_Projekt_S3E/Hodiny/My_MCC_Config/mcc/mcc_generated_files/system/src/system.c
		_SYSTEM_Initialize		CODE           	3BD8	0000	22

/home/nontoxiccat/Desktop/KiCad projects/Rocnikovy_Projekt_S3E/Hodiny/My_MCC_Config/mcc/mcc_generated_files/system/src/system.c estimated size: 22

