Microchip MPLAB XC8 Compiler V3.10

Linker command line:

-W-3 --edf=/opt/microchip/xc8/v3.10/pic/dat/20250813170317_en.msgs \
  -pivt0x8=08h -cn \
  -h+/home/nontoxiccat/Desktop/KiCad projects/Rocnikovy_Projekt_S3E/Hodiny/out/Hodiny/default.sym \
  --cmf=/home/nontoxiccat/Desktop/KiCad projects/Rocnikovy_Projekt_S3E/Hodiny/out/Hodiny/default.cmf \
  -z -Q18F47Q43 -o/tmp/xcXbGkMME/driver_tmp_3.o --defsym=__MPLAB_BUILD=1 \
  --fixupoverflow=error -Mmem.map --md=/tmp/xcXbGkMME/driver_tmp_0.dat -E1 \
  -ver=XC8 Compiler -ACODE=00h-01FFFFh -ACONST=00h-01FFFFh \
  -ASMALLCONST=02600h-026FFhx218,012600h-0126FFhx218 \
  -AMEDIUMCONST=02600h-0FFFFh,012600h-01FFFFh -ACOMRAM=0501h-055Fh \
  -AABS1=0500h-024FFh -ABIGRAM=0501h-024FFh \
  -ARAM=0560h-05FFh,0600h-06FFhx31 -ABANK5=0560h-05FFh -ABANK6=0600h-06FFh \
  -ABANK7=0700h-07FFh -ABANK8=0800h-08FFh -ABANK9=0900h-09FFh \
  -ABANK10=0A00h-0AFFh -ABANK11=0B00h-0BFFh -ABANK12=0C00h-0CFFh \
  -ABANK13=0D00h-0DFFh -ABANK14=0E00h-0EFFh -ABANK15=0F00h-0FFFh \
  -ABANK16=01000h-010FFh -ABANK17=01100h-011FFh -ABANK18=01200h-012FFh \
  -ABANK19=01300h-013FFh -ABANK20=01400h-014FFh -ABANK21=01500h-015FFh \
  -ABANK22=01600h-016FFh -ABANK23=01700h-017FFh -ABANK24=01800h-018FFh \
  -ABANK25=01900h-019FFh -ABANK26=01A00h-01AFFh -ABANK27=01B00h-01BFFh \
  -ABANK28=01C00h-01CFFh -ABANK29=01D00h-01DFFh -ABANK30=01E00h-01EFFh \
  -ABANK31=01F00h-01FFFh -ABANK32=02000h-020FFh -ABANK33=02100h-021FFh \
  -ABANK34=02200h-022FFh -ABANK35=02300h-023FFh -ABANK36=02400h-024FFh \
  -ASFR=00h-0FFhx4,0400h-045Fh,0460h-04FFh,02500h-025FFh \
  -ABIGSFR=00h-04FFh,02500h-025FFh -ACONFIG=0300000h-0300011h \
  -AIDLOC=0200000h-020003Fh -AEEDATA=0380000h-03803FFh -peeprom_data=EEDATA \
  -preset_vec=00h -ppowerup=CODE,init -pramtop=02600h \
  -psmallconst=SMALLCONST -pmediumconst=MEDIUMCONST -pconst=CONST \
  -AFARRAM=00h-00h \
  -prdata=COMRAM,nvrram=COMRAM,nvbit=COMRAM,rbss=COMRAM,rbit=COMRAM \
  -pfarbss=FARRAM,fardata=FARRAM,nvFARRAM=FARRAM \
  -pintsave_regs=BIGRAM,bigbss=BIGRAM,bigdata=BIGRAM -pbss=RAM \
  -pidata=CODE,irdata=CODE,ibigdata=CODE,ifardata=CODE -prparam=COMRAM \
  /tmp/xcXbGkMME/driver_tmp_9.o \
  /home/nontoxiccat/Desktop/KiCad projects/Rocnikovy_Projekt_S3E/Hodiny/out/Hodiny/default.o 

Object code version is 3.11

Machine type is 18F47Q43



                Name                               Link     Load   Length Selector   Space Scale
/tmp/xcXbGkMME/driver_tmp_9.o
                config                           300000   300000        A        0       4
                init                                 1A       1A        4        4       0
                reset_vec                             0        0        4        0       0
/home/nontoxiccat/Desktop/KiCad projects/Rocnikovy_Projekt_S3E/Hodiny/out/Hodiny/default.o
                config                           300000   300000        A        0       4
                smallconst                         2600     2600       20     1300       0
                ivt0x8                                8        8       12        4       0
                text36                             2DFE     2DFE        8     1310       0
                text35                             2DDC     2DDC        A     1310       0
                text34                             2E1E     2E1E        6     1310       0
                text33                             2DA2     2DA2       10     1310       0
                text32                             2D7C     2D7C       14     1310       0
                text31                             2C14     2C14       38     1310       0
                text30                             2D16     2D16       16     1310       0
                text29                             2D00     2D00       16     1310       0
                text28                             2CEA     2CEA       16     1310       0
                text27                             2CD4     2CD4       16     1310       0
                text26                             2CBE     2CBE       16     1310       0
                text25                             2E18     2E18        6     1310       0
                text24                             2DF6     2DF6        8     1310       0
                text23                             2DEE     2DEE        8     1310       0
                text22                             2E12     2E12        6     1310       0
                text21                             2C98     2C98       26     1310       0
                text20                             2840     2840       B8     1310       0
                text19                             2C72     2C72       26     1310       0
                text18                             2DE6     2DE6        8     1310       0
                text17                             2E0C     2E0C        6     1310       0
                text16                             2C4C     2C4C       26     1310       0
                text15                             2AB4     2AB4       8E     1310       0
                text14                             2E06     2E06        6     1310       0
                text13                             2D68     2D68       14     1310       0
                text12                             2D54     2D54       14     1310       0
                text11                             2A26     2A26       8E     1310       0
                text10                             2D40     2D40       14     1310       0
                text9                              2D2C     2D2C       14     1310       0
                text8                              2B42     2B42       52     1310       0
                text7                              2DCE     2DCE        E     1310       0
                text6                              2DC0     2DC0        E     1310       0
                text5                              2DB2     2DB2        E     1310       0
                text4                              2BD4     2BD4       40     1310       0
                text3                              2998     2998       8E     1310       0
                text2                              2D90     2D90       12     1310       0
                text1                              2620     2620      112     1310       0
                text0                              2732     2732      10E     1310       0
                cstackCOMRAM                        51A      51A        6      501       1
                cstackBANK6                         600      600       A2      600       1
                dataBANK5                           560      560       A0      560       1
                bssCOMRAM                           501      501       19      501       1
                cinit                              2B94     2B94       40     1310       0
                idataBANK5                         28F8     28F8       A0     1310       0

TOTAL           Name                               Link     Load   Length     Space
        CLASS   CODE           
                init                                 1A       1A        4         0
                reset_vec                             0        0        4         0
                ivt0x8                                8        8       12         0
                text36                             2DFE     2DFE        8         0
                text35                             2DDC     2DDC        A         0
                text34                             2E1E     2E1E        6         0
                text33                             2DA2     2DA2       10         0
                text32                             2D7C     2D7C       14         0
                text31                             2C14     2C14       38         0
                text30                             2D16     2D16       16         0
                text29                             2D00     2D00       16         0
                text28                             2CEA     2CEA       16         0
                text27                             2CD4     2CD4       16         0
                text26                             2CBE     2CBE       16         0
                text25                             2E18     2E18        6         0
                text24                             2DF6     2DF6        8         0
                text23                             2DEE     2DEE        8         0
                text22                             2E12     2E12        6         0
                text21                             2C98     2C98       26         0
                text20                             2840     2840       B8         0
                text19                             2C72     2C72       26         0
                text18                             2DE6     2DE6        8         0
                text17                             2E0C     2E0C        6         0
                text16                             2C4C     2C4C       26         0
                text15                             2AB4     2AB4       8E         0
                text14                             2E06     2E06        6         0
                text13                             2D68     2D68       14         0
                text12                             2D54     2D54       14         0
                text11                             2A26     2A26       8E         0
                text10                             2D40     2D40       14         0
                text9                              2D2C     2D2C       14         0
                text8                              2B42     2B42       52         0
                text7                              2DCE     2DCE        E         0
                text6                              2DC0     2DC0        E         0
                text5                              2DB2     2DB2        E         0
                text4                              2BD4     2BD4       40         0
                text3                              2998     2998       8E         0
                text2                              2D90     2D90       12         0
                text1                              2620     2620      112         0
                text0                              2732     2732      10E         0
                cinit                              2B94     2B94       40         0
                idataBANK5                         28F8     28F8       A0         0

        CLASS   CONST          

        CLASS   SMALLCONST     
                smallconst                         2600     2600       20         0

        CLASS   MEDIUMCONST    

        CLASS   COMRAM         
                cstackCOMRAM                        51A      51A        6         1
                bssCOMRAM                           501      501       19         1

        CLASS   ABS1           

        CLASS   BIGRAM         

        CLASS   RAM            

        CLASS   BANK5          
                dataBANK5                           560      560       A0         1

        CLASS   BANK6          
                cstackBANK6                         600      600       A2         1

        CLASS   BANK7          

        CLASS   BANK8          

        CLASS   BANK9          

        CLASS   BANK10         

        CLASS   BANK11         

        CLASS   BANK12         

        CLASS   BANK13         

        CLASS   BANK14         

        CLASS   BANK15         

        CLASS   BANK16         

        CLASS   BANK17         

        CLASS   BANK18         

        CLASS   BANK19         

        CLASS   BANK20         

        CLASS   BANK21         

        CLASS   BANK22         

        CLASS   BANK23         

        CLASS   BANK24         

        CLASS   BANK25         

        CLASS   BANK26         

        CLASS   BANK27         

        CLASS   BANK28         

        CLASS   BANK29         

        CLASS   BANK30         

        CLASS   BANK31         

        CLASS   BANK32         

        CLASS   BANK33         

        CLASS   BANK34         

        CLASS   BANK35         

        CLASS   BANK36         

        CLASS   SFR            

        CLASS   BIGSFR         

        CLASS   CONFIG         
                config                           300000   300000        A         4

        CLASS   IDLOC          

        CLASS   EEDATA         

        CLASS   FARRAM         

        CLASS   HEAP           

        CLASS   STACK          



SEGMENTS        Name                           Load    Length   Top    Selector   Space  Class

                reset_vec                      000000  000004  000004         0       0  CODE    
                text1                          002620  000804  002E24      1310       0  CODE    
                ivt0x8                         000008  000016  00001E         4       0  CODE    
                cstackBANK6                    000600  0000A2  0006A2       600       1  BANK6   
                dataBANK5                      000560  0000A0  000600       560       1  BANK5   
                smallconst                     002600  000020  002620      1300       0  SMALLCON
                bssCOMRAM                      000501  00001F  000520       501       1  COMRAM  


UNUSED ADDRESS RANGES

        Name                Unused          Largest block    Delta
        BANK10           000A00-000AFF              100
        BANK11           000B00-000BFF              100
        BANK12           000C00-000CFF              100
        BANK13           000D00-000DFF              100
        BANK14           000E00-000EFF              100
        BANK15           000F00-000FFF              100
        BANK16           001000-0010FF              100
        BANK17           001100-0011FF              100
        BANK18           001200-0012FF              100
        BANK19           001300-0013FF              100
        BANK20           001400-0014FF              100
        BANK21           001500-0015FF              100
        BANK22           001600-0016FF              100
        BANK23           001700-0017FF              100
        BANK24           001800-0018FF              100
        BANK25           001900-0019FF              100
        BANK26           001A00-001AFF              100
        BANK27           001B00-001BFF              100
        BANK28           001C00-001CFF              100
        BANK29           001D00-001DFF              100
        BANK30           001E00-001EFF              100
        BANK31           001F00-001FFF              100
        BANK32           002000-0020FF              100
        BANK33           002100-0021FF              100
        BANK34           002200-0022FF              100
        BANK35           002300-0023FF              100
        BANK36           002400-0024FF              100
        BANK6            0006A2-0006FF               5E
        BANK7            000700-0007FF              100
        BANK8            000800-0008FF              100
        BANK9            000900-0009FF              100
        BIGRAM           000520-00055F               40
                         0006A2-0024FF             1E5E
        BIGSFR           000000-0004FF              500
                         002500-0025FF              100
        CODE             000004-000007                4
                         00001E-0025FF             25E2
                         002E24-01FFFF            1D1DC
        COMRAM           000520-00055F               40
        CONFIG           30000A-300011                8
        CONST            000004-000007                4
                         00001E-0025FF             25E2
                         002E24-01FFFF            1D1DC
        EEDATA           380000-3803FF              400
        IDLOC            200000-20003F               40
        MEDIUMCONST      002E24-00FFFF             D1DC
                         012600-01FFFF             DA00
        RAM              0006A2-0024FF              100
        SFR              000000-0004FF              100
                         002500-0025FF              100
        SMALLCONST       002E24-00FFFF              100
                         012600-01FFFF              100

                                  Symbol Table

I2C1_AddrTransmit@addr                    cstackCOMRAM 00051A
I2C1_CounterSet@counter                   cstackCOMRAM 00051A
I2C1_DataTransmit@data                    cstackCOMRAM 00051A
INT0_SetInterruptHandler@InterruptHandler cstackCOMRAM 00051B
INT1_SetInterruptHandler@InterruptHandler cstackCOMRAM 00051B
INT2_SetInterruptHandler@InterruptHandler cstackCOMRAM 00051B
IVTBASEH                                  (abs)        00045E
IVTBASEL                                  (abs)        00045D
IVTBASEU                                  (abs)        00045F
_ACTCON                                   (abs)        0000AC
_ANSELA                                   (abs)        000400
_ANSELB                                   (abs)        000408
_ANSELC                                   (abs)        000410
_ANSELD                                   (abs)        000418
_ANSELE                                   (abs)        000420
_CLOCK_Initialize                         text10       002D40
_I2C1ADB1                                 (abs)        00028F
_I2C1CLK                                  (abs)        00029C
_I2C1CNT                                  (abs)        00028D
_I2C1CON0                                 (abs)        000294
_I2C1CON0bits                             (abs)        000294
_I2C1CON1                                 (abs)        000295
_I2C1CON1bits                             (abs)        000295
_I2C1CON2                                 (abs)        000296
_I2C1ERR                                  (abs)        000297
_I2C1ERRbits                              (abs)        000297
_I2C1PIE                                  (abs)        00029B
_I2C1PIEbits                              (abs)        00029B
_I2C1PIR                                  (abs)        00029A
_I2C1PIRbits                              (abs)        00029A
_I2C1RXB                                  (abs)        00028B
_I2C1SCLPPS                               (abs)        000271
_I2C1SDAPPS                               (abs)        000270
_I2C1STAT0bits                            (abs)        000298
_I2C1STAT1                                (abs)        000299
_I2C1STAT1bits                            (abs)        000299
_I2C1TXB                                  (abs)        00028C
_I2C1_AddrTransmit                        text18       002DE6
_I2C1_BufferClear                         text36       002DFE
_I2C1_BusReset                            text31       002C14
_I2C1_Callback                            bssCOMRAM    000517
_I2C1_CallbackRegister                    (abs)        000000
_I2C1_Close                               text19       002C72
_I2C1_CounterGet                          text25       002E18
_I2C1_CounterSet                          text24       002DF6
_I2C1_DataReceive                         text14       002E06
_I2C1_DataTransmit                        text23       002DEE
_I2C1_Deinitialize                        (abs)        000000
_I2C1_ERROR_ISR                           text20       002840
_I2C1_ErrorFlagsClear                     text35       002DDC
_I2C1_ErrorGet                            (abs)        000000
_I2C1_Host                                smallconst   002601
_I2C1_ISR                                 text15       002AB4
_I2C1_Initialize                          text8        002B42
_I2C1_InterruptsClear                     text34       002E1E
_I2C1_InterruptsDisable                   text33       002DA2
_I2C1_InterruptsEnable                    text9        002D2C
_I2C1_IsAddr                              text30       002D16
_I2C1_IsBusCol                            text29       002D00
_I2C1_IsBusTimeOut                        text28       002CEA
_I2C1_IsBusy                              (abs)        000000
_I2C1_IsData                              text27       002CD4
_I2C1_IsNack                              text26       002CBE
_I2C1_RX_ISR                              text13       002D68
_I2C1_Read                                (abs)        000000
_I2C1_ReadStart                           text16       002C4C
_I2C1_RestartDisable                      text22       002E12
_I2C1_StartSend                           text17       002E0C
_I2C1_StopSend                            text21       002C98
_I2C1_TX_ISR                              text12       002D54
_I2C1_Write                               (abs)        000000
_I2C1_WriteRead                           (abs)        000000
_INLVLA                                   (abs)        000404
_INLVLB                                   (abs)        00040C
_INLVLC                                   (abs)        000414
_INLVLD                                   (abs)        00041C
_INLVLE                                   (abs)        000424
_INT0_DefaultInterruptHandler             (abs)        000000
_INT0_InterruptHandler                    bssCOMRAM    000514
_INT0_SetInterruptHandler                 text7        002DCE
_INT1_DefaultInterruptHandler             (abs)        000000
_INT1_InterruptHandler                    bssCOMRAM    000511
_INT1_SetInterruptHandler                 text6        002DC0
_INT2_DefaultInterruptHandler             (abs)        000000
_INT2_InterruptHandler                    bssCOMRAM    00050E
_INT2_SetInterruptHandler                 text5        002DB2
_INTCON0bits                              (abs)        0004D6
_INTERRUPT_Initialize                     text4        002BD4
_INTERRUPT_InterruptManager               text11       002A26
_IOCAF                                    (abs)        000407
_IOCAN                                    (abs)        000406
_IOCAP                                    (abs)        000405
_IOCBF                                    (abs)        00040F
_IOCBN                                    (abs)        00040E
_IOCBP                                    (abs)        00040D
_IOCCF                                    (abs)        000417
_IOCCN                                    (abs)        000416
_IOCCP                                    (abs)        000415
_IOCEF                                    (abs)        000427
_IOCEN                                    (abs)        000426
_IOCEP                                    (abs)        000425
_LATA                                     (abs)        0004BE
_LATB                                     (abs)        0004BF
_LATBbits                                 (abs)        0004BF
_LATC                                     (abs)        0004C0
_LATCbits                                 (abs)        0004C0
_LATD                                     (abs)        0004C1
_LATDbits                                 (abs)        0004C1
_LATE                                     (abs)        0004C2
_ODCONA                                   (abs)        000402
_ODCONB                                   (abs)        00040A
_ODCONC                                   (abs)        000412
_ODCOND                                   (abs)        00041A
_ODCONE                                   (abs)        000422
_OSCCON1                                  (abs)        0000AD
_OSCCON3                                  (abs)        0000AF
_OSCEN                                    (abs)        0000B3
_OSCFRQ                                   (abs)        0000B1
_OSCTUNE                                  (abs)        0000B0
_PIE7bits                                 (abs)        0004A5
_PIN_MANAGER_Initialize                   text3        002998
_PIR10bits                                (abs)        0004B8
_PIR1bits                                 (abs)        0004AF
_PIR6bits                                 (abs)        0004B4
_PIR7bits                                 (abs)        0004B5
_RB1I2C                                   (abs)        000289
_RB2I2C                                   (abs)        000288
_RC3I2C                                   (abs)        000287
_RC3PPS                                   (abs)        000214
_RC4I2C                                   (abs)        000286
_RC4PPS                                   (abs)        000215
_SLRCONA                                  (abs)        000403
_SLRCONB                                  (abs)        00040B
_SLRCONC                                  (abs)        000413
_SLRCOND                                  (abs)        00041B
_SLRCONE                                  (abs)        000423
_SYSTEM_Initialize                        text2        002D90
_TRISA                                    (abs)        0004C6
_TRISB                                    (abs)        0004C7
_TRISBbits                                (abs)        0004C7
_TRISC                                    (abs)        0004C8
_TRISCbits                                (abs)        0004C8
_TRISD                                    (abs)        0004C9
_TRISDbits                                (abs)        0004C9
_TRISE                                    (abs)        0004CA
_WPUA                                     (abs)        000401
_WPUB                                     (abs)        000409
_WPUC                                     (abs)        000411
_WPUD                                     (abs)        000419
_WPUE                                     (abs)        000421
__HRAM                                    (abs)        000000
__H__absolute__                           __absolute__ 000000
__Habs1                                   abs1         000000
__Hbank10                                 bank10       000000
__Hbank11                                 bank11       000000
__Hbank12                                 bank12       000000
__Hbank13                                 bank13       000000
__Hbank14                                 bank14       000000
__Hbank15                                 bank15       000000
__Hbank16                                 bank16       000000
__Hbank17                                 bank17       000000
__Hbank18                                 bank18       000000
__Hbank19                                 bank19       000000
__Hbank20                                 bank20       000000
__Hbank21                                 bank21       000000
__Hbank22                                 bank22       000000
__Hbank23                                 bank23       000000
__Hbank24                                 bank24       000000
__Hbank25                                 bank25       000000
__Hbank26                                 bank26       000000
__Hbank27                                 bank27       000000
__Hbank28                                 bank28       000000
__Hbank29                                 bank29       000000
__Hbank30                                 bank30       000000
__Hbank31                                 bank31       000000
__Hbank32                                 bank32       000000
__Hbank33                                 bank33       000000
__Hbank34                                 bank34       000000
__Hbank35                                 bank35       000000
__Hbank36                                 bank36       000000
__Hbank5                                  bank5        000000
__Hbank6                                  bank6        000000
__Hbank7                                  bank7        000000
__Hbank8                                  bank8        000000
__Hbank9                                  bank9        000000
__Hbigbss                                 bigbss       000000
__Hbigdata                                bigdata      000000
__Hbigram                                 bigram       000000
__Hbigsfr                                 bigsfr       000000
__Hbss                                    bss          000000
__HbssCOMRAM                              bssCOMRAM    000000
__Hcinit                                  cinit        000000
__Hclrtext                                clrtext      000000
__Hcomram                                 comram       000000
__Hconfig                                 config       30000A
__Hconst                                  const        000000
__HcstackBANK6                            cstackBANK6  000000
__HcstackCOMRAM                           cstackCOMRAM 000000
__Hdata                                   data         000000
__HdataBANK5                              dataBANK5    000000
__Heeprom_data                            eeprom_data  000000
__Hfarbss                                 farbss       000000
__Hfardata                                fardata      000000
__Hheap                                   heap         000000
__Hibigdata                               ibigdata     000000
__Hidata                                  idata        000000
__HidataBANK5                             idataBANK5   000000
__Hidloc                                  idloc        000000
__Hifardata                               ifardata     000000
__Hinit                                   init         00001E
__Hintsave_regs                           intsave_regs 000000
__Hirdata                                 irdata       000000
__Hivt0x8                                 ivt0x8       00001A
__Hmediumconst                            mediumconst  000000
__HnvFARRAM                               nvFARRAM     000000
__Hnvbit                                  nvbit        000000
__Hnvrram                                 nvrram       000000
__Hparam                                  rparam       000000
__Hpowerup                                powerup      000000
__Hram                                    ram          000000
__Hramtop                                 ramtop       002600
__Hrbit                                   rbit         000000
__Hrbss                                   rbss         000000
__Hrdata                                  rdata        000000
__Hreset_vec                              reset_vec    000004
__Hrparam                                 rparam       000000
__Hsfr                                    sfr          000000
__Hsmallconst                             smallconst   002620
__Hspace_0                                (abs)        002E24
__Hspace_1                                (abs)        0006A2
__Hspace_2                                (abs)        000000
__Hspace_4                                (abs)        60000A
__Hstack                                  stack        000000
__Hstruct                                 struct       000000
__Htemp                                   temp         000000
__Htext                                   text         000000
__Htext0                                  text0        000000
__Htext1                                  text1        000000
__Htext10                                 text10       000000
__Htext11                                 text11       000000
__Htext12                                 text12       000000
__Htext13                                 text13       000000
__Htext14                                 text14       000000
__Htext15                                 text15       000000
__Htext16                                 text16       000000
__Htext17                                 text17       000000
__Htext18                                 text18       000000
__Htext19                                 text19       000000
__Htext2                                  text2        000000
__Htext20                                 text20       000000
__Htext21                                 text21       000000
__Htext22                                 text22       000000
__Htext23                                 text23       000000
__Htext24                                 text24       000000
__Htext25                                 text25       000000
__Htext26                                 text26       000000
__Htext27                                 text27       000000
__Htext28                                 text28       000000
__Htext29                                 text29       000000
__Htext3                                  text3        000000
__Htext30                                 text30       000000
__Htext31                                 text31       000000
__Htext32                                 text32       000000
__Htext33                                 text33       000000
__Htext34                                 text34       000000
__Htext35                                 text35       000000
__Htext36                                 text36       000000
__Htext4                                  text4        000000
__Htext5                                  text5        000000
__Htext6                                  text6        000000
__Htext7                                  text7        000000
__Htext8                                  text8        000000
__Htext9                                  text9        000000
__LRAM                                    (abs)        000001
__L__absolute__                           __absolute__ 000000
__Labs1                                   abs1         000000
__Lbank10                                 bank10       000000
__Lbank11                                 bank11       000000
__Lbank12                                 bank12       000000
__Lbank13                                 bank13       000000
__Lbank14                                 bank14       000000
__Lbank15                                 bank15       000000
__Lbank16                                 bank16       000000
__Lbank17                                 bank17       000000
__Lbank18                                 bank18       000000
__Lbank19                                 bank19       000000
__Lbank20                                 bank20       000000
__Lbank21                                 bank21       000000
__Lbank22                                 bank22       000000
__Lbank23                                 bank23       000000
__Lbank24                                 bank24       000000
__Lbank25                                 bank25       000000
__Lbank26                                 bank26       000000
__Lbank27                                 bank27       000000
__Lbank28                                 bank28       000000
__Lbank29                                 bank29       000000
__Lbank30                                 bank30       000000
__Lbank31                                 bank31       000000
__Lbank32                                 bank32       000000
__Lbank33                                 bank33       000000
__Lbank34                                 bank34       000000
__Lbank35                                 bank35       000000
__Lbank36                                 bank36       000000
__Lbank5                                  bank5        000000
__Lbank6                                  bank6        000000
__Lbank7                                  bank7        000000
__Lbank8                                  bank8        000000
__Lbank9                                  bank9        000000
__Lbigbss                                 bigbss       000000
__Lbigdata                                bigdata      000000
__Lbigram                                 bigram       000000
__Lbigsfr                                 bigsfr       000000
__Lbss                                    bss          000000
__LbssCOMRAM                              bssCOMRAM    000000
__Lcinit                                  cinit        000000
__Lclrtext                                clrtext      000000
__Lcomram                                 comram       000000
__Lconfig                                 config       000000
__Lconst                                  const        000000
__LcstackBANK6                            cstackBANK6  000000
__LcstackCOMRAM                           cstackCOMRAM 000000
__Ldata                                   data         000000
__LdataBANK5                              dataBANK5    000000
__Leeprom_data                            eeprom_data  000000
__Lfarbss                                 farbss       000000
__Lfardata                                fardata      000000
__Lheap                                   heap         000000
__Libigdata                               ibigdata     000000
__Lidata                                  idata        000000
__LidataBANK5                             idataBANK5   000000
__Lidloc                                  idloc        000000
__Lifardata                               ifardata     000000
__Linit                                   init         00001A
__Lintsave_regs                           intsave_regs 000000
__Lirdata                                 irdata       000000
__Livt0x8                                 ivt0x8       000008
__Lmediumconst                            mediumconst  000000
__LnvFARRAM                               nvFARRAM     000000
__Lnvbit                                  nvbit        000000
__Lnvrram                                 nvrram       000000
__Lparam                                  rparam       000000
__Lpowerup                                powerup      000000
__Lram                                    ram          000000
__Lramtop                                 ramtop       002600
__Lrbit                                   rbit         000000
__Lrbss                                   rbss         000000
__Lrdata                                  rdata        000000
__Lreset_vec                              reset_vec    000000
__Lrparam                                 rparam       000000
__Lsfr                                    sfr          000000
__Lsmallconst                             smallconst   002600
__Lspace_0                                (abs)        000000
__Lspace_1                                (abs)        000000
__Lspace_2                                (abs)        000000
__Lspace_4                                (abs)        000000
__Lstack                                  stack        000000
__Lstruct                                 struct       000000
__Ltemp                                   temp         000000
__Ltext                                   text         000000
__Ltext0                                  text0        000000
__Ltext1                                  text1        000000
__Ltext10                                 text10       000000
__Ltext11                                 text11       000000
__Ltext12                                 text12       000000
__Ltext13                                 text13       000000
__Ltext14                                 text14       000000
__Ltext15                                 text15       000000
__Ltext16                                 text16       000000
__Ltext17                                 text17       000000
__Ltext18                                 text18       000000
__Ltext19                                 text19       000000
__Ltext2                                  text2        000000
__Ltext20                                 text20       000000
__Ltext21                                 text21       000000
__Ltext22                                 text22       000000
__Ltext23                                 text23       000000
__Ltext24                                 text24       000000
__Ltext25                                 text25       000000
__Ltext26                                 text26       000000
__Ltext27                                 text27       000000
__Ltext28                                 text28       000000
__Ltext29                                 text29       000000
__Ltext3                                  text3        000000
__Ltext30                                 text30       000000
__Ltext31                                 text31       000000
__Ltext32                                 text32       000000
__Ltext33                                 text33       000000
__Ltext34                                 text34       000000
__Ltext35                                 text35       000000
__Ltext36                                 text36       000000
__Ltext4                                  text4        000000
__Ltext5                                  text5        000000
__Ltext6                                  text6        000000
__Ltext7                                  text7        000000
__Ltext8                                  text8        000000
__Ltext9                                  text9        000000
__S0                                      (abs)        002E24
__S1                                      (abs)        0006A2
__S4                                      (abs)        000000
__S5                                      (abs)        000000
___heap_hi                                (abs)        000000
___heap_lo                                (abs)        000000
___inthi_sp                               stack        000000
___inthi_stack_hi                         stack        000000
___inthi_stack_lo                         stack        000000
___intlo_sp                               stack        000000
___intlo_stack_hi                         stack        000000
___intlo_stack_lo                         stack        000000
___param_bank                             (abs)        000000
___rparam_used                            (abs)        000001
___sp                                     stack        000000
___stack_hi                               stack        000000
___stack_lo                               stack        000000
__accesstop                               (abs)        000560
__activetblptr                            (abs)        000003
__end_of_CLOCK_Initialize                 text10       002D54
__end_of_I2C1_AddrTransmit                text18       002DEE
__end_of_I2C1_BufferClear                 text36       002E06
__end_of_I2C1_BusReset                    text31       002C4C
__end_of_I2C1_Close                       text19       002C98
__end_of_I2C1_CounterGet                  text25       002E1E
__end_of_I2C1_CounterSet                  text24       002DFE
__end_of_I2C1_DataReceive                 text14       002E0C
__end_of_I2C1_DataTransmit                text23       002DF6
__end_of_I2C1_ERROR_ISR                   text20       0028F8
__end_of_I2C1_ErrorFlagsClear             text35       002DE6
__end_of_I2C1_Host                        smallconst   00261F
__end_of_I2C1_ISR                         text15       002B42
__end_of_I2C1_Initialize                  text8        002B94
__end_of_I2C1_InterruptsClear             text34       002E24
__end_of_I2C1_InterruptsDisable           text33       002DB2
__end_of_I2C1_InterruptsEnable            text9        002D40
__end_of_I2C1_IsAddr                      text30       002D2C
__end_of_I2C1_IsBusCol                    text29       002D16
__end_of_I2C1_IsBusTimeOut                text28       002D00
__end_of_I2C1_IsData                      text27       002CEA
__end_of_I2C1_IsNack                      text26       002CD4
__end_of_I2C1_RX_ISR                      text13       002D7C
__end_of_I2C1_ReadStart                   text16       002C72
__end_of_I2C1_RestartDisable              text22       002E18
__end_of_I2C1_StartSend                   text17       002E12
__end_of_I2C1_StopSend                    text21       002CBE
__end_of_I2C1_TX_ISR                      text12       002D68
__end_of_INT0_SetInterruptHandler         text7        002DDC
__end_of_INT1_SetInterruptHandler         text6        002DCE
__end_of_INT2_SetInterruptHandler         text5        002DC0
__end_of_INTERRUPT_Initialize             text4        002C14
__end_of_INTERRUPT_InterruptManager       text11       002AB4
__end_of_PIN_MANAGER_Initialize           text3        002A26
__end_of_SYSTEM_Initialize                text2        002DA2
__end_of__initialization                  cinit        002BCE
__end_of_display_digit                    text1        002732
__end_of_main                             text0        002840
__end_ofi2_I2C1_InterruptsEnable          text32       002D90
__initialization                          cinit        002B94
__mediumconst                             smallconst   002600
__pbssCOMRAM                              bssCOMRAM    000501
__pcinit                                  cinit        002B94
__pcstackBANK6                            cstackBANK6  000600
__pcstackCOMRAM                           cstackCOMRAM 00051A
__pdataBANK5                              dataBANK5    000560
__pidataBANK5                             idataBANK5   0028F8
__pivt0x8                                 ivt0x8       000008
__psmallconst                             smallconst   002600
__ptext0                                  text0        002732
__ptext1                                  text1        002620
__ptext10                                 text10       002D40
__ptext11                                 text11       002A26
__ptext12                                 text12       002D54
__ptext13                                 text13       002D68
__ptext14                                 text14       002E06
__ptext15                                 text15       002AB4
__ptext16                                 text16       002C4C
__ptext17                                 text17       002E0C
__ptext18                                 text18       002DE6
__ptext19                                 text19       002C72
__ptext2                                  text2        002D90
__ptext20                                 text20       002840
__ptext21                                 text21       002C98
__ptext22                                 text22       002E12
__ptext23                                 text23       002DEE
__ptext24                                 text24       002DF6
__ptext25                                 text25       002E18
__ptext26                                 text26       002CBE
__ptext27                                 text27       002CD4
__ptext28                                 text28       002CEA
__ptext29                                 text29       002D00
__ptext3                                  text3        002998
__ptext30                                 text30       002D16
__ptext31                                 text31       002C14
__ptext32                                 text32       002D7C
__ptext33                                 text33       002DA2
__ptext34                                 text34       002E1E
__ptext35                                 text35       002DDC
__ptext36                                 text36       002DFE
__ptext4                                  text4        002BD4
__ptext5                                  text5        002DB2
__ptext6                                  text6        002DC0
__ptext7                                  text7        002DCE
__ptext8                                  text8        002B42
__ptext9                                  text9        002D2C
__ramtop                                  ramtop       002600
__smallconst                              smallconst   002600
_display_digit                            text1        002620
_i2c1Status                               bssCOMRAM    000501
_main                                     text0        002732
display_digit@segments                    cstackCOMRAM 00051B
end_of_initialization                     cinit        002BCE
i2_I2C1_InterruptsEnable                  text32       002D7C
intlevel0                                 text         000000
intlevel1                                 text         000000
intlevel2                                 text         000000
intlevel3                                 text         000000
isa$std                                   (abs)        000001
isa$xinst                                 (abs)        000000
ivt0x8_base                               ivt0x8       000008
main@F17085                               dataBANK5    000560
main@i                                    cstackBANK6  0006A0
main@numbers                              cstackBANK6  000600
stackhi                                   (abs)        000000
stacklo                                   (abs)        000000
start                                     init         00001A
start_initialization                      cinit        002B94


MODULE INFORMATION

Module		Function		Class		Link	Load	Size
/home/nontoxiccat/Desktop/KiCad projects/Rocnikovy_Projekt_S3E/Hodiny/My_MCC_Config/mcc/mcc_generated_files/i2c_host/src/i2c1.c
		_I2C1_RX_ISR   		CODE           	2D68	0000	20
		_I2C1_InterruptsEnable		CODE           	2D2C	0000	20
		_I2C1_CounterGet		CODE           	2E18	0000	6
		_I2C1_CounterSet		CODE           	2DF6	0000	8
		_I2C1_ReadStart		CODE           	2C4C	0000	38
		_I2C1_InterruptsClear		CODE           	2E1E	0000	6
		_I2C1_ISR      		CODE           	2AB4	0000	142
		_I2C1_DataReceive		CODE           	2E06	0000	6
		_I2C1_IsData   		CODE           	2CD4	0000	22
		_I2C1_IsNack   		CODE           	2CBE	0000	22
		_I2C1_IsAddr   		CODE           	2D16	0000	22
		_I2C1_InterruptsDisable		CODE           	2DA2	0000	16
		_I2C1_BufferClear		CODE           	2DFE	0000	8
		_I2C1_BusReset 		CODE           	2C14	0000	56
		_I2C1_Initialize		CODE           	2B42	0000	82
		_I2C1_Close    		CODE           	2C72	0000	38
		_I2C1_IsBusCol 		CODE           	2D00	0000	22
		_I2C1_ERROR_ISR		CODE           	2840	0000	184
		_I2C1_ErrorFlagsClear		CODE           	2DDC	0000	10
		_I2C1_TX_ISR   		CODE           	2D54	0000	20
		_I2C1_StopSend 		CODE           	2C98	0000	38
		_I2C1_RestartDisable		CODE           	2E12	0000	6
		_I2C1_DataTransmit		CODE           	2DEE	0000	8
		_I2C1_AddrTransmit		CODE           	2DE6	0000	8
		_I2C1_IsBusTimeOut		CODE           	2CEA	0000	22
		_I2C1_StartSend		CODE           	2E0C	0000	6

/home/nontoxiccat/Desktop/KiCad projects/Rocnikovy_Projekt_S3E/Hodiny/My_MCC_Config/mcc/mcc_generated_files/i2c_host/src/i2c1.c estimated size: 836

/home/nontoxiccat/Desktop/KiCad projects/Rocnikovy_Projekt_S3E/Hodiny/My_MCC_Config/mcc/mcc_generated_files/system/src/pins.c
		_PIN_MANAGER_Initialize		CODE           	2998	0000	142

/home/nontoxiccat/Desktop/KiCad projects/Rocnikovy_Projekt_S3E/Hodiny/My_MCC_Config/mcc/mcc_generated_files/system/src/pins.c estimated size: 142

/home/nontoxiccat/Desktop/KiCad projects/Rocnikovy_Projekt_S3E/Hodiny/My_MCC_Config/mcc/mcc_generated_files/system/src/interrupt.c
		_INT0_SetInterruptHandler		CODE           	2DCE	0000	14
		_INT1_SetInterruptHandler		CODE           	2DC0	0000	14
		_INT2_SetInterruptHandler		CODE           	2DB2	0000	14
		_INTERRUPT_Initialize		CODE           	2BD4	0000	64
		_INTERRUPT_InterruptManager		CODE           	2A26	0000	142

/home/nontoxiccat/Desktop/KiCad projects/Rocnikovy_Projekt_S3E/Hodiny/My_MCC_Config/mcc/mcc_generated_files/system/src/interrupt.c estimated size: 248

shared
		i2_I2C1_InterruptsEnable		CODE           	2D7C	0000	20
		__initialization		CODE           	2B94	0000	58
		_I2C1_Host     		SMALLCONST     	2601	0000	30

shared estimated size: 108

/home/nontoxiccat/Desktop/KiCad projects/Rocnikovy_Projekt_S3E/Hodiny/My_MCC_Config/mcc/mcc_generated_files/system/src/clock.c
		_CLOCK_Initialize		CODE           	2D40	0000	20

/home/nontoxiccat/Desktop/KiCad projects/Rocnikovy_Projekt_S3E/Hodiny/My_MCC_Config/mcc/mcc_generated_files/system/src/clock.c estimated size: 20

/home/nontoxiccat/Desktop/KiCad projects/Rocnikovy_Projekt_S3E/Hodiny/main.c
		_main          		CODE           	2732	0000	270
		_display_digit 		CODE           	2620	0000	274

/home/nontoxiccat/Desktop/KiCad projects/Rocnikovy_Projekt_S3E/Hodiny/main.c estimated size: 544

/home/nontoxiccat/Desktop/KiCad projects/Rocnikovy_Projekt_S3E/Hodiny/My_MCC_Config/mcc/mcc_generated_files/system/src/system.c
		_SYSTEM_Initialize		CODE           	2D90	0000	18

/home/nontoxiccat/Desktop/KiCad projects/Rocnikovy_Projekt_S3E/Hodiny/My_MCC_Config/mcc/mcc_generated_files/system/src/system.c estimated size: 18

