Microchip MPLAB XC8 Compiler V3.10

Linker command line:

-W-3 --edf=/opt/microchip/xc8/v3.10/pic/dat/20250813170317_en.msgs \
  -pivt0x8=08h -cn \
  -h+/home/nontoxiccat/Desktop/KiCad projects/Rocnikovy_Projekt_S3E/Hodiny/out/Hodiny/default.sym \
  --cmf=/home/nontoxiccat/Desktop/KiCad projects/Rocnikovy_Projekt_S3E/Hodiny/out/Hodiny/default.cmf \
  -z -Q18F47Q43 -o/tmp/xcXIBPoKl/driver_tmp_3.o --defsym=__MPLAB_BUILD=1 \
  --fixupoverflow=error -Mmem.map --md=/tmp/xcXIBPoKl/driver_tmp_0.dat -E1 \
  -ver=XC8 Compiler -ACODE=00h-01FFFFh -ACONST=00h-01FFFFh \
  -ASMALLCONST=02600h-026FFhx218,012600h-0126FFhx218 \
  -AMEDIUMCONST=02600h-0FFFFh,012600h-01FFFFh -ACOMRAM=0501h-055Fh \
  -AABS1=0500h-024FFh -ABIGRAM=0501h-024FFh \
  -ARAM=0560h-05FFh,0600h-06FFhx31 -ABANK5=0560h-05FFh -ABANK6=0600h-06FFh \
  -ABANK7=0700h-07FFh -ABANK8=0800h-08FFh -ABANK9=0900h-09FFh \
  -ABANK10=0A00h-0AFFh -ABANK11=0B00h-0BFFh -ABANK12=0C00h-0CFFh \
  -ABANK13=0D00h-0DFFh -ABANK14=0E00h-0EFFh -ABANK15=0F00h-0FFFh \
  -ABANK16=01000h-010FFh -ABANK17=01100h-011FFh -ABANK18=01200h-012FFh \
  -ABANK19=01300h-013FFh -ABANK20=01400h-014FFh -ABANK21=01500h-015FFh \
  -ABANK22=01600h-016FFh -ABANK23=01700h-017FFh -ABANK24=01800h-018FFh \
  -ABANK25=01900h-019FFh -ABANK26=01A00h-01AFFh -ABANK27=01B00h-01BFFh \
  -ABANK28=01C00h-01CFFh -ABANK29=01D00h-01DFFh -ABANK30=01E00h-01EFFh \
  -ABANK31=01F00h-01FFFh -ABANK32=02000h-020FFh -ABANK33=02100h-021FFh \
  -ABANK34=02200h-022FFh -ABANK35=02300h-023FFh -ABANK36=02400h-024FFh \
  -ASFR=00h-0FFhx4,0400h-045Fh,0460h-04FFh,02500h-025FFh \
  -ABIGSFR=00h-04FFh,02500h-025FFh -ACONFIG=0300000h-0300011h \
  -AIDLOC=0200000h-020003Fh -AEEDATA=0380000h-03803FFh -peeprom_data=EEDATA \
  -preset_vec=00h -ppowerup=CODE,init -pramtop=02600h \
  -psmallconst=SMALLCONST -pmediumconst=MEDIUMCONST -pconst=CONST \
  -AFARRAM=00h-00h \
  -prdata=COMRAM,nvrram=COMRAM,nvbit=COMRAM,rbss=COMRAM,rbit=COMRAM \
  -pfarbss=FARRAM,fardata=FARRAM,nvFARRAM=FARRAM \
  -pintsave_regs=BIGRAM,bigbss=BIGRAM,bigdata=BIGRAM -pbss=RAM \
  -pidata=CODE,irdata=CODE,ibigdata=CODE,ifardata=CODE -prparam=COMRAM \
  /tmp/xcXIBPoKl/driver_tmp_9.o \
  /home/nontoxiccat/Desktop/KiCad projects/Rocnikovy_Projekt_S3E/Hodiny/out/Hodiny/default.o 

Object code version is 3.11

Machine type is 18F47Q43



                Name                               Link     Load   Length Selector   Space Scale
/tmp/xcXIBPoKl/driver_tmp_9.o
                config                           300000   300000        A        0       4
                init                                102      102        4        4       0
                reset_vec                             0        0        4        0       0
/home/nontoxiccat/Desktop/KiCad projects/Rocnikovy_Projekt_S3E/Hodiny/out/Hodiny/default.o
                config                           300000   300000        A        0       4
                mediumconst                        FE7E     FE7E      182     7F3F       0
                ivt0x8                                8        8       FA        4       0
                text58                            10E84    10E84       84     42C4       0
                text57                            1147C    1147C        2     44AA       0
                text56                            11050    11050       4E     42C4       0
                text55                            1147A    1147A        2     44AA       0
                text54                            111AA    111AA       32     42C4       0
                text53                            112D8    112D8       18     44AA       0
                text52                            11478    11478        2     44AA       0
                text51                            11178    11178       32     42C4       0
                text50                            112C0    112C0       18     44AA       0
                text49                            11476    11476        2     44AA       0
                text48                            11146    11146       32     42C4       0
                text47                            112A8    112A8       18     44AA       0
                text46                            11474    11474        2     44AA       0
                text45                            113C4    113C4       14     44AA       0
                text44                            1146E    1146E        6     44AA       0
                text43                            113B0    113B0       14     44AA       0
                text42                            113D8    113D8       10     44AA       0
                text41                            1139C    1139C       14     44AA       0
                text40                            1109E    1109E       3E     42C4       0
                text39                            1135E    1135E       16     44AA       0
                text38                            11348    11348       16     44AA       0
                text37                            11332    11332       16     44AA       0
                text36                            1131C    1131C       16     44AA       0
                text35                            11306    11306       16     44AA       0
                text34                            10B10    10B10       E8     42C4       0
                text33                            11442    11442        8     44AA       0
                text32                            11420    11420        A     44AA       0
                text31                            11468    11468        6     44AA       0
                text30                            11280    11280       26     42C4       0
                text29                            1143A    1143A        8     44AA       0
                text28                            11432    11432        8     44AA       0
                text27                            11462    11462        6     44AA       0
                text26                            1125A    1125A       26     42C4       0
                text25                            1145C    1145C        6     44AA       0
                text24                            1142A    1142A        8     44AA       0
                text23                            11456    11456        6     44AA       0
                text22                            11234    11234       26     42C4       0
                text21                            10BF8    10BF8       BE     42C4       0
                text20                            11388    11388       14     44AA       0
                text19                            11374    11374       14     44AA       0
                text18                            10FF6    10FF6       5A     42C4       0
                text17                            11412    11412        E     44AA       0
                text16                            11404    11404        E     44AA       0
                text15                            113F6    113F6        E     44AA       0
                text14                            10F08    10F08       7E     42C4       0
                text13                            10DF6    10DF6       8E     42C4       0
                text12                            11114    11114       32     42C4       0
                text11                            112F0    112F0       16     44AA       0
                text10                            113E8    113E8        E     44AA       0
                text9                             11450    11450        6     44AA       0
                text8                             1144A    1144A        6     44AA       0
                text7                             10CB6    10CB6       AE     42C4       0
                text6                             10994    10994      17A     8000       0
                text5                             10000    10000      7F8     8000       0
                text4                             107F8    107F8      19C     8000       0
                text3                             11208    11208       2C     42C4       0
                text2                             110DC    110DC       38     42C4       0
                text1                             10D64    10D64       92     42C4       0
                text0                             10F86    10F86       70     42C4       0
                cstackCOMRAM                        501      501       25      501       1
                cstackBANK5                         560      560       20      560       1
                bssBANK5                            580      580       12      560       1
                bssCOMRAM                           526      526       18      501       1
                cinit                             111DC    111DC       2C     42C4       0
                nvBANK5                             592      592        3      560       1

TOTAL           Name                               Link     Load   Length     Space
        CLASS   CODE           
                init                                102      102        4         0
                reset_vec                             0        0        4         0
                ivt0x8                                8        8       FA         0
                text58                            10E84    10E84       84         0
                text57                            1147C    1147C        2         0
                text56                            11050    11050       4E         0
                text55                            1147A    1147A        2         0
                text54                            111AA    111AA       32         0
                text53                            112D8    112D8       18         0
                text52                            11478    11478        2         0
                text51                            11178    11178       32         0
                text50                            112C0    112C0       18         0
                text49                            11476    11476        2         0
                text48                            11146    11146       32         0
                text47                            112A8    112A8       18         0
                text46                            11474    11474        2         0
                text45                            113C4    113C4       14         0
                text44                            1146E    1146E        6         0
                text43                            113B0    113B0       14         0
                text42                            113D8    113D8       10         0
                text41                            1139C    1139C       14         0
                text40                            1109E    1109E       3E         0
                text39                            1135E    1135E       16         0
                text38                            11348    11348       16         0
                text37                            11332    11332       16         0
                text36                            1131C    1131C       16         0
                text35                            11306    11306       16         0
                text34                            10B10    10B10       E8         0
                text33                            11442    11442        8         0
                text32                            11420    11420        A         0
                text31                            11468    11468        6         0
                text30                            11280    11280       26         0
                text29                            1143A    1143A        8         0
                text28                            11432    11432        8         0
                text27                            11462    11462        6         0
                text26                            1125A    1125A       26         0
                text25                            1145C    1145C        6         0
                text24                            1142A    1142A        8         0
                text23                            11456    11456        6         0
                text22                            11234    11234       26         0
                text21                            10BF8    10BF8       BE         0
                text20                            11388    11388       14         0
                text19                            11374    11374       14         0
                text18                            10FF6    10FF6       5A         0
                text17                            11412    11412        E         0
                text16                            11404    11404        E         0
                text15                            113F6    113F6        E         0
                text14                            10F08    10F08       7E         0
                text13                            10DF6    10DF6       8E         0
                text12                            11114    11114       32         0
                text11                            112F0    112F0       16         0
                text10                            113E8    113E8        E         0
                text9                             11450    11450        6         0
                text8                             1144A    1144A        6         0
                text7                             10CB6    10CB6       AE         0
                text6                             10994    10994      17A         0
                text5                             10000    10000      7F8         0
                text4                             107F8    107F8      19C         0
                text3                             11208    11208       2C         0
                text2                             110DC    110DC       38         0
                text1                             10D64    10D64       92         0
                text0                             10F86    10F86       70         0
                cinit                             111DC    111DC       2C         0

        CLASS   CONST          

        CLASS   SMALLCONST     

        CLASS   MEDIUMCONST    
                mediumconst                        FE7E     FE7E      182         0

        CLASS   COMRAM         
                cstackCOMRAM                        501      501       25         1
                bssCOMRAM                           526      526       18         1

        CLASS   ABS1           

        CLASS   BIGRAM         

        CLASS   RAM            

        CLASS   BANK5          
                cstackBANK5                         560      560       20         1
                bssBANK5                            580      580       12         1
                nvBANK5                             592      592        3         1

        CLASS   BANK6          

        CLASS   BANK7          

        CLASS   BANK8          

        CLASS   BANK9          

        CLASS   BANK10         

        CLASS   BANK11         

        CLASS   BANK12         

        CLASS   BANK13         

        CLASS   BANK14         

        CLASS   BANK15         

        CLASS   BANK16         

        CLASS   BANK17         

        CLASS   BANK18         

        CLASS   BANK19         

        CLASS   BANK20         

        CLASS   BANK21         

        CLASS   BANK22         

        CLASS   BANK23         

        CLASS   BANK24         

        CLASS   BANK25         

        CLASS   BANK26         

        CLASS   BANK27         

        CLASS   BANK28         

        CLASS   BANK29         

        CLASS   BANK30         

        CLASS   BANK31         

        CLASS   BANK32         

        CLASS   BANK33         

        CLASS   BANK34         

        CLASS   BANK35         

        CLASS   BANK36         

        CLASS   SFR            

        CLASS   BIGSFR         

        CLASS   CONFIG         
                config                           300000   300000        A         4

        CLASS   IDLOC          

        CLASS   EEDATA         

        CLASS   FARRAM         

        CLASS   HEAP           

        CLASS   STACK          



SEGMENTS        Name                           Load    Length   Top    Selector   Space  Class

                reset_vec                      000000  000004  000004         0       0  CODE    
                text34                         010B10  000796  0112A6      42C4       0  CODE    
                text5                          010000  000B0E  010B0E      8000       0  CODE    
                text47                         0112A8  0001D6  01147E      44AA       0  CODE    
                mediumconst                    00FE7E  000182  010000      7F3F       0  MEDIUMCO
                ivt0x8                         000008  0000FE  000106         4       0  CODE    
                cstackCOMRAM                   000501  00003D  00053E       501       1  COMRAM  
                cstackBANK5                    000560  000035  000595       560       1  BANK5   


UNUSED ADDRESS RANGES

        Name                Unused          Largest block    Delta
        BANK10           000A00-000AFF              100
        BANK11           000B00-000BFF              100
        BANK12           000C00-000CFF              100
        BANK13           000D00-000DFF              100
        BANK14           000E00-000EFF              100
        BANK15           000F00-000FFF              100
        BANK16           001000-0010FF              100
        BANK17           001100-0011FF              100
        BANK18           001200-0012FF              100
        BANK19           001300-0013FF              100
        BANK20           001400-0014FF              100
        BANK21           001500-0015FF              100
        BANK22           001600-0016FF              100
        BANK23           001700-0017FF              100
        BANK24           001800-0018FF              100
        BANK25           001900-0019FF              100
        BANK26           001A00-001AFF              100
        BANK27           001B00-001BFF              100
        BANK28           001C00-001CFF              100
        BANK29           001D00-001DFF              100
        BANK30           001E00-001EFF              100
        BANK31           001F00-001FFF              100
        BANK32           002000-0020FF              100
        BANK33           002100-0021FF              100
        BANK34           002200-0022FF              100
        BANK35           002300-0023FF              100
        BANK36           002400-0024FF              100
        BANK5            000595-0005FF               6B
        BANK6            000600-0006FF              100
        BANK7            000700-0007FF              100
        BANK8            000800-0008FF              100
        BANK9            000900-0009FF              100
        BIGRAM           00053E-00055F               22
                         000595-0024FF             1F6B
        BIGSFR           000000-0004FF              500
                         002500-0025FF              100
        CODE             000004-000007                4
                         000106-00FE7D             FD78
                         010B0E-010B0F                2
                         0112A6-0112A7                2
                         01147E-01FFFF             EB82
        COMRAM           00053E-00055F               22
        CONFIG           30000A-300011                8
        CONST            000004-000007                4
                         000106-00FE7D             FD78
                         010B0E-010B0F                2
                         0112A6-0112A7                2
                         01147E-01FFFF             EB82
        EEDATA           380000-3803FF              400
        IDLOC            200000-20003F               40
        MEDIUMCONST      002600-00FE7D             D87E
                         012600-01FFFF             DA00
        RAM              000595-0024FF              100
        SFR              000000-0004FF              100
                         002500-0025FF              100
        SMALLCONST       002600-00FE7D              100
                         012600-01FFFF              100

                                  Symbol Table

?___awmod                                     cstackCOMRAM 000518
I2C1_AddrTransmit@addr                        cstackCOMRAM 000501
I2C1_CounterSet@counter                       cstackCOMRAM 000508
I2C1_DataTransmit@data                        cstackCOMRAM 00050F
INT0_SetInterruptHandler@InterruptHandler     cstackCOMRAM 000518
INT1_SetInterruptHandler@InterruptHandler     cstackCOMRAM 000518
INT2_SetInterruptHandler@InterruptHandler     cstackCOMRAM 000518
INTERRUPT_Initialize@state                    cstackCOMRAM 00051B
IVTBASEH                                      (abs)        00045E
IVTBASEL                                      (abs)        00045D
IVTBASEU                                      (abs)        00045F
TMR0_OverflowCallbackRegister@callbackHandler cstackCOMRAM 000518
_ACTCON                                       (abs)        0000AC
_ANSELA                                       (abs)        000400
_ANSELB                                       (abs)        000408
_ANSELC                                       (abs)        000410
_ANSELD                                       (abs)        000418
_ANSELE                                       (abs)        000420
_CLOCK_Initialize                             text20       011388
_Default_ISR                                  text46       011474
_GIE                                          (abs)        0026B7
_I2C1ADB1                                     (abs)        00028F
_I2C1CLK                                      (abs)        00029C
_I2C1CNT                                      (abs)        00028D
_I2C1CON0                                     (abs)        000294
_I2C1CON0bits                                 (abs)        000294
_I2C1CON1                                     (abs)        000295
_I2C1CON1bits                                 (abs)        000295
_I2C1CON2                                     (abs)        000296
_I2C1ERR                                      (abs)        000297
_I2C1ERRbits                                  (abs)        000297
_I2C1PIE                                      (abs)        00029B
_I2C1PIEbits                                  (abs)        00029B
_I2C1PIR                                      (abs)        00029A
_I2C1PIRbits                                  (abs)        00029A
_I2C1RXB                                      (abs)        00028B
_I2C1SCLPPS                                   (abs)        000271
_I2C1SDAPPS                                   (abs)        000270
_I2C1STAT0bits                                (abs)        000298
_I2C1STAT1                                    (abs)        000299
_I2C1STAT1bits                                (abs)        000299
_I2C1TXB                                      (abs)        00028C
_I2C1_AddrTransmit                            text29       01143A
_I2C1_BufferClear                             text33       011442
_I2C1_BusReset                                text40       01109E
_I2C1_Callback                                bssBANK5     000589
_I2C1_CallbackRegister                        (abs)        000000
_I2C1_Close                                   text30       011280
_I2C1_CounterGet                              text25       01145C
_I2C1_CounterSet                              text28       011432
_I2C1_DataReceive                             text44       01146E
_I2C1_DataTransmit                            text24       01142A
_I2C1_Deinitialize                            (abs)        000000
_I2C1_ERROR_ISR                               text34       010B10
_I2C1_ErrorFlagsClear                         text32       011420
_I2C1_ErrorGet                                (abs)        000000
_I2C1_Host                                    mediumconst  00FEA0
_I2C1_ISR                                     text21       010BF8
_I2C1_Initialize                              text18       010FF6
_I2C1_InterruptsClear                         text31       011468
_I2C1_InterruptsDisable                       text42       0113D8
_I2C1_InterruptsEnable                        text19       011374
_I2C1_IsAddr                                  text39       01135E
_I2C1_IsBusCol                                text38       011348
_I2C1_IsBusTimeOut                            text37       011332
_I2C1_IsBusy                                  (abs)        000000
_I2C1_IsData                                  text36       01131C
_I2C1_IsNack                                  text35       011306
_I2C1_RX_ISR                                  text43       0113B0
_I2C1_Read                                    (abs)        000000
_I2C1_ReadStart                               text26       01125A
_I2C1_RestartDisable                          text23       011456
_I2C1_StartSend                               text27       011462
_I2C1_StopSend                                text22       011234
_I2C1_TX_ISR                                  text45       0113C4
_I2C1_Write                                   (abs)        000000
_I2C1_WriteRead                               (abs)        000000
_INLVLA                                       (abs)        000404
_INLVLB                                       (abs)        00040C
_INLVLC                                       (abs)        000414
_INLVLD                                       (abs)        00041C
_INLVLE                                       (abs)        000424
_INT0_CallBack                                text48       011146
_INT0_DefaultInterruptHandler                 text49       011476
_INT0_ISR                                     text47       0112A8
_INT0_InterruptHandler                        bssBANK5     000586
_INT0_SetInterruptHandler                     text17       011412
_INT1_CallBack                                text51       011178
_INT1_DefaultInterruptHandler                 text52       011478
_INT1_ISR                                     text50       0112C0
_INT1_InterruptHandler                        bssBANK5     000583
_INT1_SetInterruptHandler                     text16       011404
_INT2_CallBack                                text54       0111AA
_INT2_DefaultInterruptHandler                 text55       01147A
_INT2_ISR                                     text53       0112D8
_INT2_InterruptHandler                        bssBANK5     000580
_INT2_SetInterruptHandler                     text15       0113F6
_INTCON0bits                                  (abs)        0004D6
_INTERRUPT_Initialize                         text14       010F08
_IOCAF                                        (abs)        000407
_IOCAN                                        (abs)        000406
_IOCAP                                        (abs)        000405
_IOCBF                                        (abs)        00040F
_IOCBN                                        (abs)        00040E
_IOCBP                                        (abs)        00040D
_IOCCF                                        (abs)        000417
_IOCCN                                        (abs)        000416
_IOCCP                                        (abs)        000415
_IOCEF                                        (abs)        000427
_IOCEN                                        (abs)        000426
_IOCEP                                        (abs)        000425
_IPR3bits                                     (abs)        000365
_IPR7bits                                     (abs)        000369
_IVTBASEH                                     (abs)        00045E
_IVTBASEL                                     (abs)        00045D
_IVTBASEU                                     (abs)        00045F
_IVTLOCK                                      (abs)        000459
_IVTLOCKbits                                  (abs)        000459
_LATA                                         (abs)        0004BE
_LATB                                         (abs)        0004BF
_LATBbits                                     (abs)        0004BF
_LATC                                         (abs)        0004C0
_LATCbits                                     (abs)        0004C0
_LATD                                         (abs)        0004C1
_LATDbits                                     (abs)        0004C1
_LATE                                         (abs)        0004C2
_ODCONA                                       (abs)        000402
_ODCONB                                       (abs)        00040A
_ODCONC                                       (abs)        000412
_ODCOND                                       (abs)        00041A
_ODCONE                                       (abs)        000422
_OSCCON1                                      (abs)        0000AD
_OSCCON3                                      (abs)        0000AF
_OSCEN                                        (abs)        0000B3
_OSCFRQ                                       (abs)        0000B1
_OSCTUNE                                      (abs)        0000B0
_PIE3bits                                     (abs)        0004A1
_PIE7bits                                     (abs)        0004A5
_PIN_MANAGER_Initialize                       text13       010DF6
_PIR10bits                                    (abs)        0004B8
_PIR1bits                                     (abs)        0004AF
_PIR3bits                                     (abs)        0004B1
_PIR6bits                                     (abs)        0004B4
_PORTAbits                                    (abs)        0004CE
_RB1I2C                                       (abs)        000289
_RB2I2C                                       (abs)        000288
_RC3I2C                                       (abs)        000287
_RC3PPS                                       (abs)        000214
_RC4I2C                                       (abs)        000286
_RC4PPS                                       (abs)        000215
_RTC_sync                                     bssCOMRAM    00053B
_SLRCONA                                      (abs)        000403
_SLRCONB                                      (abs)        00040B
_SLRCONC                                      (abs)        000413
_SLRCOND                                      (abs)        00041B
_SLRCONE                                      (abs)        000423
_SYSTEM_Initialize                            text11       0112F0
_T0CON0                                       (abs)        00031A
_T0CON0bits                                   (abs)        00031A
_T0CON1                                       (abs)        00031B
_TMR0H                                        (abs)        000319
_TMR0L                                        (abs)        000318
_TMR0_CounterGet                              (abs)        000000
_TMR0_CounterSet                              (abs)        000000
_TMR0_DefaultOverflowCallback                 text57       01147C
_TMR0_Deinitialize                            (abs)        000000
_TMR0_ISR                                     text56       011050
_TMR0_Initialize                              text12       011114
_TMR0_MaxCountGet                             (abs)        000000
_TMR0_OverflowCallback                        nvBANK5      000592
_TMR0_OverflowCallbackRegister                text10       0113E8
_TMR0_PeriodGet                               (abs)        000000
_TMR0_PeriodSet                               (abs)        000000
_TMR0_Start                                   text8        01144A
_TMR0_Stop                                    text9        011450
_TRISA                                        (abs)        0004C6
_TRISAbits                                    (abs)        0004C6
_TRISB                                        (abs)        0004C7
_TRISC                                        (abs)        0004C8
_TRISCbits                                    (abs)        0004C8
_TRISD                                        (abs)        0004C9
_TRISDbits                                    (abs)        0004C9
_TRISE                                        (abs)        0004CA
_Timer0                                       mediumconst  00FE7F
_WPUA                                         (abs)        000401
_WPUB                                         (abs)        000409
_WPUC                                         (abs)        000411
_WPUD                                         (abs)        000419
_WPUE                                         (abs)        000421
__HRAM                                        (abs)        000000
__H__absolute__                               __absolute__ 000000
__Habs1                                       abs1         000000
__Hbank10                                     bank10       000000
__Hbank11                                     bank11       000000
__Hbank12                                     bank12       000000
__Hbank13                                     bank13       000000
__Hbank14                                     bank14       000000
__Hbank15                                     bank15       000000
__Hbank16                                     bank16       000000
__Hbank17                                     bank17       000000
__Hbank18                                     bank18       000000
__Hbank19                                     bank19       000000
__Hbank20                                     bank20       000000
__Hbank21                                     bank21       000000
__Hbank22                                     bank22       000000
__Hbank23                                     bank23       000000
__Hbank24                                     bank24       000000
__Hbank25                                     bank25       000000
__Hbank26                                     bank26       000000
__Hbank27                                     bank27       000000
__Hbank28                                     bank28       000000
__Hbank29                                     bank29       000000
__Hbank30                                     bank30       000000
__Hbank31                                     bank31       000000
__Hbank32                                     bank32       000000
__Hbank33                                     bank33       000000
__Hbank34                                     bank34       000000
__Hbank35                                     bank35       000000
__Hbank36                                     bank36       000000
__Hbank5                                      bank5        000000
__Hbank6                                      bank6        000000
__Hbank7                                      bank7        000000
__Hbank8                                      bank8        000000
__Hbank9                                      bank9        000000
__Hbigbss                                     bigbss       000000
__Hbigdata                                    bigdata      000000
__Hbigram                                     bigram       000000
__Hbigsfr                                     bigsfr       000000
__Hbss                                        bss          000000
__HbssBANK5                                   bssBANK5     000000
__HbssCOMRAM                                  bssCOMRAM    000000
__Hcinit                                      cinit        000000
__Hclrtext                                    clrtext      000000
__Hcomram                                     comram       000000
__Hconfig                                     config       30000A
__Hconst                                      const        000000
__HcstackBANK5                                cstackBANK5  000000
__HcstackCOMRAM                               cstackCOMRAM 000000
__Hdata                                       data         000000
__Heeprom_data                                eeprom_data  000000
__Hfarbss                                     farbss       000000
__Hfardata                                    fardata      000000
__Hheap                                       heap         000000
__Hibigdata                                   ibigdata     000000
__Hidata                                      idata        000000
__Hidloc                                      idloc        000000
__Hifardata                                   ifardata     000000
__Hinit                                       init         000106
__Hintsave_regs                               intsave_regs 000000
__Hirdata                                     irdata       000000
__Hivt0x8                                     ivt0x8       000102
__Hmediumconst                                mediumconst  010000
__HnvBANK5                                    nvBANK5      000000
__HnvFARRAM                                   nvFARRAM     000000
__Hnvbit                                      nvbit        000000
__Hnvrram                                     nvrram       000000
__Hparam                                      rparam       000000
__Hpowerup                                    powerup      000000
__Hram                                        ram          000000
__Hramtop                                     ramtop       002600
__Hrbit                                       rbit         000000
__Hrbss                                       rbss         000000
__Hrdata                                      rdata        000000
__Hreset_vec                                  reset_vec    000004
__Hrparam                                     rparam       000000
__Hsfr                                        sfr          000000
__Hsmallconst                                 smallconst   000000
__Hspace_0                                    (abs)        01147E
__Hspace_1                                    (abs)        000595
__Hspace_2                                    (abs)        000000
__Hspace_4                                    (abs)        60000A
__Hstack                                      stack        000000
__Hstruct                                     struct       000000
__Htemp                                       temp         000000
__Htext                                       text         000000
__Htext0                                      text0        000000
__Htext1                                      text1        000000
__Htext10                                     text10       000000
__Htext11                                     text11       000000
__Htext12                                     text12       000000
__Htext13                                     text13       000000
__Htext14                                     text14       000000
__Htext15                                     text15       000000
__Htext16                                     text16       000000
__Htext17                                     text17       000000
__Htext18                                     text18       000000
__Htext19                                     text19       000000
__Htext2                                      text2        000000
__Htext20                                     text20       000000
__Htext21                                     text21       000000
__Htext22                                     text22       000000
__Htext23                                     text23       000000
__Htext24                                     text24       000000
__Htext25                                     text25       000000
__Htext26                                     text26       000000
__Htext27                                     text27       000000
__Htext28                                     text28       000000
__Htext29                                     text29       000000
__Htext3                                      text3        000000
__Htext30                                     text30       000000
__Htext31                                     text31       000000
__Htext32                                     text32       000000
__Htext33                                     text33       000000
__Htext34                                     text34       000000
__Htext35                                     text35       000000
__Htext36                                     text36       000000
__Htext37                                     text37       000000
__Htext38                                     text38       000000
__Htext39                                     text39       000000
__Htext4                                      text4        000000
__Htext40                                     text40       000000
__Htext41                                     text41       000000
__Htext42                                     text42       000000
__Htext43                                     text43       000000
__Htext44                                     text44       000000
__Htext45                                     text45       000000
__Htext46                                     text46       000000
__Htext47                                     text47       000000
__Htext48                                     text48       000000
__Htext49                                     text49       000000
__Htext5                                      text5        000000
__Htext50                                     text50       000000
__Htext51                                     text51       000000
__Htext52                                     text52       000000
__Htext53                                     text53       000000
__Htext54                                     text54       000000
__Htext55                                     text55       000000
__Htext56                                     text56       000000
__Htext57                                     text57       000000
__Htext58                                     text58       000000
__Htext6                                      text6        000000
__Htext7                                      text7        000000
__Htext8                                      text8        000000
__Htext9                                      text9        000000
__LRAM                                        (abs)        000001
__L__absolute__                               __absolute__ 000000
__Labs1                                       abs1         000000
__Lbank10                                     bank10       000000
__Lbank11                                     bank11       000000
__Lbank12                                     bank12       000000
__Lbank13                                     bank13       000000
__Lbank14                                     bank14       000000
__Lbank15                                     bank15       000000
__Lbank16                                     bank16       000000
__Lbank17                                     bank17       000000
__Lbank18                                     bank18       000000
__Lbank19                                     bank19       000000
__Lbank20                                     bank20       000000
__Lbank21                                     bank21       000000
__Lbank22                                     bank22       000000
__Lbank23                                     bank23       000000
__Lbank24                                     bank24       000000
__Lbank25                                     bank25       000000
__Lbank26                                     bank26       000000
__Lbank27                                     bank27       000000
__Lbank28                                     bank28       000000
__Lbank29                                     bank29       000000
__Lbank30                                     bank30       000000
__Lbank31                                     bank31       000000
__Lbank32                                     bank32       000000
__Lbank33                                     bank33       000000
__Lbank34                                     bank34       000000
__Lbank35                                     bank35       000000
__Lbank36                                     bank36       000000
__Lbank5                                      bank5        000000
__Lbank6                                      bank6        000000
__Lbank7                                      bank7        000000
__Lbank8                                      bank8        000000
__Lbank9                                      bank9        000000
__Lbigbss                                     bigbss       000000
__Lbigdata                                    bigdata      000000
__Lbigram                                     bigram       000000
__Lbigsfr                                     bigsfr       000000
__Lbss                                        bss          000000
__LbssBANK5                                   bssBANK5     000000
__LbssCOMRAM                                  bssCOMRAM    000000
__Lcinit                                      cinit        000000
__Lclrtext                                    clrtext      000000
__Lcomram                                     comram       000000
__Lconfig                                     config       000000
__Lconst                                      const        000000
__LcstackBANK5                                cstackBANK5  000000
__LcstackCOMRAM                               cstackCOMRAM 000000
__Ldata                                       data         000000
__Leeprom_data                                eeprom_data  000000
__Lfarbss                                     farbss       000000
__Lfardata                                    fardata      000000
__Lheap                                       heap         000000
__Libigdata                                   ibigdata     000000
__Lidata                                      idata        000000
__Lidloc                                      idloc        000000
__Lifardata                                   ifardata     000000
__Linit                                       init         000102
__Lintsave_regs                               intsave_regs 000000
__Lirdata                                     irdata       000000
__Livt0x8                                     ivt0x8       000008
__Lmediumconst                                mediumconst  00FE7E
__LnvBANK5                                    nvBANK5      000000
__LnvFARRAM                                   nvFARRAM     000000
__Lnvbit                                      nvbit        000000
__Lnvrram                                     nvrram       000000
__Lparam                                      rparam       000000
__Lpowerup                                    powerup      000000
__Lram                                        ram          000000
__Lramtop                                     ramtop       002600
__Lrbit                                       rbit         000000
__Lrbss                                       rbss         000000
__Lrdata                                      rdata        000000
__Lreset_vec                                  reset_vec    000000
__Lrparam                                     rparam       000000
__Lsfr                                        sfr          000000
__Lsmallconst                                 smallconst   000000
__Lspace_0                                    (abs)        000000
__Lspace_1                                    (abs)        000000
__Lspace_2                                    (abs)        000000
__Lspace_4                                    (abs)        000000
__Lstack                                      stack        000000
__Lstruct                                     struct       000000
__Ltemp                                       temp         000000
__Ltext                                       text         000000
__Ltext0                                      text0        000000
__Ltext1                                      text1        000000
__Ltext10                                     text10       000000
__Ltext11                                     text11       000000
__Ltext12                                     text12       000000
__Ltext13                                     text13       000000
__Ltext14                                     text14       000000
__Ltext15                                     text15       000000
__Ltext16                                     text16       000000
__Ltext17                                     text17       000000
__Ltext18                                     text18       000000
__Ltext19                                     text19       000000
__Ltext2                                      text2        000000
__Ltext20                                     text20       000000
__Ltext21                                     text21       000000
__Ltext22                                     text22       000000
__Ltext23                                     text23       000000
__Ltext24                                     text24       000000
__Ltext25                                     text25       000000
__Ltext26                                     text26       000000
__Ltext27                                     text27       000000
__Ltext28                                     text28       000000
__Ltext29                                     text29       000000
__Ltext3                                      text3        000000
__Ltext30                                     text30       000000
__Ltext31                                     text31       000000
__Ltext32                                     text32       000000
__Ltext33                                     text33       000000
__Ltext34                                     text34       000000
__Ltext35                                     text35       000000
__Ltext36                                     text36       000000
__Ltext37                                     text37       000000
__Ltext38                                     text38       000000
__Ltext39                                     text39       000000
__Ltext4                                      text4        000000
__Ltext40                                     text40       000000
__Ltext41                                     text41       000000
__Ltext42                                     text42       000000
__Ltext43                                     text43       000000
__Ltext44                                     text44       000000
__Ltext45                                     text45       000000
__Ltext46                                     text46       000000
__Ltext47                                     text47       000000
__Ltext48                                     text48       000000
__Ltext49                                     text49       000000
__Ltext5                                      text5        000000
__Ltext50                                     text50       000000
__Ltext51                                     text51       000000
__Ltext52                                     text52       000000
__Ltext53                                     text53       000000
__Ltext54                                     text54       000000
__Ltext55                                     text55       000000
__Ltext56                                     text56       000000
__Ltext57                                     text57       000000
__Ltext58                                     text58       000000
__Ltext6                                      text6        000000
__Ltext7                                      text7        000000
__Ltext8                                      text8        000000
__Ltext9                                      text9        000000
__S0                                          (abs)        01147E
__S1                                          (abs)        000595
__S4                                          (abs)        000000
__S5                                          (abs)        000000
___awmod                                      text7        010CB6
___awmod@counter                              cstackCOMRAM 00051C
___awmod@dividend                             cstackCOMRAM 000518
___awmod@divisor                              cstackCOMRAM 00051A
___awmod@sign                                 cstackCOMRAM 00051D
___heap_hi                                    (abs)        000000
___heap_lo                                    (abs)        000000
___inthi_sp                                   stack        000000
___inthi_stack_hi                             stack        000000
___inthi_stack_lo                             stack        000000
___intlo_sp                                   stack        000000
___intlo_stack_hi                             stack        000000
___intlo_stack_lo                             stack        000000
___param_bank                                 (abs)        000000
___rparam_used                                (abs)        000001
___sp                                         stack        000000
___stack_hi                                   stack        000000
___stack_lo                                   stack        000000
__accesstop                                   (abs)        000560
__activetblptr                                (abs)        000003
__end_of_CLOCK_Initialize                     text20       01139C
__end_of_Default_ISR                          text46       011476
__end_of_I2C1_AddrTransmit                    text29       011442
__end_of_I2C1_BufferClear                     text33       01144A
__end_of_I2C1_BusReset                        text40       0110DC
__end_of_I2C1_Close                           text30       0112A6
__end_of_I2C1_CounterGet                      text25       011462
__end_of_I2C1_CounterSet                      text28       01143A
__end_of_I2C1_DataReceive                     text44       011474
__end_of_I2C1_DataTransmit                    text24       011432
__end_of_I2C1_ERROR_ISR                       text34       010BF8
__end_of_I2C1_ErrorFlagsClear                 text32       01142A
__end_of_I2C1_Host                            mediumconst  00FEBE
__end_of_I2C1_ISR                             text21       010CB6
__end_of_I2C1_Initialize                      text18       011050
__end_of_I2C1_InterruptsClear                 text31       01146E
__end_of_I2C1_InterruptsDisable               text42       0113E8
__end_of_I2C1_InterruptsEnable                text19       011388
__end_of_I2C1_IsAddr                          text39       011374
__end_of_I2C1_IsBusCol                        text38       01135E
__end_of_I2C1_IsBusTimeOut                    text37       011348
__end_of_I2C1_IsData                          text36       011332
__end_of_I2C1_IsNack                          text35       01131C
__end_of_I2C1_RX_ISR                          text43       0113C4
__end_of_I2C1_ReadStart                       text26       011280
__end_of_I2C1_RestartDisable                  text23       01145C
__end_of_I2C1_StartSend                       text27       011468
__end_of_I2C1_StopSend                        text22       01125A
__end_of_I2C1_TX_ISR                          text45       0113D8
__end_of_INT0_CallBack                        text48       011178
__end_of_INT0_DefaultInterruptHandler         text49       011478
__end_of_INT0_ISR                             text47       0112C0
__end_of_INT0_SetInterruptHandler             text17       011420
__end_of_INT1_CallBack                        text51       0111AA
__end_of_INT1_DefaultInterruptHandler         text52       01147A
__end_of_INT1_ISR                             text50       0112D8
__end_of_INT1_SetInterruptHandler             text16       011412
__end_of_INT2_CallBack                        text54       0111DC
__end_of_INT2_DefaultInterruptHandler         text55       01147C
__end_of_INT2_ISR                             text53       0112F0
__end_of_INT2_SetInterruptHandler             text15       011404
__end_of_INTERRUPT_Initialize                 text14       010F86
__end_of_PIN_MANAGER_Initialize               text13       010E84
__end_of_SYSTEM_Initialize                    text11       011306
__end_of_TMR0_DefaultOverflowCallback         text57       01147E
__end_of_TMR0_ISR                             text56       01109E
__end_of_TMR0_Initialize                      text12       011146
__end_of_TMR0_OverflowCallbackRegister        text10       0113F6
__end_of_TMR0_Start                           text8        011450
__end_of_TMR0_Stop                            text9        011456
__end_of_Timer0                               mediumconst  00FEA0
__end_of___awmod                              text7        010D64
__end_of__initialization                      cinit        011202
__end_of_clock_init                           text5        0107F8
__end_of_display_controll                     text4        010994
__end_of_display_digit                        text6        010B0E
__end_of_main                                 text0        010FF6
__end_of_memset                               text2        011114
__end_of_numbers                              mediumconst  00FFFE
__end_of_numbers_DP                           mediumconst  00FF5E
__end_of_pin_init                             text3        011234
__end_of_system_clock                         text1        010DF6
__end_of_timer                                text58       010F08
__end_ofi2_I2C1_InterruptsEnable              text41       0113B0
__initialization                              cinit        0111DC
__mediumconst                                 mediumconst  00FE7E
__pbssBANK5                                   bssBANK5     000580
__pbssCOMRAM                                  bssCOMRAM    000526
__pcinit                                      cinit        0111DC
__pcstackBANK5                                cstackBANK5  000560
__pcstackCOMRAM                               cstackCOMRAM 000501
__pivt0x8                                     ivt0x8       000008
__pmediumconst                                mediumconst  00FE7E
__pnvBANK5                                    nvBANK5      000592
__ptext0                                      text0        010F86
__ptext1                                      text1        010D64
__ptext10                                     text10       0113E8
__ptext11                                     text11       0112F0
__ptext12                                     text12       011114
__ptext13                                     text13       010DF6
__ptext14                                     text14       010F08
__ptext15                                     text15       0113F6
__ptext16                                     text16       011404
__ptext17                                     text17       011412
__ptext18                                     text18       010FF6
__ptext19                                     text19       011374
__ptext2                                      text2        0110DC
__ptext20                                     text20       011388
__ptext21                                     text21       010BF8
__ptext22                                     text22       011234
__ptext23                                     text23       011456
__ptext24                                     text24       01142A
__ptext25                                     text25       01145C
__ptext26                                     text26       01125A
__ptext27                                     text27       011462
__ptext28                                     text28       011432
__ptext29                                     text29       01143A
__ptext3                                      text3        011208
__ptext30                                     text30       011280
__ptext31                                     text31       011468
__ptext32                                     text32       011420
__ptext33                                     text33       011442
__ptext34                                     text34       010B10
__ptext35                                     text35       011306
__ptext36                                     text36       01131C
__ptext37                                     text37       011332
__ptext38                                     text38       011348
__ptext39                                     text39       01135E
__ptext4                                      text4        0107F8
__ptext40                                     text40       01109E
__ptext41                                     text41       01139C
__ptext42                                     text42       0113D8
__ptext43                                     text43       0113B0
__ptext44                                     text44       01146E
__ptext45                                     text45       0113C4
__ptext46                                     text46       011474
__ptext47                                     text47       0112A8
__ptext48                                     text48       011146
__ptext49                                     text49       011476
__ptext5                                      text5        010000
__ptext50                                     text50       0112C0
__ptext51                                     text51       011178
__ptext52                                     text52       011478
__ptext53                                     text53       0112D8
__ptext54                                     text54       0111AA
__ptext55                                     text55       01147A
__ptext56                                     text56       011050
__ptext57                                     text57       01147C
__ptext58                                     text58       010E84
__ptext6                                      text6        010994
__ptext7                                      text7        010CB6
__ptext8                                      text8        01144A
__ptext9                                      text9        011450
__ramtop                                      ramtop       002600
__smallconst                                  mediumconst  00FE7E
_clock_init                                   text5        010000
_clock_init$1576                              cstackBANK5  000560
_clock_init$1577                              cstackBANK5  000562
_clock_init$1578                              cstackBANK5  000564
_clock_init$1579                              cstackBANK5  000566
_clock_init$1580                              cstackBANK5  000568
_clock_init$1581                              cstackBANK5  00056A
_clock_init$1582                              cstackBANK5  00056C
_clock_init$1583                              cstackBANK5  00056E
_clock_init$1584                              cstackBANK5  000570
_clock_init$1585                              cstackBANK5  000572
_clock_init$1586                              cstackBANK5  000574
_clock_init$1587                              cstackBANK5  000576
_display_controll                             text4        0107F8
_display_digit                                text6        010994
_i2c1Status                                   bssCOMRAM    000526
_in_setup_mode                                bssCOMRAM    00053D
_main                                         text0        010F86
_memset                                       text2        0110DC
_ms_counter                                   bssCOMRAM    000537
_ms_sync_counter                              bssCOMRAM    000533
_numbers                                      mediumconst  00FF5E
_numbers_DP                                   mediumconst  00FEBE
_numbers_out                                  bssBANK5     00058C
_pin_init                                     text3        011208
_sys_clock                                    bssCOMRAM    00053C
_system_clock                                 text1        010D64
_timer                                        text58       010E84
_tmr0PeriodCount                              bssCOMRAM    000539
clock_init@hold_button_time                   cstackBANK5  00057C
clock_init@i                                  cstackBANK5  00057A
clock_init@numbers_out                        cstackCOMRAM 00051E
clock_init@selected_digit                     cstackBANK5  00057E
clock_init@theshold                           cstackBANK5  000578
display_controll@i                            cstackCOMRAM 000524
display_digit@segments                        cstackCOMRAM 000518
end_of_initialization                         cinit        011202
i2_I2C1_InterruptsEnable                      text41       01139C
intlevel0                                     text         000000
intlevel1                                     text         000000
intlevel2                                     text         000000
intlevel3                                     text         000000
isa$std                                       (abs)        000001
isa$xinst                                     (abs)        000000
ivt0x8_base                                   ivt0x8       000008
ivt0x8_undefint                               ivt0x8       000100
memset@c                                      cstackCOMRAM 00051A
memset@dest                                   cstackCOMRAM 000518
memset@n                                      cstackCOMRAM 00051C
memset@p                                      cstackCOMRAM 00051E
stackhi                                       (abs)        000000
stacklo                                       (abs)        000000
start                                         init         000102
start_initialization                          cinit        0111DC


MODULE INFORMATION

Module		Function		Class		Link	Load	Size
/home/nontoxiccat/Desktop/KiCad projects/Rocnikovy_Projekt_S3E/Hodiny/My_MCC_Config/mcc/mcc_generated_files/i2c_host/src/i2c1.c
		_I2C1_RX_ISR   		CODE           	113B0	0000	20
		_I2C1_InterruptsEnable		CODE           	11374	0000	20
		_I2C1_CounterGet		CODE           	1145C	0000	6
		_I2C1_CounterSet		CODE           	11432	0000	8
		_I2C1_ReadStart		CODE           	1125A	0000	38
		_I2C1_InterruptsClear		CODE           	11468	0000	6
		_I2C1_ISR      		CODE           	10BF8	0000	190
		_I2C1_DataReceive		CODE           	1146E	0000	6
		_I2C1_IsData   		CODE           	1131C	0000	22
		_I2C1_IsNack   		CODE           	11306	0000	22
		_I2C1_IsAddr   		CODE           	1135E	0000	22
		_I2C1_InterruptsDisable		CODE           	113D8	0000	16
		_I2C1_BufferClear		CODE           	11442	0000	8
		_I2C1_BusReset 		CODE           	1109E	0000	62
		_I2C1_Initialize		CODE           	10FF6	0000	90
		_I2C1_Close    		CODE           	11280	0000	38
		_I2C1_IsBusCol 		CODE           	11348	0000	22
		_I2C1_ERROR_ISR		CODE           	10B10	0000	232
		_I2C1_ErrorFlagsClear		CODE           	11420	0000	10
		_I2C1_TX_ISR   		CODE           	113C4	0000	20
		_I2C1_StopSend 		CODE           	11234	0000	38
		_I2C1_RestartDisable		CODE           	11456	0000	6
		_I2C1_DataTransmit		CODE           	1142A	0000	8
		_I2C1_AddrTransmit		CODE           	1143A	0000	8
		_I2C1_IsBusTimeOut		CODE           	11332	0000	22
		_I2C1_StartSend		CODE           	11462	0000	6

/home/nontoxiccat/Desktop/KiCad projects/Rocnikovy_Projekt_S3E/Hodiny/My_MCC_Config/mcc/mcc_generated_files/i2c_host/src/i2c1.c estimated size: 946

/opt/microchip/xc8/v3.10/pic/sources/c99/common/memset.c
		_memset        		CODE           	110DC	0000	56

/opt/microchip/xc8/v3.10/pic/sources/c99/common/memset.c estimated size: 56

/home/nontoxiccat/Desktop/KiCad projects/Rocnikovy_Projekt_S3E/Hodiny/My_MCC_Config/mcc/mcc_generated_files/system/src/pins.c
		_PIN_MANAGER_Initialize		CODE           	10DF6	0000	142

/home/nontoxiccat/Desktop/KiCad projects/Rocnikovy_Projekt_S3E/Hodiny/My_MCC_Config/mcc/mcc_generated_files/system/src/pins.c estimated size: 142

/home/nontoxiccat/Desktop/KiCad projects/Rocnikovy_Projekt_S3E/Hodiny/My_MCC_Config/mcc/mcc_generated_files/timer/src/tmr0.c
		_TMR0_OverflowCallbackRegister		CODE           	113E8	0000	14
		_TMR0_DefaultOverflowCallback		CODE           	1147C	0000	2
		_TMR0_ISR      		CODE           	11050	0000	78
		_TMR0_Initialize		CODE           	11114	0000	50
		_TMR0_Stop     		CODE           	11450	0000	6
		_TMR0_Start    		CODE           	1144A	0000	6

/home/nontoxiccat/Desktop/KiCad projects/Rocnikovy_Projekt_S3E/Hodiny/My_MCC_Config/mcc/mcc_generated_files/timer/src/tmr0.c estimated size: 156

/home/nontoxiccat/Desktop/KiCad projects/Rocnikovy_Projekt_S3E/Hodiny/clock_config.h
		_pin_init      		CODE           	11208	0000	44

/home/nontoxiccat/Desktop/KiCad projects/Rocnikovy_Projekt_S3E/Hodiny/clock_config.h estimated size: 44

/home/nontoxiccat/Desktop/KiCad projects/Rocnikovy_Projekt_S3E/Hodiny/My_MCC_Config/mcc/mcc_generated_files/system/src/interrupt.c
		_INT0_SetInterruptHandler		CODE           	11412	0000	14
		_INT1_SetInterruptHandler		CODE           	11404	0000	14
		_INT2_SetInterruptHandler		CODE           	113F6	0000	14
		_INTERRUPT_Initialize		CODE           	10F08	0000	126
		_INT0_DefaultInterruptHandler		CODE           	11476	0000	2
		_INT0_CallBack 		CODE           	11146	0000	50
		_INT1_DefaultInterruptHandler		CODE           	11478	0000	2
		_INT1_CallBack 		CODE           	11178	0000	50
		_INT2_DefaultInterruptHandler		CODE           	1147A	0000	2
		_INT2_CallBack 		CODE           	111AA	0000	50
		_Default_ISR   		CODE           	11474	0000	2
		_INT0_ISR      		CODE           	112A8	0000	24
		_INT1_ISR      		CODE           	112C0	0000	24
		_INT2_ISR      		CODE           	112D8	0000	24

/home/nontoxiccat/Desktop/KiCad projects/Rocnikovy_Projekt_S3E/Hodiny/My_MCC_Config/mcc/mcc_generated_files/system/src/interrupt.c estimated size: 398

/opt/microchip/xc8/v3.10/pic/sources/c99/common/awmod.c
		___awmod       		CODE           	10CB6	0000	174

/opt/microchip/xc8/v3.10/pic/sources/c99/common/awmod.c estimated size: 174

shared
		i2_I2C1_InterruptsEnable		CODE           	1139C	0000	20
		__initialization		CODE           	111DC	0000	38
		_I2C1_Host     		MEDIUMCONST    	FEA0	0000	30
		_numbers       		MEDIUMCONST    	FF5E	0000	160
		_numbers_DP    		MEDIUMCONST    	FEBE	0000	160
		_Timer0        		MEDIUMCONST    	FE7F	0000	33

shared estimated size: 441

/home/nontoxiccat/Desktop/KiCad projects/Rocnikovy_Projekt_S3E/Hodiny/My_MCC_Config/mcc/mcc_generated_files/system/src/clock.c
		_CLOCK_Initialize		CODE           	11388	0000	20

/home/nontoxiccat/Desktop/KiCad projects/Rocnikovy_Projekt_S3E/Hodiny/My_MCC_Config/mcc/mcc_generated_files/system/src/clock.c estimated size: 20

/home/nontoxiccat/Desktop/KiCad projects/Rocnikovy_Projekt_S3E/Hodiny/main.c
		_clock_init    		CODE           	10000	0000	2040
		_system_clock  		CODE           	10D64	0000	146
		_main          		CODE           	10F86	0000	112
		_display_digit 		CODE           	10994	0000	378
		_display_controll		CODE           	107F8	0000	412
		_timer         		CODE           	10E84	0000	132

/home/nontoxiccat/Desktop/KiCad projects/Rocnikovy_Projekt_S3E/Hodiny/main.c estimated size: 3220

/home/nontoxiccat/Desktop/KiCad projects/Rocnikovy_Projekt_S3E/Hodiny/My_MCC_Config/mcc/mcc_generated_files/system/src/system.c
		_SYSTEM_Initialize		CODE           	112F0	0000	22

/home/nontoxiccat/Desktop/KiCad projects/Rocnikovy_Projekt_S3E/Hodiny/My_MCC_Config/mcc/mcc_generated_files/system/src/system.c estimated size: 22

