Microchip MPLAB XC8 Compiler V3.10

Linker command line:

-W-3 --edf=/opt/microchip/xc8/v3.10/pic/dat/20250813170317_en.msgs \
  -pivt0x8=08h -cn \
  -h+/home/nontoxiccat/Desktop/KiCad projects/Rocnikovy_Projekt_S3E/Hodiny/out/Hodiny/default.sym \
  --cmf=/home/nontoxiccat/Desktop/KiCad projects/Rocnikovy_Projekt_S3E/Hodiny/out/Hodiny/default.cmf \
  -z -Q18F47Q43 -o/tmp/xcXcdcPPN/driver_tmp_3.o --defsym=__MPLAB_BUILD=1 \
  --fixupoverflow=error -Mmem.map --md=/tmp/xcXcdcPPN/driver_tmp_0.dat -E1 \
  -ver=XC8 Compiler -ACODE=00h-01FFFFh -ACONST=00h-01FFFFh \
  -ASMALLCONST=02600h-026FFhx218,012600h-0126FFhx218 \
  -AMEDIUMCONST=02600h-0FFFFh,012600h-01FFFFh -ACOMRAM=0501h-055Fh \
  -AABS1=0500h-024FFh -ABIGRAM=0501h-024FFh \
  -ARAM=0560h-05FFh,0600h-06FFhx31 -ABANK5=0560h-05FFh -ABANK6=0600h-06FFh \
  -ABANK7=0700h-07FFh -ABANK8=0800h-08FFh -ABANK9=0900h-09FFh \
  -ABANK10=0A00h-0AFFh -ABANK11=0B00h-0BFFh -ABANK12=0C00h-0CFFh \
  -ABANK13=0D00h-0DFFh -ABANK14=0E00h-0EFFh -ABANK15=0F00h-0FFFh \
  -ABANK16=01000h-010FFh -ABANK17=01100h-011FFh -ABANK18=01200h-012FFh \
  -ABANK19=01300h-013FFh -ABANK20=01400h-014FFh -ABANK21=01500h-015FFh \
  -ABANK22=01600h-016FFh -ABANK23=01700h-017FFh -ABANK24=01800h-018FFh \
  -ABANK25=01900h-019FFh -ABANK26=01A00h-01AFFh -ABANK27=01B00h-01BFFh \
  -ABANK28=01C00h-01CFFh -ABANK29=01D00h-01DFFh -ABANK30=01E00h-01EFFh \
  -ABANK31=01F00h-01FFFh -ABANK32=02000h-020FFh -ABANK33=02100h-021FFh \
  -ABANK34=02200h-022FFh -ABANK35=02300h-023FFh -ABANK36=02400h-024FFh \
  -ASFR=00h-0FFhx4,0400h-045Fh,0460h-04FFh,02500h-025FFh \
  -ABIGSFR=00h-04FFh,02500h-025FFh -ACONFIG=0300000h-0300011h \
  -AIDLOC=0200000h-020003Fh -AEEDATA=0380000h-03803FFh -peeprom_data=EEDATA \
  -preset_vec=00h -ppowerup=CODE,init -pramtop=02600h \
  -psmallconst=SMALLCONST -pmediumconst=MEDIUMCONST -pconst=CONST \
  -AFARRAM=00h-00h \
  -prdata=COMRAM,nvrram=COMRAM,nvbit=COMRAM,rbss=COMRAM,rbit=COMRAM \
  -pfarbss=FARRAM,fardata=FARRAM,nvFARRAM=FARRAM \
  -pintsave_regs=BIGRAM,bigbss=BIGRAM,bigdata=BIGRAM -pbss=RAM \
  -pidata=CODE,irdata=CODE,ibigdata=CODE,ifardata=CODE -prparam=COMRAM \
  /tmp/xcXcdcPPN/driver_tmp_9.o \
  /home/nontoxiccat/Desktop/KiCad projects/Rocnikovy_Projekt_S3E/Hodiny/out/Hodiny/default.o 

Object code version is 3.11

Machine type is 18F47Q43



                Name                               Link     Load   Length Selector   Space Scale
/tmp/xcXcdcPPN/driver_tmp_9.o
                config                           300000   300000        A        0       4
                init                                102      102        4        4       0
                reset_vec                             0        0        4        0       0
/home/nontoxiccat/Desktop/KiCad projects/Rocnikovy_Projekt_S3E/Hodiny/out/Hodiny/default.o
                config                           300000   300000        A        0       4
                mediumconst                        FE7E     FE7E      182     7F3F       0
                ivt0x8                                8        8       FA        4       0
                text71                            10EF6    10EF6       86     42BB       0
                text70                            11658    11658        2     4594       0
                text69                            11054    11054       4E     42BB       0
                text68                            11656    11656        2     4594       0
                text67                            112EC    112EC       32     42BB       0
                text66                            11490    11490       18     4518       0
                text65                            11654    11654        2     4594       0
                text64                            112BA    112BA       32     42BB       0
                text63                            11478    11478       18     4518       0
                text62                            11652    11652        2     4594       0
                text61                            11288    11288       32     42BB       0
                text60                            11460    11460       18     4518       0
                text59                            11650    11650        2     4594       0
                text58                            1157C    1157C       14     4518       0
                text57                            11648    11648        6     4518       0
                text56                            11568    11568       14     4518       0
                text55                            11590    11590       10     4518       0
                text54                            11554    11554       14     4518       0
                text53                            11136    11136       3E     42BB       0
                text52                            11516    11516       16     4518       0
                text51                            11500    11500       16     4518       0
                text50                            114EA    114EA       16     4518       0
                text49                            114D4    114D4       16     4518       0
                text48                            114BE    114BE       16     4518       0
                text47                            11642    11642        6     4518       0
                text46                            10AEC    10AEC       F2     42BB       0
                text45                            1160A    1160A        8     4518       0
                text44                            115D8    115D8        A     4518       0
                text43                            1163C    1163C        6     4518       0
                text42                            11416    11416       26     42BB       0
                text41                            11602    11602        8     4518       0
                text40                            115FA    115FA        8     4518       0
                text39                            11636    11636        6     4518       0
                text38                            113F0    113F0       26     42BB       0
                text37                            11630    11630        6     4518       0
                text36                            115F2    115F2        8     4518       0
                text35                            1162A    1162A        6     4518       0
                text34                            113CA    113CA       26     42BB       0
                text33                            10E68    10E68       8E     42BB       0
                text32                            1143C    1143C       22     42BB       0
                text31                            113A0    113A0       2A     42BB       0
                text30                            115EA    115EA        8     4518       0
                text29                            115E2    115E2        8     4518       0
                text28                            11624    11624        6     4518       0
                text27                            1161E    1161E        6     4518       0
                text26                            111B0    111B0       3A     42BB       0
                text25                            110A2    110A2       4C     42BB       0
                text24                            11376    11376       2A     42BB       0
                text23                            11540    11540       14     4518       0
                text22                            1152C    1152C       14     4518       0
                text21                            10FFA    10FFA       5A     42BB       0
                text20                            115CA    115CA        E     4518       0
                text19                            115BC    115BC        E     4518       0
                text18                            115AE    115AE        E     4518       0
                text17                            10F7C    10F7C       7E     42BB       0
                text16                            10DDA    10DDA       8E     42BB       0
                text15                            11256    11256       32     42BB       0
                text14                            114A8    114A8       16     4518       0
                text13                            115A0    115A0        E     4518       0
                text12                            11618    11618        6     4518       0
                text11                            11612    11612        6     4518       0
                text10                            110EE    110EE       48     42BB       0
                text9                             11174    11174       3C     42BB       0
                text8                             10C9C    10C9C       AE     42BB       0
                text7                             10970    10970      17A     8000       0
                text6                             10000    10000      7D4     8000       0
                text5                             107D4    107D4      19C     8000       0
                text4                             1134A    1134A       2C     42BB       0
                text3                             11222    11222       34     42BB       0
                text2                             111EA    111EA       38     42BB       0
                text1                             10D4A    10D4A       90     42BB       0
                text0                             10BDE    10BDE       BE     42BB       0
                cstackCOMRAM                        501      501       38      501       1
                cstackBANK5                         57E      57E        4      560       1
                bssBANK5                            560      560       1E      560       1
                bssCOMRAM                           539      539       19      501       1
                cinit                             1131E    1131E       2C     42BB       0
                nvBANK5                             582      582        3      560       1

TOTAL           Name                               Link     Load   Length     Space
        CLASS   CODE           
                init                                102      102        4         0
                reset_vec                             0        0        4         0
                ivt0x8                                8        8       FA         0
                text71                            10EF6    10EF6       86         0
                text70                            11658    11658        2         0
                text69                            11054    11054       4E         0
                text68                            11656    11656        2         0
                text67                            112EC    112EC       32         0
                text66                            11490    11490       18         0
                text65                            11654    11654        2         0
                text64                            112BA    112BA       32         0
                text63                            11478    11478       18         0
                text62                            11652    11652        2         0
                text61                            11288    11288       32         0
                text60                            11460    11460       18         0
                text59                            11650    11650        2         0
                text58                            1157C    1157C       14         0
                text57                            11648    11648        6         0
                text56                            11568    11568       14         0
                text55                            11590    11590       10         0
                text54                            11554    11554       14         0
                text53                            11136    11136       3E         0
                text52                            11516    11516       16         0
                text51                            11500    11500       16         0
                text50                            114EA    114EA       16         0
                text49                            114D4    114D4       16         0
                text48                            114BE    114BE       16         0
                text47                            11642    11642        6         0
                text46                            10AEC    10AEC       F2         0
                text45                            1160A    1160A        8         0
                text44                            115D8    115D8        A         0
                text43                            1163C    1163C        6         0
                text42                            11416    11416       26         0
                text41                            11602    11602        8         0
                text40                            115FA    115FA        8         0
                text39                            11636    11636        6         0
                text38                            113F0    113F0       26         0
                text37                            11630    11630        6         0
                text36                            115F2    115F2        8         0
                text35                            1162A    1162A        6         0
                text34                            113CA    113CA       26         0
                text33                            10E68    10E68       8E         0
                text32                            1143C    1143C       22         0
                text31                            113A0    113A0       2A         0
                text30                            115EA    115EA        8         0
                text29                            115E2    115E2        8         0
                text28                            11624    11624        6         0
                text27                            1161E    1161E        6         0
                text26                            111B0    111B0       3A         0
                text25                            110A2    110A2       4C         0
                text24                            11376    11376       2A         0
                text23                            11540    11540       14         0
                text22                            1152C    1152C       14         0
                text21                            10FFA    10FFA       5A         0
                text20                            115CA    115CA        E         0
                text19                            115BC    115BC        E         0
                text18                            115AE    115AE        E         0
                text17                            10F7C    10F7C       7E         0
                text16                            10DDA    10DDA       8E         0
                text15                            11256    11256       32         0
                text14                            114A8    114A8       16         0
                text13                            115A0    115A0        E         0
                text12                            11618    11618        6         0
                text11                            11612    11612        6         0
                text10                            110EE    110EE       48         0
                text9                             11174    11174       3C         0
                text8                             10C9C    10C9C       AE         0
                text7                             10970    10970      17A         0
                text6                             10000    10000      7D4         0
                text5                             107D4    107D4      19C         0
                text4                             1134A    1134A       2C         0
                text3                             11222    11222       34         0
                text2                             111EA    111EA       38         0
                text1                             10D4A    10D4A       90         0
                text0                             10BDE    10BDE       BE         0
                cinit                             1131E    1131E       2C         0

        CLASS   CONST          

        CLASS   SMALLCONST     

        CLASS   MEDIUMCONST    
                mediumconst                        FE7E     FE7E      182         0

        CLASS   COMRAM         
                cstackCOMRAM                        501      501       38         1
                bssCOMRAM                           539      539       19         1

        CLASS   ABS1           

        CLASS   BIGRAM         

        CLASS   RAM            

        CLASS   BANK5          
                cstackBANK5                         57E      57E        4         1
                bssBANK5                            560      560       1E         1
                nvBANK5                             582      582        3         1

        CLASS   BANK6          

        CLASS   BANK7          

        CLASS   BANK8          

        CLASS   BANK9          

        CLASS   BANK10         

        CLASS   BANK11         

        CLASS   BANK12         

        CLASS   BANK13         

        CLASS   BANK14         

        CLASS   BANK15         

        CLASS   BANK16         

        CLASS   BANK17         

        CLASS   BANK18         

        CLASS   BANK19         

        CLASS   BANK20         

        CLASS   BANK21         

        CLASS   BANK22         

        CLASS   BANK23         

        CLASS   BANK24         

        CLASS   BANK25         

        CLASS   BANK26         

        CLASS   BANK27         

        CLASS   BANK28         

        CLASS   BANK29         

        CLASS   BANK30         

        CLASS   BANK31         

        CLASS   BANK32         

        CLASS   BANK33         

        CLASS   BANK34         

        CLASS   BANK35         

        CLASS   BANK36         

        CLASS   SFR            

        CLASS   BIGSFR         

        CLASS   CONFIG         
                config                           300000   300000        A         4

        CLASS   IDLOC          

        CLASS   EEDATA         

        CLASS   FARRAM         

        CLASS   HEAP           

        CLASS   STACK          



SEGMENTS        Name                           Load    Length   Top    Selector   Space  Class

                reset_vec                      000000  000004  000004         0       0  CODE    
                text6                          010000  000AEA  010AEA      8000       0  CODE    
                text46                         010AEC  000972  01145E      42BB       0  CODE    
                text59                         011650  00000A  01165A      4594       0  CODE    
                text60                         011460  0001EE  01164E      4518       0  CODE    
                mediumconst                    00FE7E  000182  010000      7F3F       0  MEDIUMCO
                cstackCOMRAM                   000501  000051  000552       501       1  COMRAM  
                ivt0x8                         000008  0000FE  000106         4       0  CODE    
                bssBANK5                       000560  000025  000585       560       1  BANK5   


UNUSED ADDRESS RANGES

        Name                Unused          Largest block    Delta
        BANK10           000A00-000AFF              100
        BANK11           000B00-000BFF              100
        BANK12           000C00-000CFF              100
        BANK13           000D00-000DFF              100
        BANK14           000E00-000EFF              100
        BANK15           000F00-000FFF              100
        BANK16           001000-0010FF              100
        BANK17           001100-0011FF              100
        BANK18           001200-0012FF              100
        BANK19           001300-0013FF              100
        BANK20           001400-0014FF              100
        BANK21           001500-0015FF              100
        BANK22           001600-0016FF              100
        BANK23           001700-0017FF              100
        BANK24           001800-0018FF              100
        BANK25           001900-0019FF              100
        BANK26           001A00-001AFF              100
        BANK27           001B00-001BFF              100
        BANK28           001C00-001CFF              100
        BANK29           001D00-001DFF              100
        BANK30           001E00-001EFF              100
        BANK31           001F00-001FFF              100
        BANK32           002000-0020FF              100
        BANK33           002100-0021FF              100
        BANK34           002200-0022FF              100
        BANK35           002300-0023FF              100
        BANK36           002400-0024FF              100
        BANK5            000585-0005FF               7B
        BANK6            000600-0006FF              100
        BANK7            000700-0007FF              100
        BANK8            000800-0008FF              100
        BANK9            000900-0009FF              100
        BIGRAM           000552-00055F                E
                         000585-0024FF             1F7B
        BIGSFR           000000-0004FF              500
                         002500-0025FF              100
        CODE             000004-000007                4
                         000106-00FE7D             FD78
                         010AEA-010AEB                2
                         01145E-01145F                2
                         01164E-01164F                2
                         01165A-01FFFF             E9A6
        COMRAM           000552-00055F                E
        CONFIG           30000A-300011                8
        CONST            000004-000007                4
                         000106-00FE7D             FD78
                         010AEA-010AEB                2
                         01145E-01145F                2
                         01164E-01164F                2
                         01165A-01FFFF             E9A6
        EEDATA           380000-3803FF              400
        IDLOC            200000-20003F               40
        MEDIUMCONST      002600-00FE7D             D87E
                         012600-01FFFF             DA00
        RAM              000585-0024FF              100
        SFR              000000-0004FF              100
                         002500-0025FF              100
        SMALLCONST       002600-00FE7D              100
                         012600-01FFFF              100

                                  Symbol Table

?___awmod                                     cstackCOMRAM 00050E
I2C1_AddrTransmit@addr                        cstackCOMRAM 00050E
I2C1_CallbackRegister@callbackHandler         cstackCOMRAM 00050E
I2C1_CounterSet@counter                       cstackCOMRAM 00050E
I2C1_DataTransmit@data                        cstackCOMRAM 000505
I2C1_Write@address                            cstackCOMRAM 00050F
I2C1_Write@data                               cstackCOMRAM 000511
I2C1_Write@dataLength                         cstackCOMRAM 000513
I2C1_WriteRead@address                        cstackCOMRAM 00050F
I2C1_WriteRead@readData                       cstackCOMRAM 000515
I2C1_WriteRead@readLength                     cstackCOMRAM 000517
I2C1_WriteRead@writeData                      cstackCOMRAM 000511
I2C1_WriteRead@writeLength                    cstackCOMRAM 000513
INT0_SetInterruptHandler@InterruptHandler     cstackCOMRAM 00050E
INT1_SetInterruptHandler@InterruptHandler     cstackCOMRAM 00050E
INT2_SetInterruptHandler@InterruptHandler     cstackCOMRAM 00050E
INTERRUPT_Initialize@state                    cstackCOMRAM 000511
IVTBASEH                                      (abs)        00045E
IVTBASEL                                      (abs)        00045D
IVTBASEU                                      (abs)        00045F
TMR0_OverflowCallbackRegister@callbackHandler cstackCOMRAM 00050E
_ACTCON                                       (abs)        0000AC
_ANSELA                                       (abs)        000400
_ANSELB                                       (abs)        000408
_ANSELC                                       (abs)        000410
_ANSELD                                       (abs)        000418
_ANSELE                                       (abs)        000420
_CLOCK_Initialize                             text23       011540
_Default_ISR                                  text59       011650
_GIE                                          (abs)        0026B7
_I2C1ADB1                                     (abs)        00028F
_I2C1CLK                                      (abs)        00029C
_I2C1CNT                                      (abs)        00028D
_I2C1CON0                                     (abs)        000294
_I2C1CON0bits                                 (abs)        000294
_I2C1CON1                                     (abs)        000295
_I2C1CON1bits                                 (abs)        000295
_I2C1CON2                                     (abs)        000296
_I2C1ERR                                      (abs)        000297
_I2C1ERRbits                                  (abs)        000297
_I2C1PIE                                      (abs)        00029B
_I2C1PIEbits                                  (abs)        00029B
_I2C1PIR                                      (abs)        00029A
_I2C1PIRbits                                  (abs)        00029A
_I2C1RXB                                      (abs)        00028B
_I2C1SCLPPS                                   (abs)        000271
_I2C1SDAPPS                                   (abs)        000270
_I2C1STAT0bits                                (abs)        000298
_I2C1STAT1                                    (abs)        000299
_I2C1STAT1bits                                (abs)        000299
_I2C1TXB                                      (abs)        00028C
_I2C1_AddrTransmit                            text30       0115EA
_I2C1_BufferClear                             text45       01160A
_I2C1_BusReset                                text53       011136
_I2C1_Callback                                bssBANK5     000571
_I2C1_CallbackRegister                        text32       01143C
_I2C1_Close                                   text42       011416
_I2C1_CounterGet                              text37       011630
_I2C1_CounterSet                              text29       0115E2
_I2C1_DataReceive                             text57       011648
_I2C1_DataTransmit                            text36       0115F2
_I2C1_Deinitialize                            (abs)        000000
_I2C1_ERROR_ISR                               text46       010AEC
_I2C1_ErrorFlagsClear                         text44       0115D8
_I2C1_ErrorGet                                (abs)        000000
_I2C1_Host                                    mediumconst  00FEA0
_I2C1_ISR                                     text33       010E68
_I2C1_Initialize                              text21       010FFA
_I2C1_InterruptsClear                         text43       01163C
_I2C1_InterruptsDisable                       text55       011590
_I2C1_InterruptsEnable                        text22       01152C
_I2C1_IsAddr                                  text52       011516
_I2C1_IsBusCol                                text51       011500
_I2C1_IsBusTimeOut                            text50       0114EA
_I2C1_IsBusy                                  text31       0113A0
_I2C1_IsBusy$599                              cstackCOMRAM 00050E
_I2C1_IsData                                  text49       0114D4
_I2C1_IsNack                                  text48       0114BE
_I2C1_RX_ISR                                  text56       011568
_I2C1_Read                                    (abs)        000000
_I2C1_ReadStart                               text38       0113F0
_I2C1_RestartDisable                          text35       01162A
_I2C1_RestartEnable                           text28       011624
_I2C1_StartSend                               text27       01161E
_I2C1_StopSend                                text34       0113CA
_I2C1_TX_ISR                                  text58       01157C
_I2C1_Write                                   text10       0110EE
_I2C1_WriteRead                               text25       0110A2
_I2C1_WriteStart                              text26       0111B0
_I2C_trasmission_complete                     bssCOMRAM    00054A
_INLVLA                                       (abs)        000404
_INLVLB                                       (abs)        00040C
_INLVLC                                       (abs)        000414
_INLVLD                                       (abs)        00041C
_INLVLE                                       (abs)        000424
_INT0_CallBack                                text61       011288
_INT0_DefaultInterruptHandler                 text62       011652
_INT0_ISR                                     text60       011460
_INT0_InterruptHandler                        bssBANK5     00056E
_INT0_SetInterruptHandler                     text20       0115CA
_INT1_CallBack                                text64       0112BA
_INT1_DefaultInterruptHandler                 text65       011654
_INT1_ISR                                     text63       011478
_INT1_InterruptHandler                        bssBANK5     00056B
_INT1_SetInterruptHandler                     text19       0115BC
_INT2_CallBack                                text67       0112EC
_INT2_DefaultInterruptHandler                 text68       011656
_INT2_ISR                                     text66       011490
_INT2_InterruptHandler                        bssBANK5     000568
_INT2_SetInterruptHandler                     text18       0115AE
_INTCON0bits                                  (abs)        0004D6
_INTERRUPT_Initialize                         text17       010F7C
_IOCAF                                        (abs)        000407
_IOCAN                                        (abs)        000406
_IOCAP                                        (abs)        000405
_IOCBF                                        (abs)        00040F
_IOCBN                                        (abs)        00040E
_IOCBP                                        (abs)        00040D
_IOCCF                                        (abs)        000417
_IOCCN                                        (abs)        000416
_IOCCP                                        (abs)        000415
_IOCEF                                        (abs)        000427
_IOCEN                                        (abs)        000426
_IOCEP                                        (abs)        000425
_IPR3bits                                     (abs)        000365
_IPR7bits                                     (abs)        000369
_IVTBASEH                                     (abs)        00045E
_IVTBASEL                                     (abs)        00045D
_IVTBASEU                                     (abs)        00045F
_IVTLOCK                                      (abs)        000459
_IVTLOCKbits                                  (abs)        000459
_LATA                                         (abs)        0004BE
_LATB                                         (abs)        0004BF
_LATBbits                                     (abs)        0004BF
_LATC                                         (abs)        0004C0
_LATCbits                                     (abs)        0004C0
_LATD                                         (abs)        0004C1
_LATDbits                                     (abs)        0004C1
_LATE                                         (abs)        0004C2
_My_I2C1_Interrupt                            text47       011642
_ODCONA                                       (abs)        000402
_ODCONB                                       (abs)        00040A
_ODCONC                                       (abs)        000412
_ODCOND                                       (abs)        00041A
_ODCONE                                       (abs)        000422
_OSCCON1                                      (abs)        0000AD
_OSCCON3                                      (abs)        0000AF
_OSCEN                                        (abs)        0000B3
_OSCFRQ                                       (abs)        0000B1
_OSCTUNE                                      (abs)        0000B0
_PIE3bits                                     (abs)        0004A1
_PIE7bits                                     (abs)        0004A5
_PIN_MANAGER_Initialize                       text16       010DDA
_PIR10bits                                    (abs)        0004B8
_PIR1bits                                     (abs)        0004AF
_PIR3bits                                     (abs)        0004B1
_PIR6bits                                     (abs)        0004B4
_PORTAbits                                    (abs)        0004CE
_RB1I2C                                       (abs)        000289
_RB2I2C                                       (abs)        000288
_RC3I2C                                       (abs)        000287
_RC3PPS                                       (abs)        000214
_RC4I2C                                       (abs)        000286
_RC4PPS                                       (abs)        000215
_READ_RTC                                     text24       011376
_RTC_sync                                     bssCOMRAM    000548
_SLRCONA                                      (abs)        000403
_SLRCONB                                      (abs)        00040B
_SLRCONC                                      (abs)        000413
_SLRCOND                                      (abs)        00041B
_SLRCONE                                      (abs)        000423
_SYSTEM_Initialize                            text14       0114A8
_T0CON0                                       (abs)        00031A
_T0CON0bits                                   (abs)        00031A
_T0CON1                                       (abs)        00031B
_TMR0H                                        (abs)        000319
_TMR0L                                        (abs)        000318
_TMR0_CounterGet                              (abs)        000000
_TMR0_CounterSet                              (abs)        000000
_TMR0_DefaultOverflowCallback                 text70       011658
_TMR0_Deinitialize                            (abs)        000000
_TMR0_ISR                                     text69       011054
_TMR0_Initialize                              text15       011256
_TMR0_MaxCountGet                             (abs)        000000
_TMR0_OverflowCallback                        nvBANK5      000582
_TMR0_OverflowCallbackRegister                text13       0115A0
_TMR0_PeriodGet                               (abs)        000000
_TMR0_PeriodSet                               (abs)        000000
_TMR0_Start                                   text11       011612
_TMR0_Stop                                    text12       011618
_TRISA                                        (abs)        0004C6
_TRISAbits                                    (abs)        0004C6
_TRISB                                        (abs)        0004C7
_TRISC                                        (abs)        0004C8
_TRISCbits                                    (abs)        0004C8
_TRISD                                        (abs)        0004C9
_TRISDbits                                    (abs)        0004C9
_TRISE                                        (abs)        0004CA
_Timer0                                       mediumconst  00FE7F
_WPUA                                         (abs)        000401
_WPUB                                         (abs)        000409
_WPUC                                         (abs)        000411
_WPUD                                         (abs)        000419
_WPUE                                         (abs)        000421
_WRITE_RTC                                    text9        011174
__HRAM                                        (abs)        000000
__H__absolute__                               __absolute__ 000000
__Habs1                                       abs1         000000
__Hbank10                                     bank10       000000
__Hbank11                                     bank11       000000
__Hbank12                                     bank12       000000
__Hbank13                                     bank13       000000
__Hbank14                                     bank14       000000
__Hbank15                                     bank15       000000
__Hbank16                                     bank16       000000
__Hbank17                                     bank17       000000
__Hbank18                                     bank18       000000
__Hbank19                                     bank19       000000
__Hbank20                                     bank20       000000
__Hbank21                                     bank21       000000
__Hbank22                                     bank22       000000
__Hbank23                                     bank23       000000
__Hbank24                                     bank24       000000
__Hbank25                                     bank25       000000
__Hbank26                                     bank26       000000
__Hbank27                                     bank27       000000
__Hbank28                                     bank28       000000
__Hbank29                                     bank29       000000
__Hbank30                                     bank30       000000
__Hbank31                                     bank31       000000
__Hbank32                                     bank32       000000
__Hbank33                                     bank33       000000
__Hbank34                                     bank34       000000
__Hbank35                                     bank35       000000
__Hbank36                                     bank36       000000
__Hbank5                                      bank5        000000
__Hbank6                                      bank6        000000
__Hbank7                                      bank7        000000
__Hbank8                                      bank8        000000
__Hbank9                                      bank9        000000
__Hbigbss                                     bigbss       000000
__Hbigdata                                    bigdata      000000
__Hbigram                                     bigram       000000
__Hbigsfr                                     bigsfr       000000
__Hbss                                        bss          000000
__HbssBANK5                                   bssBANK5     000000
__HbssCOMRAM                                  bssCOMRAM    000000
__Hcinit                                      cinit        000000
__Hclrtext                                    clrtext      000000
__Hcomram                                     comram       000000
__Hconfig                                     config       30000A
__Hconst                                      const        000000
__HcstackBANK5                                cstackBANK5  000000
__HcstackCOMRAM                               cstackCOMRAM 000000
__Hdata                                       data         000000
__Heeprom_data                                eeprom_data  000000
__Hfarbss                                     farbss       000000
__Hfardata                                    fardata      000000
__Hheap                                       heap         000000
__Hibigdata                                   ibigdata     000000
__Hidata                                      idata        000000
__Hidloc                                      idloc        000000
__Hifardata                                   ifardata     000000
__Hinit                                       init         000106
__Hintsave_regs                               intsave_regs 000000
__Hirdata                                     irdata       000000
__Hivt0x8                                     ivt0x8       000102
__Hmediumconst                                mediumconst  010000
__HnvBANK5                                    nvBANK5      000000
__HnvFARRAM                                   nvFARRAM     000000
__Hnvbit                                      nvbit        000000
__Hnvrram                                     nvrram       000000
__Hparam                                      rparam       000000
__Hpowerup                                    powerup      000000
__Hram                                        ram          000000
__Hramtop                                     ramtop       002600
__Hrbit                                       rbit         000000
__Hrbss                                       rbss         000000
__Hrdata                                      rdata        000000
__Hreset_vec                                  reset_vec    000004
__Hrparam                                     rparam       000000
__Hsfr                                        sfr          000000
__Hsmallconst                                 smallconst   000000
__Hspace_0                                    (abs)        01165A
__Hspace_1                                    (abs)        000585
__Hspace_2                                    (abs)        000000
__Hspace_4                                    (abs)        60000A
__Hstack                                      stack        000000
__Hstruct                                     struct       000000
__Htemp                                       temp         000000
__Htext                                       text         000000
__Htext0                                      text0        000000
__Htext1                                      text1        000000
__Htext10                                     text10       000000
__Htext11                                     text11       000000
__Htext12                                     text12       000000
__Htext13                                     text13       000000
__Htext14                                     text14       000000
__Htext15                                     text15       000000
__Htext16                                     text16       000000
__Htext17                                     text17       000000
__Htext18                                     text18       000000
__Htext19                                     text19       000000
__Htext2                                      text2        000000
__Htext20                                     text20       000000
__Htext21                                     text21       000000
__Htext22                                     text22       000000
__Htext23                                     text23       000000
__Htext24                                     text24       000000
__Htext25                                     text25       000000
__Htext26                                     text26       000000
__Htext27                                     text27       000000
__Htext28                                     text28       000000
__Htext29                                     text29       000000
__Htext3                                      text3        000000
__Htext30                                     text30       000000
__Htext31                                     text31       000000
__Htext32                                     text32       000000
__Htext33                                     text33       000000
__Htext34                                     text34       000000
__Htext35                                     text35       000000
__Htext36                                     text36       000000
__Htext37                                     text37       000000
__Htext38                                     text38       000000
__Htext39                                     text39       000000
__Htext4                                      text4        000000
__Htext40                                     text40       000000
__Htext41                                     text41       000000
__Htext42                                     text42       000000
__Htext43                                     text43       000000
__Htext44                                     text44       000000
__Htext45                                     text45       000000
__Htext46                                     text46       000000
__Htext47                                     text47       000000
__Htext48                                     text48       000000
__Htext49                                     text49       000000
__Htext5                                      text5        000000
__Htext50                                     text50       000000
__Htext51                                     text51       000000
__Htext52                                     text52       000000
__Htext53                                     text53       000000
__Htext54                                     text54       000000
__Htext55                                     text55       000000
__Htext56                                     text56       000000
__Htext57                                     text57       000000
__Htext58                                     text58       000000
__Htext59                                     text59       000000
__Htext6                                      text6        000000
__Htext60                                     text60       000000
__Htext61                                     text61       000000
__Htext62                                     text62       000000
__Htext63                                     text63       000000
__Htext64                                     text64       000000
__Htext65                                     text65       000000
__Htext66                                     text66       000000
__Htext67                                     text67       000000
__Htext68                                     text68       000000
__Htext69                                     text69       000000
__Htext7                                      text7        000000
__Htext70                                     text70       000000
__Htext71                                     text71       000000
__Htext8                                      text8        000000
__Htext9                                      text9        000000
__LRAM                                        (abs)        000001
__L__absolute__                               __absolute__ 000000
__Labs1                                       abs1         000000
__Lbank10                                     bank10       000000
__Lbank11                                     bank11       000000
__Lbank12                                     bank12       000000
__Lbank13                                     bank13       000000
__Lbank14                                     bank14       000000
__Lbank15                                     bank15       000000
__Lbank16                                     bank16       000000
__Lbank17                                     bank17       000000
__Lbank18                                     bank18       000000
__Lbank19                                     bank19       000000
__Lbank20                                     bank20       000000
__Lbank21                                     bank21       000000
__Lbank22                                     bank22       000000
__Lbank23                                     bank23       000000
__Lbank24                                     bank24       000000
__Lbank25                                     bank25       000000
__Lbank26                                     bank26       000000
__Lbank27                                     bank27       000000
__Lbank28                                     bank28       000000
__Lbank29                                     bank29       000000
__Lbank30                                     bank30       000000
__Lbank31                                     bank31       000000
__Lbank32                                     bank32       000000
__Lbank33                                     bank33       000000
__Lbank34                                     bank34       000000
__Lbank35                                     bank35       000000
__Lbank36                                     bank36       000000
__Lbank5                                      bank5        000000
__Lbank6                                      bank6        000000
__Lbank7                                      bank7        000000
__Lbank8                                      bank8        000000
__Lbank9                                      bank9        000000
__Lbigbss                                     bigbss       000000
__Lbigdata                                    bigdata      000000
__Lbigram                                     bigram       000000
__Lbigsfr                                     bigsfr       000000
__Lbss                                        bss          000000
__LbssBANK5                                   bssBANK5     000000
__LbssCOMRAM                                  bssCOMRAM    000000
__Lcinit                                      cinit        000000
__Lclrtext                                    clrtext      000000
__Lcomram                                     comram       000000
__Lconfig                                     config       000000
__Lconst                                      const        000000
__LcstackBANK5                                cstackBANK5  000000
__LcstackCOMRAM                               cstackCOMRAM 000000
__Ldata                                       data         000000
__Leeprom_data                                eeprom_data  000000
__Lfarbss                                     farbss       000000
__Lfardata                                    fardata      000000
__Lheap                                       heap         000000
__Libigdata                                   ibigdata     000000
__Lidata                                      idata        000000
__Lidloc                                      idloc        000000
__Lifardata                                   ifardata     000000
__Linit                                       init         000102
__Lintsave_regs                               intsave_regs 000000
__Lirdata                                     irdata       000000
__Livt0x8                                     ivt0x8       000008
__Lmediumconst                                mediumconst  00FE7E
__LnvBANK5                                    nvBANK5      000000
__LnvFARRAM                                   nvFARRAM     000000
__Lnvbit                                      nvbit        000000
__Lnvrram                                     nvrram       000000
__Lparam                                      rparam       000000
__Lpowerup                                    powerup      000000
__Lram                                        ram          000000
__Lramtop                                     ramtop       002600
__Lrbit                                       rbit         000000
__Lrbss                                       rbss         000000
__Lrdata                                      rdata        000000
__Lreset_vec                                  reset_vec    000000
__Lrparam                                     rparam       000000
__Lsfr                                        sfr          000000
__Lsmallconst                                 smallconst   000000
__Lspace_0                                    (abs)        000000
__Lspace_1                                    (abs)        000000
__Lspace_2                                    (abs)        000000
__Lspace_4                                    (abs)        000000
__Lstack                                      stack        000000
__Lstruct                                     struct       000000
__Ltemp                                       temp         000000
__Ltext                                       text         000000
__Ltext0                                      text0        000000
__Ltext1                                      text1        000000
__Ltext10                                     text10       000000
__Ltext11                                     text11       000000
__Ltext12                                     text12       000000
__Ltext13                                     text13       000000
__Ltext14                                     text14       000000
__Ltext15                                     text15       000000
__Ltext16                                     text16       000000
__Ltext17                                     text17       000000
__Ltext18                                     text18       000000
__Ltext19                                     text19       000000
__Ltext2                                      text2        000000
__Ltext20                                     text20       000000
__Ltext21                                     text21       000000
__Ltext22                                     text22       000000
__Ltext23                                     text23       000000
__Ltext24                                     text24       000000
__Ltext25                                     text25       000000
__Ltext26                                     text26       000000
__Ltext27                                     text27       000000
__Ltext28                                     text28       000000
__Ltext29                                     text29       000000
__Ltext3                                      text3        000000
__Ltext30                                     text30       000000
__Ltext31                                     text31       000000
__Ltext32                                     text32       000000
__Ltext33                                     text33       000000
__Ltext34                                     text34       000000
__Ltext35                                     text35       000000
__Ltext36                                     text36       000000
__Ltext37                                     text37       000000
__Ltext38                                     text38       000000
__Ltext39                                     text39       000000
__Ltext4                                      text4        000000
__Ltext40                                     text40       000000
__Ltext41                                     text41       000000
__Ltext42                                     text42       000000
__Ltext43                                     text43       000000
__Ltext44                                     text44       000000
__Ltext45                                     text45       000000
__Ltext46                                     text46       000000
__Ltext47                                     text47       000000
__Ltext48                                     text48       000000
__Ltext49                                     text49       000000
__Ltext5                                      text5        000000
__Ltext50                                     text50       000000
__Ltext51                                     text51       000000
__Ltext52                                     text52       000000
__Ltext53                                     text53       000000
__Ltext54                                     text54       000000
__Ltext55                                     text55       000000
__Ltext56                                     text56       000000
__Ltext57                                     text57       000000
__Ltext58                                     text58       000000
__Ltext59                                     text59       000000
__Ltext6                                      text6        000000
__Ltext60                                     text60       000000
__Ltext61                                     text61       000000
__Ltext62                                     text62       000000
__Ltext63                                     text63       000000
__Ltext64                                     text64       000000
__Ltext65                                     text65       000000
__Ltext66                                     text66       000000
__Ltext67                                     text67       000000
__Ltext68                                     text68       000000
__Ltext69                                     text69       000000
__Ltext7                                      text7        000000
__Ltext70                                     text70       000000
__Ltext71                                     text71       000000
__Ltext8                                      text8        000000
__Ltext9                                      text9        000000
__S0                                          (abs)        01165A
__S1                                          (abs)        000585
__S4                                          (abs)        000000
__S5                                          (abs)        000000
___awmod                                      text8        010C9C
___awmod@counter                              cstackCOMRAM 000512
___awmod@dividend                             cstackCOMRAM 00050E
___awmod@divisor                              cstackCOMRAM 000510
___awmod@sign                                 cstackCOMRAM 000513
___heap_hi                                    (abs)        000000
___heap_lo                                    (abs)        000000
___inthi_sp                                   stack        000000
___inthi_stack_hi                             stack        000000
___inthi_stack_lo                             stack        000000
___intlo_sp                                   stack        000000
___intlo_stack_hi                             stack        000000
___intlo_stack_lo                             stack        000000
___param_bank                                 (abs)        000000
___rparam_used                                (abs)        000001
___sp                                         stack        000000
___stack_hi                                   stack        000000
___stack_lo                                   stack        000000
__accesstop                                   (abs)        000560
__activetblptr                                (abs)        000003
__end_of_CLOCK_Initialize                     text23       011554
__end_of_Default_ISR                          text59       011652
__end_of_I2C1_AddrTransmit                    text30       0115F2
__end_of_I2C1_BufferClear                     text45       011612
__end_of_I2C1_BusReset                        text53       011174
__end_of_I2C1_CallbackRegister                text32       01145E
__end_of_I2C1_Close                           text42       01143C
__end_of_I2C1_CounterGet                      text37       011636
__end_of_I2C1_CounterSet                      text29       0115EA
__end_of_I2C1_DataReceive                     text57       01164E
__end_of_I2C1_DataTransmit                    text36       0115FA
__end_of_I2C1_ERROR_ISR                       text46       010BDE
__end_of_I2C1_ErrorFlagsClear                 text44       0115E2
__end_of_I2C1_Host                            mediumconst  00FEBE
__end_of_I2C1_ISR                             text33       010EF6
__end_of_I2C1_Initialize                      text21       011054
__end_of_I2C1_InterruptsClear                 text43       011642
__end_of_I2C1_InterruptsDisable               text55       0115A0
__end_of_I2C1_InterruptsEnable                text22       011540
__end_of_I2C1_IsAddr                          text52       01152C
__end_of_I2C1_IsBusCol                        text51       011516
__end_of_I2C1_IsBusTimeOut                    text50       011500
__end_of_I2C1_IsBusy                          text31       0113CA
__end_of_I2C1_IsData                          text49       0114EA
__end_of_I2C1_IsNack                          text48       0114D4
__end_of_I2C1_RX_ISR                          text56       01157C
__end_of_I2C1_ReadStart                       text38       011416
__end_of_I2C1_RestartDisable                  text35       011630
__end_of_I2C1_RestartEnable                   text28       01162A
__end_of_I2C1_StartSend                       text27       011624
__end_of_I2C1_StopSend                        text34       0113F0
__end_of_I2C1_TX_ISR                          text58       011590
__end_of_I2C1_Write                           text10       011136
__end_of_I2C1_WriteRead                       text25       0110EE
__end_of_I2C1_WriteStart                      text26       0111EA
__end_of_INT0_CallBack                        text61       0112BA
__end_of_INT0_DefaultInterruptHandler         text62       011654
__end_of_INT0_ISR                             text60       011478
__end_of_INT0_SetInterruptHandler             text20       0115D8
__end_of_INT1_CallBack                        text64       0112EC
__end_of_INT1_DefaultInterruptHandler         text65       011656
__end_of_INT1_ISR                             text63       011490
__end_of_INT1_SetInterruptHandler             text19       0115CA
__end_of_INT2_CallBack                        text67       01131E
__end_of_INT2_DefaultInterruptHandler         text68       011658
__end_of_INT2_ISR                             text66       0114A8
__end_of_INT2_SetInterruptHandler             text18       0115BC
__end_of_INTERRUPT_Initialize                 text17       010FFA
__end_of_My_I2C1_Interrupt                    text47       011648
__end_of_PIN_MANAGER_Initialize               text16       010E68
__end_of_READ_RTC                             text24       0113A0
__end_of_SYSTEM_Initialize                    text14       0114BE
__end_of_TMR0_DefaultOverflowCallback         text70       01165A
__end_of_TMR0_ISR                             text69       0110A2
__end_of_TMR0_Initialize                      text15       011288
__end_of_TMR0_OverflowCallbackRegister        text13       0115AE
__end_of_TMR0_Start                           text11       011618
__end_of_TMR0_Stop                            text12       01161E
__end_of_Timer0                               mediumconst  00FEA0
__end_of_WRITE_RTC                            text9        0111B0
__end_of___awmod                              text8        010D4A
__end_of__initialization                      cinit        011344
__end_of_clock_init                           text6        0107D4
__end_of_display_controll                     text5        010970
__end_of_display_digit                        text7        010AEA
__end_of_main                                 text0        010C9C
__end_of_memset                               text2        011222
__end_of_numbers                              mediumconst  00FFFE
__end_of_numbers_DP                           mediumconst  00FF5E
__end_of_pin_init                             text4        011376
__end_of_process_data_from_RTC                text3        011256
__end_of_system_clock                         text1        010DDA
__end_of_timer                                text71       010F7C
__end_ofi2_I2C1_AddrTransmit                  text41       01160A
__end_ofi2_I2C1_CounterSet                    text40       011602
__end_ofi2_I2C1_InterruptsEnable              text54       011568
__end_ofi2_I2C1_StartSend                     text39       01163C
__initialization                              cinit        01131E
__mediumconst                                 mediumconst  00FE7E
__pbssBANK5                                   bssBANK5     000560
__pbssCOMRAM                                  bssCOMRAM    000539
__pcinit                                      cinit        01131E
__pcstackBANK5                                cstackBANK5  00057E
__pcstackCOMRAM                               cstackCOMRAM 000501
__pivt0x8                                     ivt0x8       000008
__pmediumconst                                mediumconst  00FE7E
__pnvBANK5                                    nvBANK5      000582
__ptext0                                      text0        010BDE
__ptext1                                      text1        010D4A
__ptext10                                     text10       0110EE
__ptext11                                     text11       011612
__ptext12                                     text12       011618
__ptext13                                     text13       0115A0
__ptext14                                     text14       0114A8
__ptext15                                     text15       011256
__ptext16                                     text16       010DDA
__ptext17                                     text17       010F7C
__ptext18                                     text18       0115AE
__ptext19                                     text19       0115BC
__ptext2                                      text2        0111EA
__ptext20                                     text20       0115CA
__ptext21                                     text21       010FFA
__ptext22                                     text22       01152C
__ptext23                                     text23       011540
__ptext24                                     text24       011376
__ptext25                                     text25       0110A2
__ptext26                                     text26       0111B0
__ptext27                                     text27       01161E
__ptext28                                     text28       011624
__ptext29                                     text29       0115E2
__ptext3                                      text3        011222
__ptext30                                     text30       0115EA
__ptext31                                     text31       0113A0
__ptext32                                     text32       01143C
__ptext33                                     text33       010E68
__ptext34                                     text34       0113CA
__ptext35                                     text35       01162A
__ptext36                                     text36       0115F2
__ptext37                                     text37       011630
__ptext38                                     text38       0113F0
__ptext39                                     text39       011636
__ptext4                                      text4        01134A
__ptext40                                     text40       0115FA
__ptext41                                     text41       011602
__ptext42                                     text42       011416
__ptext43                                     text43       01163C
__ptext44                                     text44       0115D8
__ptext45                                     text45       01160A
__ptext46                                     text46       010AEC
__ptext47                                     text47       011642
__ptext48                                     text48       0114BE
__ptext49                                     text49       0114D4
__ptext5                                      text5        0107D4
__ptext50                                     text50       0114EA
__ptext51                                     text51       011500
__ptext52                                     text52       011516
__ptext53                                     text53       011136
__ptext54                                     text54       011554
__ptext55                                     text55       011590
__ptext56                                     text56       011568
__ptext57                                     text57       011648
__ptext58                                     text58       01157C
__ptext59                                     text59       011650
__ptext6                                      text6        010000
__ptext60                                     text60       011460
__ptext61                                     text61       011288
__ptext62                                     text62       011652
__ptext63                                     text63       011478
__ptext64                                     text64       0112BA
__ptext65                                     text65       011654
__ptext66                                     text66       011490
__ptext67                                     text67       0112EC
__ptext68                                     text68       011656
__ptext69                                     text69       011054
__ptext7                                      text7        010970
__ptext70                                     text70       011658
__ptext71                                     text71       010EF6
__ptext8                                      text8        010C9C
__ptext9                                      text9        011174
__ramtop                                      ramtop       002600
__smallconst                                  mediumconst  00FE7E
_bcd_numbers                                  bssBANK5     000564
_bcd_numbers_recieved                         bssBANK5     00057B
_clock_init                                   text6        010000
_clock_init$1601                              cstackCOMRAM 000519
_clock_init$1602                              cstackCOMRAM 00051B
_clock_init$1603                              cstackCOMRAM 00051D
_clock_init$1604                              cstackCOMRAM 00051F
_clock_init$1605                              cstackCOMRAM 000521
_clock_init$1606                              cstackCOMRAM 000523
_clock_init$1607                              cstackCOMRAM 000525
_clock_init$1608                              cstackCOMRAM 000527
_clock_init$1609                              cstackCOMRAM 000529
_clock_init$1610                              cstackCOMRAM 00052B
_clock_init$1611                              cstackCOMRAM 00052D
_clock_init$1612                              cstackCOMRAM 00052F
_display_controll                             text5        0107D4
_display_digit                                text7        010970
_i2c1Status                                   bssCOMRAM    000539
_in_setup_mode                                bssCOMRAM    00054B
_main                                         text0        010BDE
_memset                                       text2        0111EA
_ms_counter                                   bssBANK5     000574
_ms_sync_counter                              bssBANK5     000560
_numbers                                      mediumconst  00FF5E
_numbers_DP                                   mediumconst  00FEBE
_numbers_out                                  bssCOMRAM    00054C
_payload                                      bssBANK5     000577
_pin_init                                     text4        01134A
_process_data_from_RTC                        text3        011222
_sys_clock                                    bssCOMRAM    000549
_system_clock                                 text1        010D4A
_timer                                        text71       010EF6
_tmr0PeriodCount                              bssCOMRAM    000546
_waiting_for_data                             bssBANK5     000576
clock_init@hold_button_time                   cstackCOMRAM 000535
clock_init@i                                  cstackCOMRAM 000533
clock_init@numbers_out                        cstackCOMRAM 000515
clock_init@selected_digit                     cstackCOMRAM 000537
clock_init@theshold                           cstackCOMRAM 000531
display_controll@i                            cstackBANK5  000580
display_digit@segments                        cstackCOMRAM 00050E
end_of_initialization                         cinit        011344
i2I2C1_AddrTransmit@addr                      cstackCOMRAM 000501
i2I2C1_CounterSet@counter                     cstackCOMRAM 000502
i2_I2C1_AddrTransmit                          text41       011602
i2_I2C1_CounterSet                            text40       0115FA
i2_I2C1_InterruptsEnable                      text54       011554
i2_I2C1_StartSend                             text39       011636
intlevel0                                     text         000000
intlevel1                                     text         000000
intlevel2                                     text         000000
intlevel3                                     text         000000
isa$std                                       (abs)        000001
isa$xinst                                     (abs)        000000
ivt0x8_base                                   ivt0x8       000008
ivt0x8_undefint                               ivt0x8       000100
memset@c                                      cstackCOMRAM 000510
memset@dest                                   cstackCOMRAM 00050E
memset@n                                      cstackCOMRAM 000512
memset@p                                      cstackCOMRAM 000514
stackhi                                       (abs)        000000
stacklo                                       (abs)        000000
start                                         init         000102
start_initialization                          cinit        01131E


MODULE INFORMATION

Module		Function		Class		Link	Load	Size
/home/nontoxiccat/Desktop/KiCad projects/Rocnikovy_Projekt_S3E/Hodiny/My_MCC_Config/mcc/mcc_generated_files/i2c_host/src/i2c1.c
		_I2C1_CallbackRegister		CODE           	1143C	0000	34
		_I2C1_RX_ISR   		CODE           	11568	0000	20
		_I2C1_InterruptsEnable		CODE           	1152C	0000	20
		_I2C1_WriteStart		CODE           	111B0	0000	58
		_I2C1_CounterGet		CODE           	11630	0000	6
		_I2C1_CounterSet		CODE           	115E2	0000	8
		_I2C1_ReadStart		CODE           	113F0	0000	38
		_I2C1_InterruptsClear		CODE           	1163C	0000	6
		_I2C1_RestartEnable		CODE           	11624	0000	6
		_I2C1_ISR      		CODE           	10E68	0000	142
		_I2C1_DataReceive		CODE           	11648	0000	6
		_I2C1_IsData   		CODE           	114D4	0000	22
		_I2C1_IsNack   		CODE           	114BE	0000	22
		_I2C1_IsAddr   		CODE           	11516	0000	22
		_I2C1_IsBusy   		CODE           	113A0	0000	42
		_I2C1_InterruptsDisable		CODE           	11590	0000	16
		_I2C1_BufferClear		CODE           	1160A	0000	8
		_I2C1_BusReset 		CODE           	11136	0000	62
		_I2C1_Initialize		CODE           	10FFA	0000	90
		_I2C1_Close    		CODE           	11416	0000	38
		_I2C1_IsBusCol 		CODE           	11500	0000	22
		_I2C1_ERROR_ISR		CODE           	10AEC	0000	242
		_I2C1_Write    		CODE           	110EE	0000	72
		_I2C1_ErrorFlagsClear		CODE           	115D8	0000	10
		_I2C1_TX_ISR   		CODE           	1157C	0000	20
		_I2C1_StopSend 		CODE           	113CA	0000	38
		_I2C1_RestartDisable		CODE           	1162A	0000	6
		_I2C1_DataTransmit		CODE           	115F2	0000	8
		_I2C1_AddrTransmit		CODE           	115EA	0000	8
		_I2C1_IsBusTimeOut		CODE           	114EA	0000	22
		_I2C1_WriteRead		CODE           	110A2	0000	76
		_I2C1_StartSend		CODE           	1161E	0000	6

/home/nontoxiccat/Desktop/KiCad projects/Rocnikovy_Projekt_S3E/Hodiny/My_MCC_Config/mcc/mcc_generated_files/i2c_host/src/i2c1.c estimated size: 1196

/opt/microchip/xc8/v3.10/pic/sources/c99/common/memset.c
		_memset        		CODE           	111EA	0000	56

/opt/microchip/xc8/v3.10/pic/sources/c99/common/memset.c estimated size: 56

/home/nontoxiccat/Desktop/KiCad projects/Rocnikovy_Projekt_S3E/Hodiny/My_MCC_Config/mcc/mcc_generated_files/system/src/pins.c
		_PIN_MANAGER_Initialize		CODE           	10DDA	0000	142

/home/nontoxiccat/Desktop/KiCad projects/Rocnikovy_Projekt_S3E/Hodiny/My_MCC_Config/mcc/mcc_generated_files/system/src/pins.c estimated size: 142

/home/nontoxiccat/Desktop/KiCad projects/Rocnikovy_Projekt_S3E/Hodiny/My_MCC_Config/mcc/mcc_generated_files/timer/src/tmr0.c
		_TMR0_OverflowCallbackRegister		CODE           	115A0	0000	14
		_TMR0_DefaultOverflowCallback		CODE           	11658	0000	2
		_TMR0_ISR      		CODE           	11054	0000	78
		_TMR0_Initialize		CODE           	11256	0000	50
		_TMR0_Stop     		CODE           	11618	0000	6
		_TMR0_Start    		CODE           	11612	0000	6

/home/nontoxiccat/Desktop/KiCad projects/Rocnikovy_Projekt_S3E/Hodiny/My_MCC_Config/mcc/mcc_generated_files/timer/src/tmr0.c estimated size: 156

/home/nontoxiccat/Desktop/KiCad projects/Rocnikovy_Projekt_S3E/Hodiny/clock_config.h
		_pin_init      		CODE           	1134A	0000	44

/home/nontoxiccat/Desktop/KiCad projects/Rocnikovy_Projekt_S3E/Hodiny/clock_config.h estimated size: 44

/home/nontoxiccat/Desktop/KiCad projects/Rocnikovy_Projekt_S3E/Hodiny/My_MCC_Config/mcc/mcc_generated_files/system/src/interrupt.c
		_INT0_SetInterruptHandler		CODE           	115CA	0000	14
		_INT1_SetInterruptHandler		CODE           	115BC	0000	14
		_INT2_SetInterruptHandler		CODE           	115AE	0000	14
		_INTERRUPT_Initialize		CODE           	10F7C	0000	126
		_INT0_DefaultInterruptHandler		CODE           	11652	0000	2
		_INT0_CallBack 		CODE           	11288	0000	50
		_INT1_DefaultInterruptHandler		CODE           	11654	0000	2
		_INT1_CallBack 		CODE           	112BA	0000	50
		_INT2_DefaultInterruptHandler		CODE           	11656	0000	2
		_INT2_CallBack 		CODE           	112EC	0000	50
		_Default_ISR   		CODE           	11650	0000	2
		_INT0_ISR      		CODE           	11460	0000	24
		_INT1_ISR      		CODE           	11478	0000	24
		_INT2_ISR      		CODE           	11490	0000	24

/home/nontoxiccat/Desktop/KiCad projects/Rocnikovy_Projekt_S3E/Hodiny/My_MCC_Config/mcc/mcc_generated_files/system/src/interrupt.c estimated size: 398

/opt/microchip/xc8/v3.10/pic/sources/c99/common/awmod.c
		___awmod       		CODE           	10C9C	0000	174

/opt/microchip/xc8/v3.10/pic/sources/c99/common/awmod.c estimated size: 174

shared
		i2_I2C1_CounterSet		CODE           	115FA	0000	8
		i2_I2C1_InterruptsEnable		CODE           	11554	0000	20
		i2_I2C1_AddrTransmit		CODE           	11602	0000	8
		__initialization		CODE           	1131E	0000	38
		_I2C1_Host     		MEDIUMCONST    	FEA0	0000	30
		_numbers       		MEDIUMCONST    	FF5E	0000	160
		_numbers_DP    		MEDIUMCONST    	FEBE	0000	160
		_Timer0        		MEDIUMCONST    	FE7F	0000	33
		i2_I2C1_StartSend		CODE           	11636	0000	6

shared estimated size: 463

/home/nontoxiccat/Desktop/KiCad projects/Rocnikovy_Projekt_S3E/Hodiny/My_MCC_Config/mcc/mcc_generated_files/system/src/clock.c
		_CLOCK_Initialize		CODE           	11540	0000	20

/home/nontoxiccat/Desktop/KiCad projects/Rocnikovy_Projekt_S3E/Hodiny/My_MCC_Config/mcc/mcc_generated_files/system/src/clock.c estimated size: 20

/home/nontoxiccat/Desktop/KiCad projects/Rocnikovy_Projekt_S3E/Hodiny/main.c
		_clock_init    		CODE           	10000	0000	2004
		_WRITE_RTC     		CODE           	11174	0000	60
		_system_clock  		CODE           	10D4A	0000	144
		_main          		CODE           	10BDE	0000	190
		_display_digit 		CODE           	10970	0000	378
		_display_controll		CODE           	107D4	0000	412
		_READ_RTC      		CODE           	11376	0000	42
		_timer         		CODE           	10EF6	0000	134
		_My_I2C1_Interrupt		CODE           	11642	0000	6
		_process_data_from_RTC		CODE           	11222	0000	52

/home/nontoxiccat/Desktop/KiCad projects/Rocnikovy_Projekt_S3E/Hodiny/main.c estimated size: 3422

/home/nontoxiccat/Desktop/KiCad projects/Rocnikovy_Projekt_S3E/Hodiny/My_MCC_Config/mcc/mcc_generated_files/system/src/system.c
		_SYSTEM_Initialize		CODE           	114A8	0000	22

/home/nontoxiccat/Desktop/KiCad projects/Rocnikovy_Projekt_S3E/Hodiny/My_MCC_Config/mcc/mcc_generated_files/system/src/system.c estimated size: 22

