Microchip MPLAB XC8 Compiler V3.10

Linker command line:

-W-3 \
  --edf=/home/nontoxiccat/.mchp_packs/Microchip/PIC18F-Q_DFP/1.30.487/xc8/pic/dat/20260311214434_en.msgs \
  -pivt0x8=08h -cn \
  -h+/home/nontoxiccat/Desktop/KiCad projects/Rocnikovy_Projekt_S3E/Hodiny/out/Hodiny/default.sym \
  --cmf=/home/nontoxiccat/Desktop/KiCad projects/Rocnikovy_Projekt_S3E/Hodiny/out/Hodiny/default.cmf \
  -z -Q18F47Q43 -o/tmp/xcXHfBhFF/driver_tmp_3.o --defsym=__MPLAB_BUILD=1 \
  --fixupoverflow=error -Mmem.map --md=/tmp/xcXHfBhFF/driver_tmp_0.dat -E1 \
  -ver=XC8 Compiler -ACODE=00h-01FFFFh -ACONST=00h-01FFFFh \
  -ASMALLCONST=02600h-026FFhx218,012600h-0126FFhx218 \
  -AMEDIUMCONST=02600h-0FFFFh,012600h-01FFFFh -ACOMRAM=0501h-055Fh \
  -AABS1=0500h-024FFh -ABIGRAM=0501h-024FFh \
  -ARAM=0560h-05FFh,0600h-06FFhx31 -ABANK5=0560h-05FFh -ABANK6=0600h-06FFh \
  -ABANK7=0700h-07FFh -ABANK8=0800h-08FFh -ABANK9=0900h-09FFh \
  -ABANK10=0A00h-0AFFh -ABANK11=0B00h-0BFFh -ABANK12=0C00h-0CFFh \
  -ABANK13=0D00h-0DFFh -ABANK14=0E00h-0EFFh -ABANK15=0F00h-0FFFh \
  -ABANK16=01000h-010FFh -ABANK17=01100h-011FFh -ABANK18=01200h-012FFh \
  -ABANK19=01300h-013FFh -ABANK20=01400h-014FFh -ABANK21=01500h-015FFh \
  -ABANK22=01600h-016FFh -ABANK23=01700h-017FFh -ABANK24=01800h-018FFh \
  -ABANK25=01900h-019FFh -ABANK26=01A00h-01AFFh -ABANK27=01B00h-01BFFh \
  -ABANK28=01C00h-01CFFh -ABANK29=01D00h-01DFFh -ABANK30=01E00h-01EFFh \
  -ABANK31=01F00h-01FFFh -ABANK32=02000h-020FFh -ABANK33=02100h-021FFh \
  -ABANK34=02200h-022FFh -ABANK35=02300h-023FFh -ABANK36=02400h-024FFh \
  -ASFR=00h-0FFhx4,0400h-045Fh,0460h-04FFh,02500h-025FFh \
  -ABIGSFR=00h-04FFh,02500h-025FFh -ACONFIG=0300000h-0300011h \
  -AIDLOC=0200000h-020003Fh -AEEDATA=0380000h-03803FFh -peeprom_data=EEDATA \
  -preset_vec=00h -ppowerup=CODE,init -pramtop=02600h \
  -psmallconst=SMALLCONST -pmediumconst=MEDIUMCONST -pconst=CONST \
  -AFARRAM=00h-00h \
  -prdata=COMRAM,nvrram=COMRAM,nvbit=COMRAM,rbss=COMRAM,rbit=COMRAM \
  -pfarbss=FARRAM,fardata=FARRAM,nvFARRAM=FARRAM \
  -pintsave_regs=BIGRAM,bigbss=BIGRAM,bigdata=BIGRAM -pbss=RAM \
  -pidata=CODE,irdata=CODE,ibigdata=CODE,ifardata=CODE -prparam=COMRAM \
  /tmp/xcXHfBhFF/driver_tmp_9.o \
  /home/nontoxiccat/Desktop/KiCad projects/Rocnikovy_Projekt_S3E/Hodiny/out/Hodiny/default.o 

Object code version is 3.11

Machine type is 18F47Q43



                Name                               Link     Load   Length Selector   Space Scale
/tmp/xcXHfBhFF/driver_tmp_9.o
                config                           300000   300000        A        0       4
                init                                102      102        4        4       0
                reset_vec                             0        0        4        0       0
/home/nontoxiccat/Desktop/KiCad projects/Rocnikovy_Projekt_S3E/Hodiny/out/Hodiny/default.o
                config                           300000   300000        A        0       4
                smallconst                         2600     2600       E2     1300       0
                ivt0x8                                8        8       FA        4       0
                text71                             3586     3586       86     1371       0
                text70                             3CEC     3CEC        2      F39       0
                text69                             36E4     36E4       4E     1371       0
                text68                             3CEA     3CEA        2      F39       0
                text67                             397C     397C       32     1371       0
                text66                             3B24     3B24       18      EBD       0
                text65                             3CE8     3CE8        2      F39       0
                text64                             394A     394A       32     1371       0
                text63                             3B0C     3B0C       18      EBD       0
                text62                             3CE6     3CE6        2      F39       0
                text61                             3918     3918       32     1371       0
                text60                             3AF4     3AF4       18      EBD       0
                text59                             3CE4     3CE4        2      F39       0
                text58                             3C10     3C10       14      EBD       0
                text57                             3CDC     3CDC        6      EBD       0
                text56                             3BFC     3BFC       14      EBD       0
                text55                             3C24     3C24       10      EBD       0
                text54                             3BE8     3BE8       14      EBD       0
                text53                             37C6     37C6       3E     1371       0
                text52                             3BAA     3BAA       16      EBD       0
                text51                             3B94     3B94       16      EBD       0
                text50                             3B7E     3B7E       16      EBD       0
                text49                             3B68     3B68       16      EBD       0
                text48                             3B52     3B52       16      EBD       0
                text47                             3CD6     3CD6        6      EBD       0
                text46                             3168     3168       F2     1371       0
                text45                             3C9E     3C9E        8      EBD       0
                text44                             3C6C     3C6C        A      EBD       0
                text43                             3CD0     3CD0        6      EBD       0
                text42                             3AAA     3AAA       26     1371       0
                text41                             3C96     3C96        8      EBD       0
                text40                             3C8E     3C8E        8      EBD       0
                text39                             3CCA     3CCA        6      EBD       0
                text38                             3A84     3A84       26     1371       0
                text37                             3CC4     3CC4        6      EBD       0
                text36                             3C86     3C86        8      EBD       0
                text35                             3CBE     3CBE        6      EBD       0
                text34                             3A5E     3A5E       26     1371       0
                text33                             34F8     34F8       8E     1371       0
                text32                             3AD0     3AD0       22     1371       0
                text31                             3A34     3A34       2A     1371       0
                text30                             3C7E     3C7E        8      EBD       0
                text29                             3C76     3C76        8      EBD       0
                text28                             3CB8     3CB8        6      EBD       0
                text27                             3CB2     3CB2        6      EBD       0
                text26                             3840     3840       3A     1371       0
                text25                             3732     3732       4C     1371       0
                text24                             39AE     39AE       2E     1371       0
                text23                             3BD4     3BD4       14      EBD       0
                text22                             3BC0     3BC0       14      EBD       0
                text21                             368A     368A       5A     1371       0
                text20                             3C5E     3C5E        E      EBD       0
                text19                             3C50     3C50        E      EBD       0
                text18                             3C42     3C42        E      EBD       0
                text17                             360C     360C       7E     1371       0
                text16                             346A     346A       8E     1371       0
                text15                             38E6     38E6       32     1371       0
                text14                             3B3C     3B3C       16      EBD       0
                text13                             3C34     3C34        E      EBD       0
                text12                             3CAC     3CAC        6      EBD       0
                text11                             3CA6     3CA6        6      EBD       0
                text10                             377E     377E       48     1371       0
                text9                              3804     3804       3C     1371       0
                text8                              3314     3314       AE     1371       0
                text7                              300A     300A      15E     1371       0
                text6                              26E2     26E2      7B0     1371       0
                text5                              2E92     2E92      178     1371       0
                text4                              3A08     3A08       2C     1371       0
                text3                              38B2     38B2       34     1371       0
                text2                              387A     387A       38     1371       0
                text1                              33C2     33C2       A8     1371       0
                text0                              325A     325A       BA     1371       0
                cstackCOMRAM                        501      501       3A      501       1
                cstackBANK5                         580      580        4      560       1
                bssBANK5                            560      560       20      560       1
                bssCOMRAM                           53B      53B       17      501       1
                cinit                              39DC     39DC       2C     1371       0
                nvBANK5                             584      584        3      560       1

TOTAL           Name                               Link     Load   Length     Space
        CLASS   CODE           
                init                                102      102        4         0
                reset_vec                             0        0        4         0
                ivt0x8                                8        8       FA         0
                text71                             3586     3586       86         0
                text70                             3CEC     3CEC        2         0
                text69                             36E4     36E4       4E         0
                text68                             3CEA     3CEA        2         0
                text67                             397C     397C       32         0
                text66                             3B24     3B24       18         0
                text65                             3CE8     3CE8        2         0
                text64                             394A     394A       32         0
                text63                             3B0C     3B0C       18         0
                text62                             3CE6     3CE6        2         0
                text61                             3918     3918       32         0
                text60                             3AF4     3AF4       18         0
                text59                             3CE4     3CE4        2         0
                text58                             3C10     3C10       14         0
                text57                             3CDC     3CDC        6         0
                text56                             3BFC     3BFC       14         0
                text55                             3C24     3C24       10         0
                text54                             3BE8     3BE8       14         0
                text53                             37C6     37C6       3E         0
                text52                             3BAA     3BAA       16         0
                text51                             3B94     3B94       16         0
                text50                             3B7E     3B7E       16         0
                text49                             3B68     3B68       16         0
                text48                             3B52     3B52       16         0
                text47                             3CD6     3CD6        6         0
                text46                             3168     3168       F2         0
                text45                             3C9E     3C9E        8         0
                text44                             3C6C     3C6C        A         0
                text43                             3CD0     3CD0        6         0
                text42                             3AAA     3AAA       26         0
                text41                             3C96     3C96        8         0
                text40                             3C8E     3C8E        8         0
                text39                             3CCA     3CCA        6         0
                text38                             3A84     3A84       26         0
                text37                             3CC4     3CC4        6         0
                text36                             3C86     3C86        8         0
                text35                             3CBE     3CBE        6         0
                text34                             3A5E     3A5E       26         0
                text33                             34F8     34F8       8E         0
                text32                             3AD0     3AD0       22         0
                text31                             3A34     3A34       2A         0
                text30                             3C7E     3C7E        8         0
                text29                             3C76     3C76        8         0
                text28                             3CB8     3CB8        6         0
                text27                             3CB2     3CB2        6         0
                text26                             3840     3840       3A         0
                text25                             3732     3732       4C         0
                text24                             39AE     39AE       2E         0
                text23                             3BD4     3BD4       14         0
                text22                             3BC0     3BC0       14         0
                text21                             368A     368A       5A         0
                text20                             3C5E     3C5E        E         0
                text19                             3C50     3C50        E         0
                text18                             3C42     3C42        E         0
                text17                             360C     360C       7E         0
                text16                             346A     346A       8E         0
                text15                             38E6     38E6       32         0
                text14                             3B3C     3B3C       16         0
                text13                             3C34     3C34        E         0
                text12                             3CAC     3CAC        6         0
                text11                             3CA6     3CA6        6         0
                text10                             377E     377E       48         0
                text9                              3804     3804       3C         0
                text8                              3314     3314       AE         0
                text7                              300A     300A      15E         0
                text6                              26E2     26E2      7B0         0
                text5                              2E92     2E92      178         0
                text4                              3A08     3A08       2C         0
                text3                              38B2     38B2       34         0
                text2                              387A     387A       38         0
                text1                              33C2     33C2       A8         0
                text0                              325A     325A       BA         0
                cinit                              39DC     39DC       2C         0

        CLASS   CONST          

        CLASS   SMALLCONST     
                smallconst                         2600     2600       E2         0

        CLASS   MEDIUMCONST    

        CLASS   COMRAM         
                cstackCOMRAM                        501      501       3A         1
                bssCOMRAM                           53B      53B       17         1

        CLASS   ABS1           

        CLASS   BIGRAM         

        CLASS   RAM            

        CLASS   BANK5          
                cstackBANK5                         580      580        4         1
                bssBANK5                            560      560       20         1
                nvBANK5                             584      584        3         1

        CLASS   BANK6          

        CLASS   BANK7          

        CLASS   BANK8          

        CLASS   BANK9          

        CLASS   BANK10         

        CLASS   BANK11         

        CLASS   BANK12         

        CLASS   BANK13         

        CLASS   BANK14         

        CLASS   BANK15         

        CLASS   BANK16         

        CLASS   BANK17         

        CLASS   BANK18         

        CLASS   BANK19         

        CLASS   BANK20         

        CLASS   BANK21         

        CLASS   BANK22         

        CLASS   BANK23         

        CLASS   BANK24         

        CLASS   BANK25         

        CLASS   BANK26         

        CLASS   BANK27         

        CLASS   BANK28         

        CLASS   BANK29         

        CLASS   BANK30         

        CLASS   BANK31         

        CLASS   BANK32         

        CLASS   BANK33         

        CLASS   BANK34         

        CLASS   BANK35         

        CLASS   BANK36         

        CLASS   SFR            

        CLASS   BIGSFR         

        CLASS   CONFIG         
                config                           300000   300000        A         4

        CLASS   IDLOC          

        CLASS   EEDATA         

        CLASS   FARRAM         

        CLASS   HEAP           

        CLASS   STACK          



SEGMENTS        Name                           Load    Length   Top    Selector   Space  Class

                reset_vec                      000000  000004  000004         0       0  CODE    
                text60                         003AF4  0001EE  003CE2       EBD       0  CODE    
                text6                          0026E2  001410  003AF2      1371       0  CODE    
                text59                         003CE4  00000A  003CEE       F39       0  CODE    
                smallconst                     002600  0000E2  0026E2      1300       0  SMALLCON
                ivt0x8                         000008  0000FE  000106         4       0  CODE    
                cstackCOMRAM                   000501  000051  000552       501       1  COMRAM  
                bssBANK5                       000560  000027  000587       560       1  BANK5   


UNUSED ADDRESS RANGES

        Name                Unused          Largest block    Delta
        BANK10           000A00-000AFF              100
        BANK11           000B00-000BFF              100
        BANK12           000C00-000CFF              100
        BANK13           000D00-000DFF              100
        BANK14           000E00-000EFF              100
        BANK15           000F00-000FFF              100
        BANK16           001000-0010FF              100
        BANK17           001100-0011FF              100
        BANK18           001200-0012FF              100
        BANK19           001300-0013FF              100
        BANK20           001400-0014FF              100
        BANK21           001500-0015FF              100
        BANK22           001600-0016FF              100
        BANK23           001700-0017FF              100
        BANK24           001800-0018FF              100
        BANK25           001900-0019FF              100
        BANK26           001A00-001AFF              100
        BANK27           001B00-001BFF              100
        BANK28           001C00-001CFF              100
        BANK29           001D00-001DFF              100
        BANK30           001E00-001EFF              100
        BANK31           001F00-001FFF              100
        BANK32           002000-0020FF              100
        BANK33           002100-0021FF              100
        BANK34           002200-0022FF              100
        BANK35           002300-0023FF              100
        BANK36           002400-0024FF              100
        BANK5            000587-0005FF               79
        BANK6            000600-0006FF              100
        BANK7            000700-0007FF              100
        BANK8            000800-0008FF              100
        BANK9            000900-0009FF              100
        BIGRAM           000552-00055F                E
                         000587-0024FF             1F79
        BIGSFR           000000-0004FF              500
                         002500-0025FF              100
        CODE             000004-000007                4
                         000106-0025FF             24FA
                         003AF2-003AF3                2
                         003CE2-003CE3                2
                         003CEE-01FFFF            1C312
        COMRAM           000552-00055F                E
        CONFIG           30000A-300011                8
        CONST            000004-000007                4
                         000106-0025FF             24FA
                         003AF2-003AF3                2
                         003CE2-003CE3                2
                         003CEE-01FFFF            1C312
        EEDATA           380000-3803FF              400
        IDLOC            200000-20003F               40
        MEDIUMCONST      003AF2-003AF3                2
                         003CE2-003CE3                2
                         003CEE-00FFFF             C312
                         012600-01FFFF             DA00
        RAM              000587-0024FF              100
        SFR              000000-0004FF              100
                         002500-0025FF              100
        SMALLCONST       003AF2-003AF3                2
                         003CE2-003CE3                2
                         003CEE-00FFFF              100
                         012600-01FFFF              100

                                  Symbol Table

?___awmod                                     cstackCOMRAM 00050E
I2C1_AddrTransmit@addr                        cstackCOMRAM 00050E
I2C1_CallbackRegister@callbackHandler         cstackCOMRAM 00050E
I2C1_CounterSet@counter                       cstackCOMRAM 00050E
I2C1_DataTransmit@data                        cstackCOMRAM 000505
I2C1_Write@address                            cstackCOMRAM 00050F
I2C1_Write@data                               cstackCOMRAM 000511
I2C1_Write@dataLength                         cstackCOMRAM 000513
I2C1_WriteRead@address                        cstackCOMRAM 00050F
I2C1_WriteRead@readData                       cstackCOMRAM 000515
I2C1_WriteRead@readLength                     cstackCOMRAM 000517
I2C1_WriteRead@writeData                      cstackCOMRAM 000511
I2C1_WriteRead@writeLength                    cstackCOMRAM 000513
INT0_SetInterruptHandler@InterruptHandler     cstackCOMRAM 00050E
INT1_SetInterruptHandler@InterruptHandler     cstackCOMRAM 00050E
INT2_SetInterruptHandler@InterruptHandler     cstackCOMRAM 00050E
INTERRUPT_Initialize@state                    cstackCOMRAM 000511
IVTBASEH                                      (abs)        00045E
IVTBASEL                                      (abs)        00045D
IVTBASEU                                      (abs)        00045F
TMR0_OverflowCallbackRegister@callbackHandler cstackCOMRAM 00050E
_ACTCON                                       (abs)        0000AC
_ANSELA                                       (abs)        000400
_ANSELB                                       (abs)        000408
_ANSELC                                       (abs)        000410
_ANSELD                                       (abs)        000418
_ANSELE                                       (abs)        000420
_CLOCK_Initialize                             text23       003BD4
_Default_ISR                                  text59       003CE4
_GIE                                          (abs)        0026B7
_I2C1ADB1                                     (abs)        00028F
_I2C1CLK                                      (abs)        00029C
_I2C1CNT                                      (abs)        00028D
_I2C1CON0                                     (abs)        000294
_I2C1CON0bits                                 (abs)        000294
_I2C1CON1                                     (abs)        000295
_I2C1CON1bits                                 (abs)        000295
_I2C1CON2                                     (abs)        000296
_I2C1ERR                                      (abs)        000297
_I2C1ERRbits                                  (abs)        000297
_I2C1PIE                                      (abs)        00029B
_I2C1PIEbits                                  (abs)        00029B
_I2C1PIR                                      (abs)        00029A
_I2C1PIRbits                                  (abs)        00029A
_I2C1RXB                                      (abs)        00028B
_I2C1SCLPPS                                   (abs)        000271
_I2C1SDAPPS                                   (abs)        000270
_I2C1STAT0bits                                (abs)        000298
_I2C1STAT1                                    (abs)        000299
_I2C1STAT1bits                                (abs)        000299
_I2C1TXB                                      (abs)        00028C
_I2C1_AddrTransmit                            text30       003C7E
_I2C1_BufferClear                             text45       003C9E
_I2C1_BusReset                                text53       0037C6
_I2C1_Callback                                bssBANK5     000571
_I2C1_CallbackRegister                        text32       003AD0
_I2C1_Close                                   text42       003AAA
_I2C1_CounterGet                              text37       003CC4
_I2C1_CounterSet                              text29       003C76
_I2C1_DataReceive                             text57       003CDC
_I2C1_DataTransmit                            text36       003C86
_I2C1_Deinitialize                            (abs)        000000
_I2C1_ERROR_ISR                               text46       003168
_I2C1_ErrorFlagsClear                         text44       003C6C
_I2C1_ErrorGet                                (abs)        000000
_I2C1_Host                                    smallconst   002622
_I2C1_ISR                                     text33       0034F8
_I2C1_Initialize                              text21       00368A
_I2C1_InterruptsClear                         text43       003CD0
_I2C1_InterruptsDisable                       text55       003C24
_I2C1_InterruptsEnable                        text22       003BC0
_I2C1_IsAddr                                  text52       003BAA
_I2C1_IsBusCol                                text51       003B94
_I2C1_IsBusTimeOut                            text50       003B7E
_I2C1_IsBusy                                  text31       003A34
_I2C1_IsBusy$599                              cstackCOMRAM 00050E
_I2C1_IsData                                  text49       003B68
_I2C1_IsNack                                  text48       003B52
_I2C1_RX_ISR                                  text56       003BFC
_I2C1_Read                                    (abs)        000000
_I2C1_ReadStart                               text38       003A84
_I2C1_RestartDisable                          text35       003CBE
_I2C1_RestartEnable                           text28       003CB8
_I2C1_StartSend                               text27       003CB2
_I2C1_StopSend                                text34       003A5E
_I2C1_TX_ISR                                  text58       003C10
_I2C1_Write                                   text10       00377E
_I2C1_WriteRead                               text25       003732
_I2C1_WriteStart                              text26       003840
_I2C_trasmission_complete                     bssCOMRAM    00054D
_INLVLA                                       (abs)        000404
_INLVLB                                       (abs)        00040C
_INLVLC                                       (abs)        000414
_INLVLD                                       (abs)        00041C
_INLVLE                                       (abs)        000424
_INT0_CallBack                                text61       003918
_INT0_DefaultInterruptHandler                 text62       003CE6
_INT0_ISR                                     text60       003AF4
_INT0_InterruptHandler                        bssBANK5     00056E
_INT0_SetInterruptHandler                     text20       003C5E
_INT1_CallBack                                text64       00394A
_INT1_DefaultInterruptHandler                 text65       003CE8
_INT1_ISR                                     text63       003B0C
_INT1_InterruptHandler                        bssBANK5     00056B
_INT1_SetInterruptHandler                     text19       003C50
_INT2_CallBack                                text67       00397C
_INT2_DefaultInterruptHandler                 text68       003CEA
_INT2_ISR                                     text66       003B24
_INT2_InterruptHandler                        bssBANK5     000568
_INT2_SetInterruptHandler                     text18       003C42
_INTCON0bits                                  (abs)        0004D6
_INTERRUPT_Initialize                         text17       00360C
_IOCAF                                        (abs)        000407
_IOCAN                                        (abs)        000406
_IOCAP                                        (abs)        000405
_IOCBF                                        (abs)        00040F
_IOCBN                                        (abs)        00040E
_IOCBP                                        (abs)        00040D
_IOCCF                                        (abs)        000417
_IOCCN                                        (abs)        000416
_IOCCP                                        (abs)        000415
_IOCEF                                        (abs)        000427
_IOCEN                                        (abs)        000426
_IOCEP                                        (abs)        000425
_IPR3bits                                     (abs)        000365
_IPR7bits                                     (abs)        000369
_IVTBASEH                                     (abs)        00045E
_IVTBASEL                                     (abs)        00045D
_IVTBASEU                                     (abs)        00045F
_IVTLOCK                                      (abs)        000459
_IVTLOCKbits                                  (abs)        000459
_LATA                                         (abs)        0004BE
_LATB                                         (abs)        0004BF
_LATBbits                                     (abs)        0004BF
_LATC                                         (abs)        0004C0
_LATCbits                                     (abs)        0004C0
_LATD                                         (abs)        0004C1
_LATDbits                                     (abs)        0004C1
_LATE                                         (abs)        0004C2
_My_I2C1_Interrupt                            text47       003CD6
_ODCONA                                       (abs)        000402
_ODCONB                                       (abs)        00040A
_ODCONC                                       (abs)        000412
_ODCOND                                       (abs)        00041A
_ODCONE                                       (abs)        000422
_OSCCON1                                      (abs)        0000AD
_OSCCON3                                      (abs)        0000AF
_OSCEN                                        (abs)        0000B3
_OSCFRQ                                       (abs)        0000B1
_OSCTUNE                                      (abs)        0000B0
_PIE3bits                                     (abs)        0004A1
_PIE7bits                                     (abs)        0004A5
_PIN_MANAGER_Initialize                       text16       00346A
_PIR10bits                                    (abs)        0004B8
_PIR1bits                                     (abs)        0004AF
_PIR3bits                                     (abs)        0004B1
_PIR6bits                                     (abs)        0004B4
_PORTAbits                                    (abs)        0004CE
_RB1I2C                                       (abs)        000289
_RB2I2C                                       (abs)        000288
_RC3I2C                                       (abs)        000287
_RC3PPS                                       (abs)        000214
_RC4I2C                                       (abs)        000286
_RC4PPS                                       (abs)        000215
_READ_RTC                                     text24       0039AE
_RTC_sync                                     bssCOMRAM    00054B
_SLRCONA                                      (abs)        000403
_SLRCONB                                      (abs)        00040B
_SLRCONC                                      (abs)        000413
_SLRCOND                                      (abs)        00041B
_SLRCONE                                      (abs)        000423
_SYSTEM_Initialize                            text14       003B3C
_T0CON0                                       (abs)        00031A
_T0CON0bits                                   (abs)        00031A
_T0CON1                                       (abs)        00031B
_TMR0H                                        (abs)        000319
_TMR0L                                        (abs)        000318
_TMR0_CounterGet                              (abs)        000000
_TMR0_CounterSet                              (abs)        000000
_TMR0_DefaultOverflowCallback                 text70       003CEC
_TMR0_Deinitialize                            (abs)        000000
_TMR0_ISR                                     text69       0036E4
_TMR0_Initialize                              text15       0038E6
_TMR0_MaxCountGet                             (abs)        000000
_TMR0_OverflowCallback                        nvBANK5      000584
_TMR0_OverflowCallbackRegister                text13       003C34
_TMR0_PeriodGet                               (abs)        000000
_TMR0_PeriodSet                               (abs)        000000
_TMR0_Start                                   text11       003CA6
_TMR0_Stop                                    text12       003CAC
_TRISA                                        (abs)        0004C6
_TRISAbits                                    (abs)        0004C6
_TRISB                                        (abs)        0004C7
_TRISC                                        (abs)        0004C8
_TRISCbits                                    (abs)        0004C8
_TRISD                                        (abs)        0004C9
_TRISDbits                                    (abs)        0004C9
_TRISE                                        (abs)        0004CA
_Timer0                                       smallconst   002601
_WPUA                                         (abs)        000401
_WPUB                                         (abs)        000409
_WPUC                                         (abs)        000411
_WPUD                                         (abs)        000419
_WPUE                                         (abs)        000421
_WRITE_RTC                                    text9        003804
__HRAM                                        (abs)        000000
__H__absolute__                               __absolute__ 000000
__Habs1                                       abs1         000000
__Hbank10                                     bank10       000000
__Hbank11                                     bank11       000000
__Hbank12                                     bank12       000000
__Hbank13                                     bank13       000000
__Hbank14                                     bank14       000000
__Hbank15                                     bank15       000000
__Hbank16                                     bank16       000000
__Hbank17                                     bank17       000000
__Hbank18                                     bank18       000000
__Hbank19                                     bank19       000000
__Hbank20                                     bank20       000000
__Hbank21                                     bank21       000000
__Hbank22                                     bank22       000000
__Hbank23                                     bank23       000000
__Hbank24                                     bank24       000000
__Hbank25                                     bank25       000000
__Hbank26                                     bank26       000000
__Hbank27                                     bank27       000000
__Hbank28                                     bank28       000000
__Hbank29                                     bank29       000000
__Hbank30                                     bank30       000000
__Hbank31                                     bank31       000000
__Hbank32                                     bank32       000000
__Hbank33                                     bank33       000000
__Hbank34                                     bank34       000000
__Hbank35                                     bank35       000000
__Hbank36                                     bank36       000000
__Hbank5                                      bank5        000000
__Hbank6                                      bank6        000000
__Hbank7                                      bank7        000000
__Hbank8                                      bank8        000000
__Hbank9                                      bank9        000000
__Hbigbss                                     bigbss       000000
__Hbigdata                                    bigdata      000000
__Hbigram                                     bigram       000000
__Hbigsfr                                     bigsfr       000000
__Hbss                                        bss          000000
__HbssBANK5                                   bssBANK5     000000
__HbssCOMRAM                                  bssCOMRAM    000000
__Hcinit                                      cinit        000000
__Hclrtext                                    clrtext      000000
__Hcomram                                     comram       000000
__Hconfig                                     config       30000A
__Hconst                                      const        000000
__HcstackBANK5                                cstackBANK5  000000
__HcstackCOMRAM                               cstackCOMRAM 000000
__Hdata                                       data         000000
__Heeprom_data                                eeprom_data  000000
__Hfarbss                                     farbss       000000
__Hfardata                                    fardata      000000
__Hheap                                       heap         000000
__Hibigdata                                   ibigdata     000000
__Hidata                                      idata        000000
__Hidloc                                      idloc        000000
__Hifardata                                   ifardata     000000
__Hinit                                       init         000106
__Hintsave_regs                               intsave_regs 000000
__Hirdata                                     irdata       000000
__Hivt0x8                                     ivt0x8       000102
__Hmediumconst                                mediumconst  000000
__HnvBANK5                                    nvBANK5      000000
__HnvFARRAM                                   nvFARRAM     000000
__Hnvbit                                      nvbit        000000
__Hnvrram                                     nvrram       000000
__Hparam                                      rparam       000000
__Hpowerup                                    powerup      000000
__Hram                                        ram          000000
__Hramtop                                     ramtop       002600
__Hrbit                                       rbit         000000
__Hrbss                                       rbss         000000
__Hrdata                                      rdata        000000
__Hreset_vec                                  reset_vec    000004
__Hrparam                                     rparam       000000
__Hsfr                                        sfr          000000
__Hsmallconst                                 smallconst   0026E2
__Hspace_0                                    (abs)        003CEE
__Hspace_1                                    (abs)        000587
__Hspace_2                                    (abs)        000000
__Hspace_4                                    (abs)        60000A
__Hstack                                      stack        000000
__Hstruct                                     struct       000000
__Htemp                                       temp         000000
__Htext                                       text         000000
__Htext0                                      text0        000000
__Htext1                                      text1        000000
__Htext10                                     text10       000000
__Htext11                                     text11       000000
__Htext12                                     text12       000000
__Htext13                                     text13       000000
__Htext14                                     text14       000000
__Htext15                                     text15       000000
__Htext16                                     text16       000000
__Htext17                                     text17       000000
__Htext18                                     text18       000000
__Htext19                                     text19       000000
__Htext2                                      text2        000000
__Htext20                                     text20       000000
__Htext21                                     text21       000000
__Htext22                                     text22       000000
__Htext23                                     text23       000000
__Htext24                                     text24       000000
__Htext25                                     text25       000000
__Htext26                                     text26       000000
__Htext27                                     text27       000000
__Htext28                                     text28       000000
__Htext29                                     text29       000000
__Htext3                                      text3        000000
__Htext30                                     text30       000000
__Htext31                                     text31       000000
__Htext32                                     text32       000000
__Htext33                                     text33       000000
__Htext34                                     text34       000000
__Htext35                                     text35       000000
__Htext36                                     text36       000000
__Htext37                                     text37       000000
__Htext38                                     text38       000000
__Htext39                                     text39       000000
__Htext4                                      text4        000000
__Htext40                                     text40       000000
__Htext41                                     text41       000000
__Htext42                                     text42       000000
__Htext43                                     text43       000000
__Htext44                                     text44       000000
__Htext45                                     text45       000000
__Htext46                                     text46       000000
__Htext47                                     text47       000000
__Htext48                                     text48       000000
__Htext49                                     text49       000000
__Htext5                                      text5        000000
__Htext50                                     text50       000000
__Htext51                                     text51       000000
__Htext52                                     text52       000000
__Htext53                                     text53       000000
__Htext54                                     text54       000000
__Htext55                                     text55       000000
__Htext56                                     text56       000000
__Htext57                                     text57       000000
__Htext58                                     text58       000000
__Htext59                                     text59       000000
__Htext6                                      text6        000000
__Htext60                                     text60       000000
__Htext61                                     text61       000000
__Htext62                                     text62       000000
__Htext63                                     text63       000000
__Htext64                                     text64       000000
__Htext65                                     text65       000000
__Htext66                                     text66       000000
__Htext67                                     text67       000000
__Htext68                                     text68       000000
__Htext69                                     text69       000000
__Htext7                                      text7        000000
__Htext70                                     text70       000000
__Htext71                                     text71       000000
__Htext8                                      text8        000000
__Htext9                                      text9        000000
__LRAM                                        (abs)        000001
__L__absolute__                               __absolute__ 000000
__Labs1                                       abs1         000000
__Lbank10                                     bank10       000000
__Lbank11                                     bank11       000000
__Lbank12                                     bank12       000000
__Lbank13                                     bank13       000000
__Lbank14                                     bank14       000000
__Lbank15                                     bank15       000000
__Lbank16                                     bank16       000000
__Lbank17                                     bank17       000000
__Lbank18                                     bank18       000000
__Lbank19                                     bank19       000000
__Lbank20                                     bank20       000000
__Lbank21                                     bank21       000000
__Lbank22                                     bank22       000000
__Lbank23                                     bank23       000000
__Lbank24                                     bank24       000000
__Lbank25                                     bank25       000000
__Lbank26                                     bank26       000000
__Lbank27                                     bank27       000000
__Lbank28                                     bank28       000000
__Lbank29                                     bank29       000000
__Lbank30                                     bank30       000000
__Lbank31                                     bank31       000000
__Lbank32                                     bank32       000000
__Lbank33                                     bank33       000000
__Lbank34                                     bank34       000000
__Lbank35                                     bank35       000000
__Lbank36                                     bank36       000000
__Lbank5                                      bank5        000000
__Lbank6                                      bank6        000000
__Lbank7                                      bank7        000000
__Lbank8                                      bank8        000000
__Lbank9                                      bank9        000000
__Lbigbss                                     bigbss       000000
__Lbigdata                                    bigdata      000000
__Lbigram                                     bigram       000000
__Lbigsfr                                     bigsfr       000000
__Lbss                                        bss          000000
__LbssBANK5                                   bssBANK5     000000
__LbssCOMRAM                                  bssCOMRAM    000000
__Lcinit                                      cinit        000000
__Lclrtext                                    clrtext      000000
__Lcomram                                     comram       000000
__Lconfig                                     config       000000
__Lconst                                      const        000000
__LcstackBANK5                                cstackBANK5  000000
__LcstackCOMRAM                               cstackCOMRAM 000000
__Ldata                                       data         000000
__Leeprom_data                                eeprom_data  000000
__Lfarbss                                     farbss       000000
__Lfardata                                    fardata      000000
__Lheap                                       heap         000000
__Libigdata                                   ibigdata     000000
__Lidata                                      idata        000000
__Lidloc                                      idloc        000000
__Lifardata                                   ifardata     000000
__Linit                                       init         000102
__Lintsave_regs                               intsave_regs 000000
__Lirdata                                     irdata       000000
__Livt0x8                                     ivt0x8       000008
__Lmediumconst                                mediumconst  000000
__LnvBANK5                                    nvBANK5      000000
__LnvFARRAM                                   nvFARRAM     000000
__Lnvbit                                      nvbit        000000
__Lnvrram                                     nvrram       000000
__Lparam                                      rparam       000000
__Lpowerup                                    powerup      000000
__Lram                                        ram          000000
__Lramtop                                     ramtop       002600
__Lrbit                                       rbit         000000
__Lrbss                                       rbss         000000
__Lrdata                                      rdata        000000
__Lreset_vec                                  reset_vec    000000
__Lrparam                                     rparam       000000
__Lsfr                                        sfr          000000
__Lsmallconst                                 smallconst   002600
__Lspace_0                                    (abs)        000000
__Lspace_1                                    (abs)        000000
__Lspace_2                                    (abs)        000000
__Lspace_4                                    (abs)        000000
__Lstack                                      stack        000000
__Lstruct                                     struct       000000
__Ltemp                                       temp         000000
__Ltext                                       text         000000
__Ltext0                                      text0        000000
__Ltext1                                      text1        000000
__Ltext10                                     text10       000000
__Ltext11                                     text11       000000
__Ltext12                                     text12       000000
__Ltext13                                     text13       000000
__Ltext14                                     text14       000000
__Ltext15                                     text15       000000
__Ltext16                                     text16       000000
__Ltext17                                     text17       000000
__Ltext18                                     text18       000000
__Ltext19                                     text19       000000
__Ltext2                                      text2        000000
__Ltext20                                     text20       000000
__Ltext21                                     text21       000000
__Ltext22                                     text22       000000
__Ltext23                                     text23       000000
__Ltext24                                     text24       000000
__Ltext25                                     text25       000000
__Ltext26                                     text26       000000
__Ltext27                                     text27       000000
__Ltext28                                     text28       000000
__Ltext29                                     text29       000000
__Ltext3                                      text3        000000
__Ltext30                                     text30       000000
__Ltext31                                     text31       000000
__Ltext32                                     text32       000000
__Ltext33                                     text33       000000
__Ltext34                                     text34       000000
__Ltext35                                     text35       000000
__Ltext36                                     text36       000000
__Ltext37                                     text37       000000
__Ltext38                                     text38       000000
__Ltext39                                     text39       000000
__Ltext4                                      text4        000000
__Ltext40                                     text40       000000
__Ltext41                                     text41       000000
__Ltext42                                     text42       000000
__Ltext43                                     text43       000000
__Ltext44                                     text44       000000
__Ltext45                                     text45       000000
__Ltext46                                     text46       000000
__Ltext47                                     text47       000000
__Ltext48                                     text48       000000
__Ltext49                                     text49       000000
__Ltext5                                      text5        000000
__Ltext50                                     text50       000000
__Ltext51                                     text51       000000
__Ltext52                                     text52       000000
__Ltext53                                     text53       000000
__Ltext54                                     text54       000000
__Ltext55                                     text55       000000
__Ltext56                                     text56       000000
__Ltext57                                     text57       000000
__Ltext58                                     text58       000000
__Ltext59                                     text59       000000
__Ltext6                                      text6        000000
__Ltext60                                     text60       000000
__Ltext61                                     text61       000000
__Ltext62                                     text62       000000
__Ltext63                                     text63       000000
__Ltext64                                     text64       000000
__Ltext65                                     text65       000000
__Ltext66                                     text66       000000
__Ltext67                                     text67       000000
__Ltext68                                     text68       000000
__Ltext69                                     text69       000000
__Ltext7                                      text7        000000
__Ltext70                                     text70       000000
__Ltext71                                     text71       000000
__Ltext8                                      text8        000000
__Ltext9                                      text9        000000
__S0                                          (abs)        003CEE
__S1                                          (abs)        000587
__S4                                          (abs)        000000
__S5                                          (abs)        000000
___awmod                                      text8        003314
___awmod@counter                              cstackCOMRAM 000512
___awmod@dividend                             cstackCOMRAM 00050E
___awmod@divisor                              cstackCOMRAM 000510
___awmod@sign                                 cstackCOMRAM 000513
___heap_hi                                    (abs)        000000
___heap_lo                                    (abs)        000000
___inthi_sp                                   stack        000000
___inthi_stack_hi                             stack        000000
___inthi_stack_lo                             stack        000000
___intlo_sp                                   stack        000000
___intlo_stack_hi                             stack        000000
___intlo_stack_lo                             stack        000000
___param_bank                                 (abs)        000000
___rparam_used                                (abs)        000001
___sp                                         stack        000000
___stack_hi                                   stack        000000
___stack_lo                                   stack        000000
__accesstop                                   (abs)        000560
__activetblptr                                (abs)        000003
__end_of_CLOCK_Initialize                     text23       003BE8
__end_of_Default_ISR                          text59       003CE6
__end_of_I2C1_AddrTransmit                    text30       003C86
__end_of_I2C1_BufferClear                     text45       003CA6
__end_of_I2C1_BusReset                        text53       003804
__end_of_I2C1_CallbackRegister                text32       003AF2
__end_of_I2C1_Close                           text42       003AD0
__end_of_I2C1_CounterGet                      text37       003CCA
__end_of_I2C1_CounterSet                      text29       003C7E
__end_of_I2C1_DataReceive                     text57       003CE2
__end_of_I2C1_DataTransmit                    text36       003C8E
__end_of_I2C1_ERROR_ISR                       text46       00325A
__end_of_I2C1_ErrorFlagsClear                 text44       003C76
__end_of_I2C1_Host                            smallconst   002640
__end_of_I2C1_ISR                             text33       003586
__end_of_I2C1_Initialize                      text21       0036E4
__end_of_I2C1_InterruptsClear                 text43       003CD6
__end_of_I2C1_InterruptsDisable               text55       003C34
__end_of_I2C1_InterruptsEnable                text22       003BD4
__end_of_I2C1_IsAddr                          text52       003BC0
__end_of_I2C1_IsBusCol                        text51       003BAA
__end_of_I2C1_IsBusTimeOut                    text50       003B94
__end_of_I2C1_IsBusy                          text31       003A5E
__end_of_I2C1_IsData                          text49       003B7E
__end_of_I2C1_IsNack                          text48       003B68
__end_of_I2C1_RX_ISR                          text56       003C10
__end_of_I2C1_ReadStart                       text38       003AAA
__end_of_I2C1_RestartDisable                  text35       003CC4
__end_of_I2C1_RestartEnable                   text28       003CBE
__end_of_I2C1_StartSend                       text27       003CB8
__end_of_I2C1_StopSend                        text34       003A84
__end_of_I2C1_TX_ISR                          text58       003C24
__end_of_I2C1_Write                           text10       0037C6
__end_of_I2C1_WriteRead                       text25       00377E
__end_of_I2C1_WriteStart                      text26       00387A
__end_of_INT0_CallBack                        text61       00394A
__end_of_INT0_DefaultInterruptHandler         text62       003CE8
__end_of_INT0_ISR                             text60       003B0C
__end_of_INT0_SetInterruptHandler             text20       003C6C
__end_of_INT1_CallBack                        text64       00397C
__end_of_INT1_DefaultInterruptHandler         text65       003CEA
__end_of_INT1_ISR                             text63       003B24
__end_of_INT1_SetInterruptHandler             text19       003C5E
__end_of_INT2_CallBack                        text67       0039AE
__end_of_INT2_DefaultInterruptHandler         text68       003CEC
__end_of_INT2_ISR                             text66       003B3C
__end_of_INT2_SetInterruptHandler             text18       003C50
__end_of_INTERRUPT_Initialize                 text17       00368A
__end_of_My_I2C1_Interrupt                    text47       003CDC
__end_of_PIN_MANAGER_Initialize               text16       0034F8
__end_of_READ_RTC                             text24       0039DC
__end_of_SYSTEM_Initialize                    text14       003B52
__end_of_TMR0_DefaultOverflowCallback         text70       003CEE
__end_of_TMR0_ISR                             text69       003732
__end_of_TMR0_Initialize                      text15       003918
__end_of_TMR0_OverflowCallbackRegister        text13       003C42
__end_of_TMR0_Start                           text11       003CAC
__end_of_TMR0_Stop                            text12       003CB2
__end_of_Timer0                               smallconst   002622
__end_of_WRITE_RTC                            text9        003840
__end_of___awmod                              text8        0033C2
__end_of__initialization                      cinit        003A02
__end_of_clock_init                           text6        002E92
__end_of_display_controll                     text5        00300A
__end_of_display_digit                        text7        003168
__end_of_main                                 text0        003314
__end_of_memset                               text2        0038B2
__end_of_numbers                              smallconst   0026E0
__end_of_numbers_DP                           smallconst   002690
__end_of_pin_init                             text4        003A34
__end_of_process_data_from_RTC                text3        0038E6
__end_of_system_clock                         text1        00346A
__end_of_timer                                text71       00360C
__end_ofi2_I2C1_AddrTransmit                  text41       003C9E
__end_ofi2_I2C1_CounterSet                    text40       003C96
__end_ofi2_I2C1_InterruptsEnable              text54       003BFC
__end_ofi2_I2C1_StartSend                     text39       003CD0
__initialization                              cinit        0039DC
__mediumconst                                 smallconst   002600
__pbssBANK5                                   bssBANK5     000560
__pbssCOMRAM                                  bssCOMRAM    00053B
__pcinit                                      cinit        0039DC
__pcstackBANK5                                cstackBANK5  000580
__pcstackCOMRAM                               cstackCOMRAM 000501
__pivt0x8                                     ivt0x8       000008
__pnvBANK5                                    nvBANK5      000584
__psmallconst                                 smallconst   002600
__ptext0                                      text0        00325A
__ptext1                                      text1        0033C2
__ptext10                                     text10       00377E
__ptext11                                     text11       003CA6
__ptext12                                     text12       003CAC
__ptext13                                     text13       003C34
__ptext14                                     text14       003B3C
__ptext15                                     text15       0038E6
__ptext16                                     text16       00346A
__ptext17                                     text17       00360C
__ptext18                                     text18       003C42
__ptext19                                     text19       003C50
__ptext2                                      text2        00387A
__ptext20                                     text20       003C5E
__ptext21                                     text21       00368A
__ptext22                                     text22       003BC0
__ptext23                                     text23       003BD4
__ptext24                                     text24       0039AE
__ptext25                                     text25       003732
__ptext26                                     text26       003840
__ptext27                                     text27       003CB2
__ptext28                                     text28       003CB8
__ptext29                                     text29       003C76
__ptext3                                      text3        0038B2
__ptext30                                     text30       003C7E
__ptext31                                     text31       003A34
__ptext32                                     text32       003AD0
__ptext33                                     text33       0034F8
__ptext34                                     text34       003A5E
__ptext35                                     text35       003CBE
__ptext36                                     text36       003C86
__ptext37                                     text37       003CC4
__ptext38                                     text38       003A84
__ptext39                                     text39       003CCA
__ptext4                                      text4        003A08
__ptext40                                     text40       003C8E
__ptext41                                     text41       003C96
__ptext42                                     text42       003AAA
__ptext43                                     text43       003CD0
__ptext44                                     text44       003C6C
__ptext45                                     text45       003C9E
__ptext46                                     text46       003168
__ptext47                                     text47       003CD6
__ptext48                                     text48       003B52
__ptext49                                     text49       003B68
__ptext5                                      text5        002E92
__ptext50                                     text50       003B7E
__ptext51                                     text51       003B94
__ptext52                                     text52       003BAA
__ptext53                                     text53       0037C6
__ptext54                                     text54       003BE8
__ptext55                                     text55       003C24
__ptext56                                     text56       003BFC
__ptext57                                     text57       003CDC
__ptext58                                     text58       003C10
__ptext59                                     text59       003CE4
__ptext6                                      text6        0026E2
__ptext60                                     text60       003AF4
__ptext61                                     text61       003918
__ptext62                                     text62       003CE6
__ptext63                                     text63       003B0C
__ptext64                                     text64       00394A
__ptext65                                     text65       003CE8
__ptext66                                     text66       003B24
__ptext67                                     text67       00397C
__ptext68                                     text68       003CEA
__ptext69                                     text69       0036E4
__ptext7                                      text7        00300A
__ptext70                                     text70       003CEC
__ptext71                                     text71       003586
__ptext8                                      text8        003314
__ptext9                                      text9        003804
__ramtop                                      ramtop       002600
__smallconst                                  smallconst   002600
_bcd_numbers                                  bssBANK5     000564
_bcd_numbers_recieved                         bssCOMRAM    00054F
_clock_init                                   text6        0026E2
_clock_init$1593                              cstackCOMRAM 00051B
_clock_init$1594                              cstackCOMRAM 00051D
_clock_init$1595                              cstackCOMRAM 00051F
_clock_init$1596                              cstackCOMRAM 000521
_clock_init$1597                              cstackCOMRAM 000523
_clock_init$1598                              cstackCOMRAM 000525
_clock_init$1599                              cstackCOMRAM 000527
_clock_init$1600                              cstackCOMRAM 000529
_clock_init$1601                              cstackCOMRAM 00052B
_clock_init$1602                              cstackCOMRAM 00052D
_clock_init$1603                              cstackCOMRAM 00052F
_clock_init$1604                              cstackCOMRAM 000531
_display_controll                             text5        002E92
_display_digit                                text7        00300A
_i2c1Status                                   bssCOMRAM    00053B
_in_setup_mode                                bssCOMRAM    00054E
_main                                         text0        00325A
_memset                                       text2        00387A
_ms_counter                                   bssBANK5     000574
_ms_sync_counter                              bssBANK5     000560
_numbers                                      smallconst   002690
_numbers_DP                                   smallconst   002640
_numbers_out                                  bssBANK5     000576
_payload                                      bssBANK5     00057C
_pin_init                                     text4        003A08
_process_data_from_RTC                        text3        0038B2
_sys_clock                                    bssCOMRAM    00054C
_system_clock                                 text1        0033C2
_timer                                        text71       003586
_tmr0PeriodCount                              bssCOMRAM    000548
_waiting_for_data                             bssCOMRAM    00054A
clock_init@hold_button_time                   cstackCOMRAM 000537
clock_init@i                                  cstackCOMRAM 000535
clock_init@numbers_out                        cstackCOMRAM 000515
clock_init@selected_digit                     cstackCOMRAM 000539
clock_init@theshold                           cstackCOMRAM 000533
clock_init@timeout                            cstackCOMRAM 000519
display_controll@i                            cstackBANK5  000582
display_digit@segments                        cstackCOMRAM 00050E
end_of_initialization                         cinit        003A02
i2I2C1_AddrTransmit@addr                      cstackCOMRAM 000501
i2I2C1_CounterSet@counter                     cstackCOMRAM 000502
i2_I2C1_AddrTransmit                          text41       003C96
i2_I2C1_CounterSet                            text40       003C8E
i2_I2C1_InterruptsEnable                      text54       003BE8
i2_I2C1_StartSend                             text39       003CCA
intlevel0                                     text         000000
intlevel1                                     text         000000
intlevel2                                     text         000000
intlevel3                                     text         000000
isa$std                                       (abs)        000001
isa$xinst                                     (abs)        000000
ivt0x8_base                                   ivt0x8       000008
ivt0x8_undefint                               ivt0x8       000100
memset@c                                      cstackCOMRAM 000510
memset@dest                                   cstackCOMRAM 00050E
memset@n                                      cstackCOMRAM 000512
memset@p                                      cstackCOMRAM 000514
stackhi                                       (abs)        000000
stacklo                                       (abs)        000000
start                                         init         000102
start_initialization                          cinit        0039DC


MODULE INFORMATION

Module		Function		Class		Link	Load	Size
/home/nontoxiccat/Desktop/KiCad projects/Rocnikovy_Projekt_S3E/Hodiny/My_MCC_Config/mcc/mcc_generated_files/i2c_host/src/i2c1.c
		_I2C1_CallbackRegister		CODE           	3AD0	0000	34
		_I2C1_RX_ISR   		CODE           	3BFC	0000	20
		_I2C1_InterruptsEnable		CODE           	3BC0	0000	20
		_I2C1_WriteStart		CODE           	3840	0000	58
		_I2C1_CounterGet		CODE           	3CC4	0000	6
		_I2C1_CounterSet		CODE           	3C76	0000	8
		_I2C1_ReadStart		CODE           	3A84	0000	38
		_I2C1_InterruptsClear		CODE           	3CD0	0000	6
		_I2C1_RestartEnable		CODE           	3CB8	0000	6
		_I2C1_ISR      		CODE           	34F8	0000	142
		_I2C1_DataReceive		CODE           	3CDC	0000	6
		_I2C1_IsData   		CODE           	3B68	0000	22
		_I2C1_IsNack   		CODE           	3B52	0000	22
		_I2C1_IsAddr   		CODE           	3BAA	0000	22
		_I2C1_IsBusy   		CODE           	3A34	0000	42
		_I2C1_InterruptsDisable		CODE           	3C24	0000	16
		_I2C1_BufferClear		CODE           	3C9E	0000	8
		_I2C1_BusReset 		CODE           	37C6	0000	62
		_I2C1_Initialize		CODE           	368A	0000	90
		_I2C1_Close    		CODE           	3AAA	0000	38
		_I2C1_IsBusCol 		CODE           	3B94	0000	22
		_I2C1_ERROR_ISR		CODE           	3168	0000	242
		_I2C1_Write    		CODE           	377E	0000	72
		_I2C1_ErrorFlagsClear		CODE           	3C6C	0000	10
		_I2C1_TX_ISR   		CODE           	3C10	0000	20
		_I2C1_StopSend 		CODE           	3A5E	0000	38
		_I2C1_RestartDisable		CODE           	3CBE	0000	6
		_I2C1_DataTransmit		CODE           	3C86	0000	8
		_I2C1_AddrTransmit		CODE           	3C7E	0000	8
		_I2C1_IsBusTimeOut		CODE           	3B7E	0000	22
		_I2C1_WriteRead		CODE           	3732	0000	76
		_I2C1_StartSend		CODE           	3CB2	0000	6

/home/nontoxiccat/Desktop/KiCad projects/Rocnikovy_Projekt_S3E/Hodiny/My_MCC_Config/mcc/mcc_generated_files/i2c_host/src/i2c1.c estimated size: 1196

/opt/microchip/xc8/v3.10/pic/sources/c99/common/memset.c
		_memset        		CODE           	387A	0000	56

/opt/microchip/xc8/v3.10/pic/sources/c99/common/memset.c estimated size: 56

/home/nontoxiccat/Desktop/KiCad projects/Rocnikovy_Projekt_S3E/Hodiny/My_MCC_Config/mcc/mcc_generated_files/system/src/pins.c
		_PIN_MANAGER_Initialize		CODE           	346A	0000	142

/home/nontoxiccat/Desktop/KiCad projects/Rocnikovy_Projekt_S3E/Hodiny/My_MCC_Config/mcc/mcc_generated_files/system/src/pins.c estimated size: 142

/home/nontoxiccat/Desktop/KiCad projects/Rocnikovy_Projekt_S3E/Hodiny/My_MCC_Config/mcc/mcc_generated_files/timer/src/tmr0.c
		_TMR0_OverflowCallbackRegister		CODE           	3C34	0000	14
		_TMR0_DefaultOverflowCallback		CODE           	3CEC	0000	2
		_TMR0_ISR      		CODE           	36E4	0000	78
		_TMR0_Initialize		CODE           	38E6	0000	50
		_TMR0_Stop     		CODE           	3CAC	0000	6
		_TMR0_Start    		CODE           	3CA6	0000	6

/home/nontoxiccat/Desktop/KiCad projects/Rocnikovy_Projekt_S3E/Hodiny/My_MCC_Config/mcc/mcc_generated_files/timer/src/tmr0.c estimated size: 156

/home/nontoxiccat/Desktop/KiCad projects/Rocnikovy_Projekt_S3E/Hodiny/clock_config.h
		_pin_init      		CODE           	3A08	0000	44

/home/nontoxiccat/Desktop/KiCad projects/Rocnikovy_Projekt_S3E/Hodiny/clock_config.h estimated size: 44

/home/nontoxiccat/Desktop/KiCad projects/Rocnikovy_Projekt_S3E/Hodiny/My_MCC_Config/mcc/mcc_generated_files/system/src/interrupt.c
		_INT0_SetInterruptHandler		CODE           	3C5E	0000	14
		_INT1_SetInterruptHandler		CODE           	3C50	0000	14
		_INT2_SetInterruptHandler		CODE           	3C42	0000	14
		_INTERRUPT_Initialize		CODE           	360C	0000	126
		_INT0_DefaultInterruptHandler		CODE           	3CE6	0000	2
		_INT0_CallBack 		CODE           	3918	0000	50
		_INT1_DefaultInterruptHandler		CODE           	3CE8	0000	2
		_INT1_CallBack 		CODE           	394A	0000	50
		_INT2_DefaultInterruptHandler		CODE           	3CEA	0000	2
		_INT2_CallBack 		CODE           	397C	0000	50
		_Default_ISR   		CODE           	3CE4	0000	2
		_INT0_ISR      		CODE           	3AF4	0000	24
		_INT1_ISR      		CODE           	3B0C	0000	24
		_INT2_ISR      		CODE           	3B24	0000	24

/home/nontoxiccat/Desktop/KiCad projects/Rocnikovy_Projekt_S3E/Hodiny/My_MCC_Config/mcc/mcc_generated_files/system/src/interrupt.c estimated size: 398

/opt/microchip/xc8/v3.10/pic/sources/c99/common/awmod.c
		___awmod       		CODE           	3314	0000	174

/opt/microchip/xc8/v3.10/pic/sources/c99/common/awmod.c estimated size: 174

shared
		i2_I2C1_CounterSet		CODE           	3C8E	0000	8
		i2_I2C1_InterruptsEnable		CODE           	3BE8	0000	20
		i2_I2C1_AddrTransmit		CODE           	3C96	0000	8
		__initialization		CODE           	39DC	0000	38
		_I2C1_Host     		SMALLCONST     	2622	0000	30
		_numbers       		SMALLCONST     	2690	0000	80
		_numbers_DP    		SMALLCONST     	2640	0000	80
		_Timer0        		SMALLCONST     	2601	0000	33
		i2_I2C1_StartSend		CODE           	3CCA	0000	6

shared estimated size: 303

/home/nontoxiccat/Desktop/KiCad projects/Rocnikovy_Projekt_S3E/Hodiny/My_MCC_Config/mcc/mcc_generated_files/system/src/clock.c
		_CLOCK_Initialize		CODE           	3BD4	0000	20

/home/nontoxiccat/Desktop/KiCad projects/Rocnikovy_Projekt_S3E/Hodiny/My_MCC_Config/mcc/mcc_generated_files/system/src/clock.c estimated size: 20

/home/nontoxiccat/Desktop/KiCad projects/Rocnikovy_Projekt_S3E/Hodiny/main.c
		_clock_init    		CODE           	26E2	0000	1968
		_WRITE_RTC     		CODE           	3804	0000	60
		_system_clock  		CODE           	33C2	0000	168
		_main          		CODE           	325A	0000	186
		_display_digit 		CODE           	300A	0000	350
		_display_controll		CODE           	2E92	0000	376
		_READ_RTC      		CODE           	39AE	0000	46
		_timer         		CODE           	3586	0000	134
		_My_I2C1_Interrupt		CODE           	3CD6	0000	6
		_process_data_from_RTC		CODE           	38B2	0000	52

/home/nontoxiccat/Desktop/KiCad projects/Rocnikovy_Projekt_S3E/Hodiny/main.c estimated size: 3346

/home/nontoxiccat/Desktop/KiCad projects/Rocnikovy_Projekt_S3E/Hodiny/My_MCC_Config/mcc/mcc_generated_files/system/src/system.c
		_SYSTEM_Initialize		CODE           	3B3C	0000	22

/home/nontoxiccat/Desktop/KiCad projects/Rocnikovy_Projekt_S3E/Hodiny/My_MCC_Config/mcc/mcc_generated_files/system/src/system.c estimated size: 22

