Microchip MPLAB XC8 Compiler V3.10

Linker command line:

-W-3 --edf=/opt/microchip/xc8/v3.10/pic/dat/20250813170317_en.msgs \
  -pivt0x8=08h -cn \
  -h+/home/nontoxiccat/Desktop/KiCad projects/Rocnikovy_Projekt_S3E/Hodiny/out/Hodiny/default.sym \
  --cmf=/home/nontoxiccat/Desktop/KiCad projects/Rocnikovy_Projekt_S3E/Hodiny/out/Hodiny/default.cmf \
  -z -Q18F47Q43 -o/tmp/xcXbmHAnG/driver_tmp_3.o --defsym=__MPLAB_BUILD=1 \
  --fixupoverflow=error -Mmem.map --md=/tmp/xcXbmHAnG/driver_tmp_0.dat -E1 \
  -ver=XC8 Compiler -ACODE=00h-01FFFFh -ACONST=00h-01FFFFh \
  -ASMALLCONST=02600h-026FFhx218,012600h-0126FFhx218 \
  -AMEDIUMCONST=02600h-0FFFFh,012600h-01FFFFh -ACOMRAM=0501h-055Fh \
  -AABS1=0500h-024FFh -ABIGRAM=0501h-024FFh \
  -ARAM=0560h-05FFh,0600h-06FFhx31 -ABANK5=0560h-05FFh -ABANK6=0600h-06FFh \
  -ABANK7=0700h-07FFh -ABANK8=0800h-08FFh -ABANK9=0900h-09FFh \
  -ABANK10=0A00h-0AFFh -ABANK11=0B00h-0BFFh -ABANK12=0C00h-0CFFh \
  -ABANK13=0D00h-0DFFh -ABANK14=0E00h-0EFFh -ABANK15=0F00h-0FFFh \
  -ABANK16=01000h-010FFh -ABANK17=01100h-011FFh -ABANK18=01200h-012FFh \
  -ABANK19=01300h-013FFh -ABANK20=01400h-014FFh -ABANK21=01500h-015FFh \
  -ABANK22=01600h-016FFh -ABANK23=01700h-017FFh -ABANK24=01800h-018FFh \
  -ABANK25=01900h-019FFh -ABANK26=01A00h-01AFFh -ABANK27=01B00h-01BFFh \
  -ABANK28=01C00h-01CFFh -ABANK29=01D00h-01DFFh -ABANK30=01E00h-01EFFh \
  -ABANK31=01F00h-01FFFh -ABANK32=02000h-020FFh -ABANK33=02100h-021FFh \
  -ABANK34=02200h-022FFh -ABANK35=02300h-023FFh -ABANK36=02400h-024FFh \
  -ASFR=00h-0FFhx4,0400h-045Fh,0460h-04FFh,02500h-025FFh \
  -ABIGSFR=00h-04FFh,02500h-025FFh -ACONFIG=0300000h-0300011h \
  -AIDLOC=0200000h-020003Fh -AEEDATA=0380000h-03803FFh -peeprom_data=EEDATA \
  -preset_vec=00h -ppowerup=CODE,init -pramtop=02600h \
  -psmallconst=SMALLCONST -pmediumconst=MEDIUMCONST -pconst=CONST \
  -AFARRAM=00h-00h \
  -prdata=COMRAM,nvrram=COMRAM,nvbit=COMRAM,rbss=COMRAM,rbit=COMRAM \
  -pfarbss=FARRAM,fardata=FARRAM,nvFARRAM=FARRAM \
  -pintsave_regs=BIGRAM,bigbss=BIGRAM,bigdata=BIGRAM -pbss=RAM \
  -pidata=CODE,irdata=CODE,ibigdata=CODE,ifardata=CODE -prparam=COMRAM \
  /tmp/xcXbmHAnG/driver_tmp_9.o \
  /home/nontoxiccat/Desktop/KiCad projects/Rocnikovy_Projekt_S3E/Hodiny/out/Hodiny/default.o 

Object code version is 3.11

Machine type is 18F47Q43



                Name                               Link     Load   Length Selector   Space Scale
/tmp/xcXbmHAnG/driver_tmp_9.o
                config                           300000   300000        A        0       4
                init                                102      102        4        4       0
                reset_vec                             0        0        4        0       0
/home/nontoxiccat/Desktop/KiCad projects/Rocnikovy_Projekt_S3E/Hodiny/out/Hodiny/default.o
                config                           300000   300000        A        0       4
                mediumconst                        FE7E     FE7E      182     7F3F       0
                ivt0x8                                8        8       FA        4       0
                text71                            10EE2    10EE2       86     8000       0
                text70                            11648    11648        2     4590       0
                text69                            11040    11040       4E     8000       0
                text68                            11646    11646        2     4590       0
                text67                            112B0    112B0       32     8000       0
                text66                            11480    11480       18     8000       0
                text65                            11644    11644        2     4590       0
                text64                            1127E    1127E       32     8000       0
                text63                            11468    11468       18     8000       0
                text62                            11642    11642        2     4590       0
                text61                            1124C    1124C       32     8000       0
                text60                            11450    11450       18     8000       0
                text59                            11640    11640        2     4590       0
                text58                            1156C    1156C       14     8000       0
                text57                            11638    11638        6     8000       0
                text56                            11558    11558       14     8000       0
                text55                            11580    11580       10     8000       0
                text54                            11544    11544       14     8000       0
                text53                            1116A    1116A       3E     8000       0
                text52                            11506    11506       16     8000       0
                text51                            114F0    114F0       16     8000       0
                text50                            114DA    114DA       16     8000       0
                text49                            114C4    114C4       16     8000       0
                text48                            114AE    114AE       16     8000       0
                text47                            11632    11632        6     8000       0
                text46                            10AD8    10AD8       F2     8000       0
                text45                            115FA    115FA        8     8000       0
                text44                            115C8    115C8        A     8000       0
                text43                            1162C    1162C        6     8000       0
                text42                            11408    11408       26     8000       0
                text41                            115F2    115F2        8     8000       0
                text40                            115EA    115EA        8     8000       0
                text39                            11626    11626        6     8000       0
                text38                            113E2    113E2       26     8000       0
                text37                            11620    11620        6     8000       0
                text36                            115E2    115E2        8     8000       0
                text35                            1161A    1161A        6     8000       0
                text34                            113BC    113BC       26     8000       0
                text33                            10E54    10E54       8E     8000       0
                text32                            1142E    1142E       22     8000       0
                text31                            11392    11392       2A     8000       0
                text30                            115DA    115DA        8     8000       0
                text29                            115D2    115D2        8     8000       0
                text28                            11614    11614        6     8000       0
                text27                            1160E    1160E        6     8000       0
                text26                            111A8    111A8       3A     8000       0
                text25                            1108E    1108E       4C     8000       0
                text24                            11368    11368       2A     8000       0
                text23                            11530    11530       14     8000       0
                text22                            1151C    1151C       14     8000       0
                text21                            10FE6    10FE6       5A     8000       0
                text20                            115BA    115BA        E     8000       0
                text19                            115AC    115AC        E     8000       0
                text18                            1159E    1159E        E     8000       0
                text17                            10F68    10F68       7E     8000       0
                text16                            10DC6    10DC6       8E     8000       0
                text15                            1121A    1121A       32     8000       0
                text14                            11498    11498       16     8000       0
                text13                            11590    11590        E     8000       0
                text12                            11608    11608        6     8000       0
                text11                            11602    11602        6     8000       0
                text10                            11122    11122       48     8000       0
                text9                             110DA    110DA       48     8000       0
                text8                             10C88    10C88       AE     8000       0
                text7                             1095E    1095E      17A     8000       0
                text6                             10000    10000      7C2     8000       0
                text5                             107C2    107C2      19C     8000       0
                text4                             1133C    1133C       2C     8000       0
                text3                             112E2    112E2       2E     8000       0
                text2                             111E2    111E2       38     8000       0
                text1                             10D36    10D36       90     8000       0
                text0                             10BCA    10BCA       BE     8000       0
                cstackCOMRAM                        501      501       38      501       1
                cstackBANK5                         57E      57E        4      560       1
                bssBANK5                            560      560       1E      560       1
                bssCOMRAM                           539      539       19      501       1
                cinit                             11310    11310       2C     8000       0
                nvBANK5                             582      582        3      560       1

TOTAL           Name                               Link     Load   Length     Space
        CLASS   CODE           
                init                                102      102        4         0
                reset_vec                             0        0        4         0
                ivt0x8                                8        8       FA         0
                text71                            10EE2    10EE2       86         0
                text70                            11648    11648        2         0
                text69                            11040    11040       4E         0
                text68                            11646    11646        2         0
                text67                            112B0    112B0       32         0
                text66                            11480    11480       18         0
                text65                            11644    11644        2         0
                text64                            1127E    1127E       32         0
                text63                            11468    11468       18         0
                text62                            11642    11642        2         0
                text61                            1124C    1124C       32         0
                text60                            11450    11450       18         0
                text59                            11640    11640        2         0
                text58                            1156C    1156C       14         0
                text57                            11638    11638        6         0
                text56                            11558    11558       14         0
                text55                            11580    11580       10         0
                text54                            11544    11544       14         0
                text53                            1116A    1116A       3E         0
                text52                            11506    11506       16         0
                text51                            114F0    114F0       16         0
                text50                            114DA    114DA       16         0
                text49                            114C4    114C4       16         0
                text48                            114AE    114AE       16         0
                text47                            11632    11632        6         0
                text46                            10AD8    10AD8       F2         0
                text45                            115FA    115FA        8         0
                text44                            115C8    115C8        A         0
                text43                            1162C    1162C        6         0
                text42                            11408    11408       26         0
                text41                            115F2    115F2        8         0
                text40                            115EA    115EA        8         0
                text39                            11626    11626        6         0
                text38                            113E2    113E2       26         0
                text37                            11620    11620        6         0
                text36                            115E2    115E2        8         0
                text35                            1161A    1161A        6         0
                text34                            113BC    113BC       26         0
                text33                            10E54    10E54       8E         0
                text32                            1142E    1142E       22         0
                text31                            11392    11392       2A         0
                text30                            115DA    115DA        8         0
                text29                            115D2    115D2        8         0
                text28                            11614    11614        6         0
                text27                            1160E    1160E        6         0
                text26                            111A8    111A8       3A         0
                text25                            1108E    1108E       4C         0
                text24                            11368    11368       2A         0
                text23                            11530    11530       14         0
                text22                            1151C    1151C       14         0
                text21                            10FE6    10FE6       5A         0
                text20                            115BA    115BA        E         0
                text19                            115AC    115AC        E         0
                text18                            1159E    1159E        E         0
                text17                            10F68    10F68       7E         0
                text16                            10DC6    10DC6       8E         0
                text15                            1121A    1121A       32         0
                text14                            11498    11498       16         0
                text13                            11590    11590        E         0
                text12                            11608    11608        6         0
                text11                            11602    11602        6         0
                text10                            11122    11122       48         0
                text9                             110DA    110DA       48         0
                text8                             10C88    10C88       AE         0
                text7                             1095E    1095E      17A         0
                text6                             10000    10000      7C2         0
                text5                             107C2    107C2      19C         0
                text4                             1133C    1133C       2C         0
                text3                             112E2    112E2       2E         0
                text2                             111E2    111E2       38         0
                text1                             10D36    10D36       90         0
                text0                             10BCA    10BCA       BE         0
                cinit                             11310    11310       2C         0

        CLASS   CONST          

        CLASS   SMALLCONST     

        CLASS   MEDIUMCONST    
                mediumconst                        FE7E     FE7E      182         0

        CLASS   COMRAM         
                cstackCOMRAM                        501      501       38         1
                bssCOMRAM                           539      539       19         1

        CLASS   ABS1           

        CLASS   BIGRAM         

        CLASS   RAM            

        CLASS   BANK5          
                cstackBANK5                         57E      57E        4         1
                bssBANK5                            560      560       1E         1
                nvBANK5                             582      582        3         1

        CLASS   BANK6          

        CLASS   BANK7          

        CLASS   BANK8          

        CLASS   BANK9          

        CLASS   BANK10         

        CLASS   BANK11         

        CLASS   BANK12         

        CLASS   BANK13         

        CLASS   BANK14         

        CLASS   BANK15         

        CLASS   BANK16         

        CLASS   BANK17         

        CLASS   BANK18         

        CLASS   BANK19         

        CLASS   BANK20         

        CLASS   BANK21         

        CLASS   BANK22         

        CLASS   BANK23         

        CLASS   BANK24         

        CLASS   BANK25         

        CLASS   BANK26         

        CLASS   BANK27         

        CLASS   BANK28         

        CLASS   BANK29         

        CLASS   BANK30         

        CLASS   BANK31         

        CLASS   BANK32         

        CLASS   BANK33         

        CLASS   BANK34         

        CLASS   BANK35         

        CLASS   BANK36         

        CLASS   SFR            

        CLASS   BIGSFR         

        CLASS   CONFIG         
                config                           300000   300000        A         4

        CLASS   IDLOC          

        CLASS   EEDATA         

        CLASS   FARRAM         

        CLASS   HEAP           

        CLASS   STACK          



SEGMENTS        Name                           Load    Length   Top    Selector   Space  Class

                reset_vec                      000000  000004  000004         0       0  CODE    
                text6                          010000  00163E  01163E      8000       0  CODE    
                text59                         011640  00000A  01164A      4590       0  CODE    
                ivt0x8                         000008  0000FE  000106         4       0  CODE    
                cstackCOMRAM                   000501  000051  000552       501       1  COMRAM  
                bssBANK5                       000560  000025  000585       560       1  BANK5   
                mediumconst                    00FE7E  000182  010000      7F3F       0  MEDIUMCO


UNUSED ADDRESS RANGES

        Name                Unused          Largest block    Delta
        BANK10           000A00-000AFF              100
        BANK11           000B00-000BFF              100
        BANK12           000C00-000CFF              100
        BANK13           000D00-000DFF              100
        BANK14           000E00-000EFF              100
        BANK15           000F00-000FFF              100
        BANK16           001000-0010FF              100
        BANK17           001100-0011FF              100
        BANK18           001200-0012FF              100
        BANK19           001300-0013FF              100
        BANK20           001400-0014FF              100
        BANK21           001500-0015FF              100
        BANK22           001600-0016FF              100
        BANK23           001700-0017FF              100
        BANK24           001800-0018FF              100
        BANK25           001900-0019FF              100
        BANK26           001A00-001AFF              100
        BANK27           001B00-001BFF              100
        BANK28           001C00-001CFF              100
        BANK29           001D00-001DFF              100
        BANK30           001E00-001EFF              100
        BANK31           001F00-001FFF              100
        BANK32           002000-0020FF              100
        BANK33           002100-0021FF              100
        BANK34           002200-0022FF              100
        BANK35           002300-0023FF              100
        BANK36           002400-0024FF              100
        BANK5            000585-0005FF               7B
        BANK6            000600-0006FF              100
        BANK7            000700-0007FF              100
        BANK8            000800-0008FF              100
        BANK9            000900-0009FF              100
        BIGRAM           000552-00055F                E
                         000585-0024FF             1F7B
        BIGSFR           000000-0004FF              500
                         002500-0025FF              100
        CODE             000004-000007                4
                         000106-00FE7D             FD78
                         01163E-01163F                2
                         01164A-01FFFF             E9B6
        COMRAM           000552-00055F                E
        CONFIG           30000A-300011                8
        CONST            000004-000007                4
                         000106-00FE7D             FD78
                         01163E-01163F                2
                         01164A-01FFFF             E9B6
        EEDATA           380000-3803FF              400
        IDLOC            200000-20003F               40
        MEDIUMCONST      002600-00FE7D             D87E
                         012600-01FFFF             DA00
        RAM              000585-0024FF              100
        SFR              000000-0004FF              100
                         002500-0025FF              100
        SMALLCONST       002600-00FE7D              100
                         012600-01FFFF              100

                                  Symbol Table

?___awmod                                     cstackCOMRAM 00050E
I2C1_AddrTransmit@addr                        cstackCOMRAM 00050E
I2C1_CallbackRegister@callbackHandler         cstackCOMRAM 00050E
I2C1_CounterSet@counter                       cstackCOMRAM 00050E
I2C1_DataTransmit@data                        cstackCOMRAM 000505
I2C1_Write@address                            cstackCOMRAM 00050F
I2C1_Write@data                               cstackCOMRAM 000511
I2C1_Write@dataLength                         cstackCOMRAM 000513
I2C1_WriteRead@address                        cstackCOMRAM 00050F
I2C1_WriteRead@readData                       cstackCOMRAM 000515
I2C1_WriteRead@readLength                     cstackCOMRAM 000517
I2C1_WriteRead@writeData                      cstackCOMRAM 000511
I2C1_WriteRead@writeLength                    cstackCOMRAM 000513
INT0_SetInterruptHandler@InterruptHandler     cstackCOMRAM 00050E
INT1_SetInterruptHandler@InterruptHandler     cstackCOMRAM 00050E
INT2_SetInterruptHandler@InterruptHandler     cstackCOMRAM 00050E
INTERRUPT_Initialize@state                    cstackCOMRAM 000511
IVTBASEH                                      (abs)        00045E
IVTBASEL                                      (abs)        00045D
IVTBASEU                                      (abs)        00045F
TMR0_OverflowCallbackRegister@callbackHandler cstackCOMRAM 00050E
_ACTCON                                       (abs)        0000AC
_ANSELA                                       (abs)        000400
_ANSELB                                       (abs)        000408
_ANSELC                                       (abs)        000410
_ANSELD                                       (abs)        000418
_ANSELE                                       (abs)        000420
_CLOCK_Initialize                             text23       011530
_Default_ISR                                  text59       011640
_GIE                                          (abs)        0026B7
_I2C1ADB1                                     (abs)        00028F
_I2C1CLK                                      (abs)        00029C
_I2C1CNT                                      (abs)        00028D
_I2C1CON0                                     (abs)        000294
_I2C1CON0bits                                 (abs)        000294
_I2C1CON1                                     (abs)        000295
_I2C1CON1bits                                 (abs)        000295
_I2C1CON2                                     (abs)        000296
_I2C1ERR                                      (abs)        000297
_I2C1ERRbits                                  (abs)        000297
_I2C1PIE                                      (abs)        00029B
_I2C1PIEbits                                  (abs)        00029B
_I2C1PIR                                      (abs)        00029A
_I2C1PIRbits                                  (abs)        00029A
_I2C1RXB                                      (abs)        00028B
_I2C1SCLPPS                                   (abs)        000271
_I2C1SDAPPS                                   (abs)        000270
_I2C1STAT0bits                                (abs)        000298
_I2C1STAT1                                    (abs)        000299
_I2C1STAT1bits                                (abs)        000299
_I2C1TXB                                      (abs)        00028C
_I2C1_AddrTransmit                            text30       0115DA
_I2C1_BufferClear                             text45       0115FA
_I2C1_BusReset                                text53       01116A
_I2C1_Callback                                bssBANK5     000571
_I2C1_CallbackRegister                        text32       01142E
_I2C1_Close                                   text42       011408
_I2C1_CounterGet                              text37       011620
_I2C1_CounterSet                              text29       0115D2
_I2C1_DataReceive                             text57       011638
_I2C1_DataTransmit                            text36       0115E2
_I2C1_Deinitialize                            (abs)        000000
_I2C1_ERROR_ISR                               text46       010AD8
_I2C1_ErrorFlagsClear                         text44       0115C8
_I2C1_ErrorGet                                (abs)        000000
_I2C1_Host                                    mediumconst  00FEA0
_I2C1_ISR                                     text33       010E54
_I2C1_Initialize                              text21       010FE6
_I2C1_InterruptsClear                         text43       01162C
_I2C1_InterruptsDisable                       text55       011580
_I2C1_InterruptsEnable                        text22       01151C
_I2C1_IsAddr                                  text52       011506
_I2C1_IsBusCol                                text51       0114F0
_I2C1_IsBusTimeOut                            text50       0114DA
_I2C1_IsBusy                                  text31       011392
_I2C1_IsBusy$599                              cstackCOMRAM 00050E
_I2C1_IsData                                  text49       0114C4
_I2C1_IsNack                                  text48       0114AE
_I2C1_RX_ISR                                  text56       011558
_I2C1_Read                                    (abs)        000000
_I2C1_ReadStart                               text38       0113E2
_I2C1_RestartDisable                          text35       01161A
_I2C1_RestartEnable                           text28       011614
_I2C1_StartSend                               text27       01160E
_I2C1_StopSend                                text34       0113BC
_I2C1_TX_ISR                                  text58       01156C
_I2C1_Write                                   text10       011122
_I2C1_WriteRead                               text25       01108E
_I2C1_WriteStart                              text26       0111A8
_I2C_trasmission_complete                     bssCOMRAM    00054A
_INLVLA                                       (abs)        000404
_INLVLB                                       (abs)        00040C
_INLVLC                                       (abs)        000414
_INLVLD                                       (abs)        00041C
_INLVLE                                       (abs)        000424
_INT0_CallBack                                text61       01124C
_INT0_DefaultInterruptHandler                 text62       011642
_INT0_ISR                                     text60       011450
_INT0_InterruptHandler                        bssBANK5     00056E
_INT0_SetInterruptHandler                     text20       0115BA
_INT1_CallBack                                text64       01127E
_INT1_DefaultInterruptHandler                 text65       011644
_INT1_ISR                                     text63       011468
_INT1_InterruptHandler                        bssBANK5     00056B
_INT1_SetInterruptHandler                     text19       0115AC
_INT2_CallBack                                text67       0112B0
_INT2_DefaultInterruptHandler                 text68       011646
_INT2_ISR                                     text66       011480
_INT2_InterruptHandler                        bssBANK5     000568
_INT2_SetInterruptHandler                     text18       01159E
_INTCON0bits                                  (abs)        0004D6
_INTERRUPT_Initialize                         text17       010F68
_IOCAF                                        (abs)        000407
_IOCAN                                        (abs)        000406
_IOCAP                                        (abs)        000405
_IOCBF                                        (abs)        00040F
_IOCBN                                        (abs)        00040E
_IOCBP                                        (abs)        00040D
_IOCCF                                        (abs)        000417
_IOCCN                                        (abs)        000416
_IOCCP                                        (abs)        000415
_IOCEF                                        (abs)        000427
_IOCEN                                        (abs)        000426
_IOCEP                                        (abs)        000425
_IPR3bits                                     (abs)        000365
_IPR7bits                                     (abs)        000369
_IVTBASEH                                     (abs)        00045E
_IVTBASEL                                     (abs)        00045D
_IVTBASEU                                     (abs)        00045F
_IVTLOCK                                      (abs)        000459
_IVTLOCKbits                                  (abs)        000459
_LATA                                         (abs)        0004BE
_LATB                                         (abs)        0004BF
_LATBbits                                     (abs)        0004BF
_LATC                                         (abs)        0004C0
_LATCbits                                     (abs)        0004C0
_LATD                                         (abs)        0004C1
_LATDbits                                     (abs)        0004C1
_LATE                                         (abs)        0004C2
_My_I2C1_Interrupt                            text47       011632
_ODCONA                                       (abs)        000402
_ODCONB                                       (abs)        00040A
_ODCONC                                       (abs)        000412
_ODCOND                                       (abs)        00041A
_ODCONE                                       (abs)        000422
_OSCCON1                                      (abs)        0000AD
_OSCCON3                                      (abs)        0000AF
_OSCEN                                        (abs)        0000B3
_OSCFRQ                                       (abs)        0000B1
_OSCTUNE                                      (abs)        0000B0
_PIE3bits                                     (abs)        0004A1
_PIE7bits                                     (abs)        0004A5
_PIN_MANAGER_Initialize                       text16       010DC6
_PIR10bits                                    (abs)        0004B8
_PIR1bits                                     (abs)        0004AF
_PIR3bits                                     (abs)        0004B1
_PIR6bits                                     (abs)        0004B4
_PORTAbits                                    (abs)        0004CE
_RB1I2C                                       (abs)        000289
_RB2I2C                                       (abs)        000288
_RC3I2C                                       (abs)        000287
_RC3PPS                                       (abs)        000214
_RC4I2C                                       (abs)        000286
_RC4PPS                                       (abs)        000215
_READ_RTC                                     text24       011368
_RTC_sync                                     bssCOMRAM    000548
_SLRCONA                                      (abs)        000403
_SLRCONB                                      (abs)        00040B
_SLRCONC                                      (abs)        000413
_SLRCOND                                      (abs)        00041B
_SLRCONE                                      (abs)        000423
_SYSTEM_Initialize                            text14       011498
_T0CON0                                       (abs)        00031A
_T0CON0bits                                   (abs)        00031A
_T0CON1                                       (abs)        00031B
_TMR0H                                        (abs)        000319
_TMR0L                                        (abs)        000318
_TMR0_CounterGet                              (abs)        000000
_TMR0_CounterSet                              (abs)        000000
_TMR0_DefaultOverflowCallback                 text70       011648
_TMR0_Deinitialize                            (abs)        000000
_TMR0_ISR                                     text69       011040
_TMR0_Initialize                              text15       01121A
_TMR0_MaxCountGet                             (abs)        000000
_TMR0_OverflowCallback                        nvBANK5      000582
_TMR0_OverflowCallbackRegister                text13       011590
_TMR0_PeriodGet                               (abs)        000000
_TMR0_PeriodSet                               (abs)        000000
_TMR0_Start                                   text11       011602
_TMR0_Stop                                    text12       011608
_TRISA                                        (abs)        0004C6
_TRISAbits                                    (abs)        0004C6
_TRISB                                        (abs)        0004C7
_TRISC                                        (abs)        0004C8
_TRISCbits                                    (abs)        0004C8
_TRISD                                        (abs)        0004C9
_TRISDbits                                    (abs)        0004C9
_TRISE                                        (abs)        0004CA
_Timer0                                       mediumconst  00FE7F
_WPUA                                         (abs)        000401
_WPUB                                         (abs)        000409
_WPUC                                         (abs)        000411
_WPUD                                         (abs)        000419
_WPUE                                         (abs)        000421
_WRITE_RTC                                    text9        0110DA
__HRAM                                        (abs)        000000
__H__absolute__                               __absolute__ 000000
__Habs1                                       abs1         000000
__Hbank10                                     bank10       000000
__Hbank11                                     bank11       000000
__Hbank12                                     bank12       000000
__Hbank13                                     bank13       000000
__Hbank14                                     bank14       000000
__Hbank15                                     bank15       000000
__Hbank16                                     bank16       000000
__Hbank17                                     bank17       000000
__Hbank18                                     bank18       000000
__Hbank19                                     bank19       000000
__Hbank20                                     bank20       000000
__Hbank21                                     bank21       000000
__Hbank22                                     bank22       000000
__Hbank23                                     bank23       000000
__Hbank24                                     bank24       000000
__Hbank25                                     bank25       000000
__Hbank26                                     bank26       000000
__Hbank27                                     bank27       000000
__Hbank28                                     bank28       000000
__Hbank29                                     bank29       000000
__Hbank30                                     bank30       000000
__Hbank31                                     bank31       000000
__Hbank32                                     bank32       000000
__Hbank33                                     bank33       000000
__Hbank34                                     bank34       000000
__Hbank35                                     bank35       000000
__Hbank36                                     bank36       000000
__Hbank5                                      bank5        000000
__Hbank6                                      bank6        000000
__Hbank7                                      bank7        000000
__Hbank8                                      bank8        000000
__Hbank9                                      bank9        000000
__Hbigbss                                     bigbss       000000
__Hbigdata                                    bigdata      000000
__Hbigram                                     bigram       000000
__Hbigsfr                                     bigsfr       000000
__Hbss                                        bss          000000
__HbssBANK5                                   bssBANK5     000000
__HbssCOMRAM                                  bssCOMRAM    000000
__Hcinit                                      cinit        000000
__Hclrtext                                    clrtext      000000
__Hcomram                                     comram       000000
__Hconfig                                     config       30000A
__Hconst                                      const        000000
__HcstackBANK5                                cstackBANK5  000000
__HcstackCOMRAM                               cstackCOMRAM 000000
__Hdata                                       data         000000
__Heeprom_data                                eeprom_data  000000
__Hfarbss                                     farbss       000000
__Hfardata                                    fardata      000000
__Hheap                                       heap         000000
__Hibigdata                                   ibigdata     000000
__Hidata                                      idata        000000
__Hidloc                                      idloc        000000
__Hifardata                                   ifardata     000000
__Hinit                                       init         000106
__Hintsave_regs                               intsave_regs 000000
__Hirdata                                     irdata       000000
__Hivt0x8                                     ivt0x8       000102
__Hmediumconst                                mediumconst  010000
__HnvBANK5                                    nvBANK5      000000
__HnvFARRAM                                   nvFARRAM     000000
__Hnvbit                                      nvbit        000000
__Hnvrram                                     nvrram       000000
__Hparam                                      rparam       000000
__Hpowerup                                    powerup      000000
__Hram                                        ram          000000
__Hramtop                                     ramtop       002600
__Hrbit                                       rbit         000000
__Hrbss                                       rbss         000000
__Hrdata                                      rdata        000000
__Hreset_vec                                  reset_vec    000004
__Hrparam                                     rparam       000000
__Hsfr                                        sfr          000000
__Hsmallconst                                 smallconst   000000
__Hspace_0                                    (abs)        01164A
__Hspace_1                                    (abs)        000585
__Hspace_2                                    (abs)        000000
__Hspace_4                                    (abs)        60000A
__Hstack                                      stack        000000
__Hstruct                                     struct       000000
__Htemp                                       temp         000000
__Htext                                       text         000000
__Htext0                                      text0        000000
__Htext1                                      text1        000000
__Htext10                                     text10       000000
__Htext11                                     text11       000000
__Htext12                                     text12       000000
__Htext13                                     text13       000000
__Htext14                                     text14       000000
__Htext15                                     text15       000000
__Htext16                                     text16       000000
__Htext17                                     text17       000000
__Htext18                                     text18       000000
__Htext19                                     text19       000000
__Htext2                                      text2        000000
__Htext20                                     text20       000000
__Htext21                                     text21       000000
__Htext22                                     text22       000000
__Htext23                                     text23       000000
__Htext24                                     text24       000000
__Htext25                                     text25       000000
__Htext26                                     text26       000000
__Htext27                                     text27       000000
__Htext28                                     text28       000000
__Htext29                                     text29       000000
__Htext3                                      text3        000000
__Htext30                                     text30       000000
__Htext31                                     text31       000000
__Htext32                                     text32       000000
__Htext33                                     text33       000000
__Htext34                                     text34       000000
__Htext35                                     text35       000000
__Htext36                                     text36       000000
__Htext37                                     text37       000000
__Htext38                                     text38       000000
__Htext39                                     text39       000000
__Htext4                                      text4        000000
__Htext40                                     text40       000000
__Htext41                                     text41       000000
__Htext42                                     text42       000000
__Htext43                                     text43       000000
__Htext44                                     text44       000000
__Htext45                                     text45       000000
__Htext46                                     text46       000000
__Htext47                                     text47       000000
__Htext48                                     text48       000000
__Htext49                                     text49       000000
__Htext5                                      text5        000000
__Htext50                                     text50       000000
__Htext51                                     text51       000000
__Htext52                                     text52       000000
__Htext53                                     text53       000000
__Htext54                                     text54       000000
__Htext55                                     text55       000000
__Htext56                                     text56       000000
__Htext57                                     text57       000000
__Htext58                                     text58       000000
__Htext59                                     text59       000000
__Htext6                                      text6        000000
__Htext60                                     text60       000000
__Htext61                                     text61       000000
__Htext62                                     text62       000000
__Htext63                                     text63       000000
__Htext64                                     text64       000000
__Htext65                                     text65       000000
__Htext66                                     text66       000000
__Htext67                                     text67       000000
__Htext68                                     text68       000000
__Htext69                                     text69       000000
__Htext7                                      text7        000000
__Htext70                                     text70       000000
__Htext71                                     text71       000000
__Htext8                                      text8        000000
__Htext9                                      text9        000000
__LRAM                                        (abs)        000001
__L__absolute__                               __absolute__ 000000
__Labs1                                       abs1         000000
__Lbank10                                     bank10       000000
__Lbank11                                     bank11       000000
__Lbank12                                     bank12       000000
__Lbank13                                     bank13       000000
__Lbank14                                     bank14       000000
__Lbank15                                     bank15       000000
__Lbank16                                     bank16       000000
__Lbank17                                     bank17       000000
__Lbank18                                     bank18       000000
__Lbank19                                     bank19       000000
__Lbank20                                     bank20       000000
__Lbank21                                     bank21       000000
__Lbank22                                     bank22       000000
__Lbank23                                     bank23       000000
__Lbank24                                     bank24       000000
__Lbank25                                     bank25       000000
__Lbank26                                     bank26       000000
__Lbank27                                     bank27       000000
__Lbank28                                     bank28       000000
__Lbank29                                     bank29       000000
__Lbank30                                     bank30       000000
__Lbank31                                     bank31       000000
__Lbank32                                     bank32       000000
__Lbank33                                     bank33       000000
__Lbank34                                     bank34       000000
__Lbank35                                     bank35       000000
__Lbank36                                     bank36       000000
__Lbank5                                      bank5        000000
__Lbank6                                      bank6        000000
__Lbank7                                      bank7        000000
__Lbank8                                      bank8        000000
__Lbank9                                      bank9        000000
__Lbigbss                                     bigbss       000000
__Lbigdata                                    bigdata      000000
__Lbigram                                     bigram       000000
__Lbigsfr                                     bigsfr       000000
__Lbss                                        bss          000000
__LbssBANK5                                   bssBANK5     000000
__LbssCOMRAM                                  bssCOMRAM    000000
__Lcinit                                      cinit        000000
__Lclrtext                                    clrtext      000000
__Lcomram                                     comram       000000
__Lconfig                                     config       000000
__Lconst                                      const        000000
__LcstackBANK5                                cstackBANK5  000000
__LcstackCOMRAM                               cstackCOMRAM 000000
__Ldata                                       data         000000
__Leeprom_data                                eeprom_data  000000
__Lfarbss                                     farbss       000000
__Lfardata                                    fardata      000000
__Lheap                                       heap         000000
__Libigdata                                   ibigdata     000000
__Lidata                                      idata        000000
__Lidloc                                      idloc        000000
__Lifardata                                   ifardata     000000
__Linit                                       init         000102
__Lintsave_regs                               intsave_regs 000000
__Lirdata                                     irdata       000000
__Livt0x8                                     ivt0x8       000008
__Lmediumconst                                mediumconst  00FE7E
__LnvBANK5                                    nvBANK5      000000
__LnvFARRAM                                   nvFARRAM     000000
__Lnvbit                                      nvbit        000000
__Lnvrram                                     nvrram       000000
__Lparam                                      rparam       000000
__Lpowerup                                    powerup      000000
__Lram                                        ram          000000
__Lramtop                                     ramtop       002600
__Lrbit                                       rbit         000000
__Lrbss                                       rbss         000000
__Lrdata                                      rdata        000000
__Lreset_vec                                  reset_vec    000000
__Lrparam                                     rparam       000000
__Lsfr                                        sfr          000000
__Lsmallconst                                 smallconst   000000
__Lspace_0                                    (abs)        000000
__Lspace_1                                    (abs)        000000
__Lspace_2                                    (abs)        000000
__Lspace_4                                    (abs)        000000
__Lstack                                      stack        000000
__Lstruct                                     struct       000000
__Ltemp                                       temp         000000
__Ltext                                       text         000000
__Ltext0                                      text0        000000
__Ltext1                                      text1        000000
__Ltext10                                     text10       000000
__Ltext11                                     text11       000000
__Ltext12                                     text12       000000
__Ltext13                                     text13       000000
__Ltext14                                     text14       000000
__Ltext15                                     text15       000000
__Ltext16                                     text16       000000
__Ltext17                                     text17       000000
__Ltext18                                     text18       000000
__Ltext19                                     text19       000000
__Ltext2                                      text2        000000
__Ltext20                                     text20       000000
__Ltext21                                     text21       000000
__Ltext22                                     text22       000000
__Ltext23                                     text23       000000
__Ltext24                                     text24       000000
__Ltext25                                     text25       000000
__Ltext26                                     text26       000000
__Ltext27                                     text27       000000
__Ltext28                                     text28       000000
__Ltext29                                     text29       000000
__Ltext3                                      text3        000000
__Ltext30                                     text30       000000
__Ltext31                                     text31       000000
__Ltext32                                     text32       000000
__Ltext33                                     text33       000000
__Ltext34                                     text34       000000
__Ltext35                                     text35       000000
__Ltext36                                     text36       000000
__Ltext37                                     text37       000000
__Ltext38                                     text38       000000
__Ltext39                                     text39       000000
__Ltext4                                      text4        000000
__Ltext40                                     text40       000000
__Ltext41                                     text41       000000
__Ltext42                                     text42       000000
__Ltext43                                     text43       000000
__Ltext44                                     text44       000000
__Ltext45                                     text45       000000
__Ltext46                                     text46       000000
__Ltext47                                     text47       000000
__Ltext48                                     text48       000000
__Ltext49                                     text49       000000
__Ltext5                                      text5        000000
__Ltext50                                     text50       000000
__Ltext51                                     text51       000000
__Ltext52                                     text52       000000
__Ltext53                                     text53       000000
__Ltext54                                     text54       000000
__Ltext55                                     text55       000000
__Ltext56                                     text56       000000
__Ltext57                                     text57       000000
__Ltext58                                     text58       000000
__Ltext59                                     text59       000000
__Ltext6                                      text6        000000
__Ltext60                                     text60       000000
__Ltext61                                     text61       000000
__Ltext62                                     text62       000000
__Ltext63                                     text63       000000
__Ltext64                                     text64       000000
__Ltext65                                     text65       000000
__Ltext66                                     text66       000000
__Ltext67                                     text67       000000
__Ltext68                                     text68       000000
__Ltext69                                     text69       000000
__Ltext7                                      text7        000000
__Ltext70                                     text70       000000
__Ltext71                                     text71       000000
__Ltext8                                      text8        000000
__Ltext9                                      text9        000000
__S0                                          (abs)        01164A
__S1                                          (abs)        000585
__S4                                          (abs)        000000
__S5                                          (abs)        000000
___awmod                                      text8        010C88
___awmod@counter                              cstackCOMRAM 000512
___awmod@dividend                             cstackCOMRAM 00050E
___awmod@divisor                              cstackCOMRAM 000510
___awmod@sign                                 cstackCOMRAM 000513
___heap_hi                                    (abs)        000000
___heap_lo                                    (abs)        000000
___inthi_sp                                   stack        000000
___inthi_stack_hi                             stack        000000
___inthi_stack_lo                             stack        000000
___intlo_sp                                   stack        000000
___intlo_stack_hi                             stack        000000
___intlo_stack_lo                             stack        000000
___param_bank                                 (abs)        000000
___rparam_used                                (abs)        000001
___sp                                         stack        000000
___stack_hi                                   stack        000000
___stack_lo                                   stack        000000
__accesstop                                   (abs)        000560
__activetblptr                                (abs)        000003
__end_of_CLOCK_Initialize                     text23       011544
__end_of_Default_ISR                          text59       011642
__end_of_I2C1_AddrTransmit                    text30       0115E2
__end_of_I2C1_BufferClear                     text45       011602
__end_of_I2C1_BusReset                        text53       0111A8
__end_of_I2C1_CallbackRegister                text32       011450
__end_of_I2C1_Close                           text42       01142E
__end_of_I2C1_CounterGet                      text37       011626
__end_of_I2C1_CounterSet                      text29       0115DA
__end_of_I2C1_DataReceive                     text57       01163E
__end_of_I2C1_DataTransmit                    text36       0115EA
__end_of_I2C1_ERROR_ISR                       text46       010BCA
__end_of_I2C1_ErrorFlagsClear                 text44       0115D2
__end_of_I2C1_Host                            mediumconst  00FEBE
__end_of_I2C1_ISR                             text33       010EE2
__end_of_I2C1_Initialize                      text21       011040
__end_of_I2C1_InterruptsClear                 text43       011632
__end_of_I2C1_InterruptsDisable               text55       011590
__end_of_I2C1_InterruptsEnable                text22       011530
__end_of_I2C1_IsAddr                          text52       01151C
__end_of_I2C1_IsBusCol                        text51       011506
__end_of_I2C1_IsBusTimeOut                    text50       0114F0
__end_of_I2C1_IsBusy                          text31       0113BC
__end_of_I2C1_IsData                          text49       0114DA
__end_of_I2C1_IsNack                          text48       0114C4
__end_of_I2C1_RX_ISR                          text56       01156C
__end_of_I2C1_ReadStart                       text38       011408
__end_of_I2C1_RestartDisable                  text35       011620
__end_of_I2C1_RestartEnable                   text28       01161A
__end_of_I2C1_StartSend                       text27       011614
__end_of_I2C1_StopSend                        text34       0113E2
__end_of_I2C1_TX_ISR                          text58       011580
__end_of_I2C1_Write                           text10       01116A
__end_of_I2C1_WriteRead                       text25       0110DA
__end_of_I2C1_WriteStart                      text26       0111E2
__end_of_INT0_CallBack                        text61       01127E
__end_of_INT0_DefaultInterruptHandler         text62       011644
__end_of_INT0_ISR                             text60       011468
__end_of_INT0_SetInterruptHandler             text20       0115C8
__end_of_INT1_CallBack                        text64       0112B0
__end_of_INT1_DefaultInterruptHandler         text65       011646
__end_of_INT1_ISR                             text63       011480
__end_of_INT1_SetInterruptHandler             text19       0115BA
__end_of_INT2_CallBack                        text67       0112E2
__end_of_INT2_DefaultInterruptHandler         text68       011648
__end_of_INT2_ISR                             text66       011498
__end_of_INT2_SetInterruptHandler             text18       0115AC
__end_of_INTERRUPT_Initialize                 text17       010FE6
__end_of_My_I2C1_Interrupt                    text47       011638
__end_of_PIN_MANAGER_Initialize               text16       010E54
__end_of_READ_RTC                             text24       011392
__end_of_SYSTEM_Initialize                    text14       0114AE
__end_of_TMR0_DefaultOverflowCallback         text70       01164A
__end_of_TMR0_ISR                             text69       01108E
__end_of_TMR0_Initialize                      text15       01124C
__end_of_TMR0_OverflowCallbackRegister        text13       01159E
__end_of_TMR0_Start                           text11       011608
__end_of_TMR0_Stop                            text12       01160E
__end_of_Timer0                               mediumconst  00FEA0
__end_of_WRITE_RTC                            text9        011122
__end_of___awmod                              text8        010D36
__end_of__initialization                      cinit        011336
__end_of_clock_init                           text6        0107C2
__end_of_display_controll                     text5        01095E
__end_of_display_digit                        text7        010AD8
__end_of_main                                 text0        010C88
__end_of_memset                               text2        01121A
__end_of_numbers                              mediumconst  00FFFE
__end_of_numbers_DP                           mediumconst  00FF5E
__end_of_pin_init                             text4        011368
__end_of_process_data_from_RTC                text3        011310
__end_of_system_clock                         text1        010DC6
__end_of_timer                                text71       010F68
__end_ofi2_I2C1_AddrTransmit                  text41       0115FA
__end_ofi2_I2C1_CounterSet                    text40       0115F2
__end_ofi2_I2C1_InterruptsEnable              text54       011558
__end_ofi2_I2C1_StartSend                     text39       01162C
__initialization                              cinit        011310
__mediumconst                                 mediumconst  00FE7E
__pbssBANK5                                   bssBANK5     000560
__pbssCOMRAM                                  bssCOMRAM    000539
__pcinit                                      cinit        011310
__pcstackBANK5                                cstackBANK5  00057E
__pcstackCOMRAM                               cstackCOMRAM 000501
__pivt0x8                                     ivt0x8       000008
__pmediumconst                                mediumconst  00FE7E
__pnvBANK5                                    nvBANK5      000582
__ptext0                                      text0        010BCA
__ptext1                                      text1        010D36
__ptext10                                     text10       011122
__ptext11                                     text11       011602
__ptext12                                     text12       011608
__ptext13                                     text13       011590
__ptext14                                     text14       011498
__ptext15                                     text15       01121A
__ptext16                                     text16       010DC6
__ptext17                                     text17       010F68
__ptext18                                     text18       01159E
__ptext19                                     text19       0115AC
__ptext2                                      text2        0111E2
__ptext20                                     text20       0115BA
__ptext21                                     text21       010FE6
__ptext22                                     text22       01151C
__ptext23                                     text23       011530
__ptext24                                     text24       011368
__ptext25                                     text25       01108E
__ptext26                                     text26       0111A8
__ptext27                                     text27       01160E
__ptext28                                     text28       011614
__ptext29                                     text29       0115D2
__ptext3                                      text3        0112E2
__ptext30                                     text30       0115DA
__ptext31                                     text31       011392
__ptext32                                     text32       01142E
__ptext33                                     text33       010E54
__ptext34                                     text34       0113BC
__ptext35                                     text35       01161A
__ptext36                                     text36       0115E2
__ptext37                                     text37       011620
__ptext38                                     text38       0113E2
__ptext39                                     text39       011626
__ptext4                                      text4        01133C
__ptext40                                     text40       0115EA
__ptext41                                     text41       0115F2
__ptext42                                     text42       011408
__ptext43                                     text43       01162C
__ptext44                                     text44       0115C8
__ptext45                                     text45       0115FA
__ptext46                                     text46       010AD8
__ptext47                                     text47       011632
__ptext48                                     text48       0114AE
__ptext49                                     text49       0114C4
__ptext5                                      text5        0107C2
__ptext50                                     text50       0114DA
__ptext51                                     text51       0114F0
__ptext52                                     text52       011506
__ptext53                                     text53       01116A
__ptext54                                     text54       011544
__ptext55                                     text55       011580
__ptext56                                     text56       011558
__ptext57                                     text57       011638
__ptext58                                     text58       01156C
__ptext59                                     text59       011640
__ptext6                                      text6        010000
__ptext60                                     text60       011450
__ptext61                                     text61       01124C
__ptext62                                     text62       011642
__ptext63                                     text63       011468
__ptext64                                     text64       01127E
__ptext65                                     text65       011644
__ptext66                                     text66       011480
__ptext67                                     text67       0112B0
__ptext68                                     text68       011646
__ptext69                                     text69       011040
__ptext7                                      text7        01095E
__ptext70                                     text70       011648
__ptext71                                     text71       010EE2
__ptext8                                      text8        010C88
__ptext9                                      text9        0110DA
__ramtop                                      ramtop       002600
__smallconst                                  mediumconst  00FE7E
_bcd_numbers                                  bssBANK5     000564
_bcd_numbers_recieved                         bssBANK5     00057B
_clock_init                                   text6        010000
_clock_init$1601                              cstackCOMRAM 000519
_clock_init$1602                              cstackCOMRAM 00051B
_clock_init$1603                              cstackCOMRAM 00051D
_clock_init$1604                              cstackCOMRAM 00051F
_clock_init$1605                              cstackCOMRAM 000521
_clock_init$1606                              cstackCOMRAM 000523
_clock_init$1607                              cstackCOMRAM 000525
_clock_init$1608                              cstackCOMRAM 000527
_clock_init$1609                              cstackCOMRAM 000529
_clock_init$1610                              cstackCOMRAM 00052B
_clock_init$1611                              cstackCOMRAM 00052D
_clock_init$1612                              cstackCOMRAM 00052F
_display_controll                             text5        0107C2
_display_digit                                text7        01095E
_i2c1Status                                   bssCOMRAM    000539
_in_setup_mode                                bssCOMRAM    00054B
_main                                         text0        010BCA
_memset                                       text2        0111E2
_ms_counter                                   bssBANK5     000574
_ms_sync_counter                              bssBANK5     000560
_numbers                                      mediumconst  00FF5E
_numbers_DP                                   mediumconst  00FEBE
_numbers_out                                  bssCOMRAM    00054C
_payload                                      bssBANK5     000577
_pin_init                                     text4        01133C
_process_data_from_RTC                        text3        0112E2
_sys_clock                                    bssCOMRAM    000549
_system_clock                                 text1        010D36
_timer                                        text71       010EE2
_tmr0PeriodCount                              bssCOMRAM    000546
_waiting_for_data                             bssBANK5     000576
clock_init@hold_button_time                   cstackCOMRAM 000535
clock_init@i                                  cstackCOMRAM 000533
clock_init@numbers_out                        cstackCOMRAM 000515
clock_init@selected_digit                     cstackCOMRAM 000537
clock_init@theshold                           cstackCOMRAM 000531
display_controll@i                            cstackBANK5  000580
display_digit@segments                        cstackCOMRAM 00050E
end_of_initialization                         cinit        011336
i2I2C1_AddrTransmit@addr                      cstackCOMRAM 000501
i2I2C1_CounterSet@counter                     cstackCOMRAM 000502
i2_I2C1_AddrTransmit                          text41       0115F2
i2_I2C1_CounterSet                            text40       0115EA
i2_I2C1_InterruptsEnable                      text54       011544
i2_I2C1_StartSend                             text39       011626
intlevel0                                     text         000000
intlevel1                                     text         000000
intlevel2                                     text         000000
intlevel3                                     text         000000
isa$std                                       (abs)        000001
isa$xinst                                     (abs)        000000
ivt0x8_base                                   ivt0x8       000008
ivt0x8_undefint                               ivt0x8       000100
memset@c                                      cstackCOMRAM 000510
memset@dest                                   cstackCOMRAM 00050E
memset@n                                      cstackCOMRAM 000512
memset@p                                      cstackCOMRAM 000514
stackhi                                       (abs)        000000
stacklo                                       (abs)        000000
start                                         init         000102
start_initialization                          cinit        011310


MODULE INFORMATION

Module		Function		Class		Link	Load	Size
/home/nontoxiccat/Desktop/KiCad projects/Rocnikovy_Projekt_S3E/Hodiny/My_MCC_Config/mcc/mcc_generated_files/i2c_host/src/i2c1.c
		_I2C1_CallbackRegister		CODE           	1142E	0000	34
		_I2C1_RX_ISR   		CODE           	11558	0000	20
		_I2C1_InterruptsEnable		CODE           	1151C	0000	20
		_I2C1_WriteStart		CODE           	111A8	0000	58
		_I2C1_CounterGet		CODE           	11620	0000	6
		_I2C1_CounterSet		CODE           	115D2	0000	8
		_I2C1_ReadStart		CODE           	113E2	0000	38
		_I2C1_InterruptsClear		CODE           	1162C	0000	6
		_I2C1_RestartEnable		CODE           	11614	0000	6
		_I2C1_ISR      		CODE           	10E54	0000	142
		_I2C1_DataReceive		CODE           	11638	0000	6
		_I2C1_IsData   		CODE           	114C4	0000	22
		_I2C1_IsNack   		CODE           	114AE	0000	22
		_I2C1_IsAddr   		CODE           	11506	0000	22
		_I2C1_IsBusy   		CODE           	11392	0000	42
		_I2C1_InterruptsDisable		CODE           	11580	0000	16
		_I2C1_BufferClear		CODE           	115FA	0000	8
		_I2C1_BusReset 		CODE           	1116A	0000	62
		_I2C1_Initialize		CODE           	10FE6	0000	90
		_I2C1_Close    		CODE           	11408	0000	38
		_I2C1_IsBusCol 		CODE           	114F0	0000	22
		_I2C1_ERROR_ISR		CODE           	10AD8	0000	242
		_I2C1_Write    		CODE           	11122	0000	72
		_I2C1_ErrorFlagsClear		CODE           	115C8	0000	10
		_I2C1_TX_ISR   		CODE           	1156C	0000	20
		_I2C1_StopSend 		CODE           	113BC	0000	38
		_I2C1_RestartDisable		CODE           	1161A	0000	6
		_I2C1_DataTransmit		CODE           	115E2	0000	8
		_I2C1_AddrTransmit		CODE           	115DA	0000	8
		_I2C1_IsBusTimeOut		CODE           	114DA	0000	22
		_I2C1_WriteRead		CODE           	1108E	0000	76
		_I2C1_StartSend		CODE           	1160E	0000	6

/home/nontoxiccat/Desktop/KiCad projects/Rocnikovy_Projekt_S3E/Hodiny/My_MCC_Config/mcc/mcc_generated_files/i2c_host/src/i2c1.c estimated size: 1196

/opt/microchip/xc8/v3.10/pic/sources/c99/common/memset.c
		_memset        		CODE           	111E2	0000	56

/opt/microchip/xc8/v3.10/pic/sources/c99/common/memset.c estimated size: 56

/home/nontoxiccat/Desktop/KiCad projects/Rocnikovy_Projekt_S3E/Hodiny/My_MCC_Config/mcc/mcc_generated_files/system/src/pins.c
		_PIN_MANAGER_Initialize		CODE           	10DC6	0000	142

/home/nontoxiccat/Desktop/KiCad projects/Rocnikovy_Projekt_S3E/Hodiny/My_MCC_Config/mcc/mcc_generated_files/system/src/pins.c estimated size: 142

/home/nontoxiccat/Desktop/KiCad projects/Rocnikovy_Projekt_S3E/Hodiny/My_MCC_Config/mcc/mcc_generated_files/timer/src/tmr0.c
		_TMR0_OverflowCallbackRegister		CODE           	11590	0000	14
		_TMR0_DefaultOverflowCallback		CODE           	11648	0000	2
		_TMR0_ISR      		CODE           	11040	0000	78
		_TMR0_Initialize		CODE           	1121A	0000	50
		_TMR0_Stop     		CODE           	11608	0000	6
		_TMR0_Start    		CODE           	11602	0000	6

/home/nontoxiccat/Desktop/KiCad projects/Rocnikovy_Projekt_S3E/Hodiny/My_MCC_Config/mcc/mcc_generated_files/timer/src/tmr0.c estimated size: 156

/home/nontoxiccat/Desktop/KiCad projects/Rocnikovy_Projekt_S3E/Hodiny/clock_config.h
		_pin_init      		CODE           	1133C	0000	44

/home/nontoxiccat/Desktop/KiCad projects/Rocnikovy_Projekt_S3E/Hodiny/clock_config.h estimated size: 44

/home/nontoxiccat/Desktop/KiCad projects/Rocnikovy_Projekt_S3E/Hodiny/My_MCC_Config/mcc/mcc_generated_files/system/src/interrupt.c
		_INT0_SetInterruptHandler		CODE           	115BA	0000	14
		_INT1_SetInterruptHandler		CODE           	115AC	0000	14
		_INT2_SetInterruptHandler		CODE           	1159E	0000	14
		_INTERRUPT_Initialize		CODE           	10F68	0000	126
		_INT0_DefaultInterruptHandler		CODE           	11642	0000	2
		_INT0_CallBack 		CODE           	1124C	0000	50
		_INT1_DefaultInterruptHandler		CODE           	11644	0000	2
		_INT1_CallBack 		CODE           	1127E	0000	50
		_INT2_DefaultInterruptHandler		CODE           	11646	0000	2
		_INT2_CallBack 		CODE           	112B0	0000	50
		_Default_ISR   		CODE           	11640	0000	2
		_INT0_ISR      		CODE           	11450	0000	24
		_INT1_ISR      		CODE           	11468	0000	24
		_INT2_ISR      		CODE           	11480	0000	24

/home/nontoxiccat/Desktop/KiCad projects/Rocnikovy_Projekt_S3E/Hodiny/My_MCC_Config/mcc/mcc_generated_files/system/src/interrupt.c estimated size: 398

/opt/microchip/xc8/v3.10/pic/sources/c99/common/awmod.c
		___awmod       		CODE           	10C88	0000	174

/opt/microchip/xc8/v3.10/pic/sources/c99/common/awmod.c estimated size: 174

shared
		i2_I2C1_CounterSet		CODE           	115EA	0000	8
		i2_I2C1_InterruptsEnable		CODE           	11544	0000	20
		i2_I2C1_AddrTransmit		CODE           	115F2	0000	8
		__initialization		CODE           	11310	0000	38
		_I2C1_Host     		MEDIUMCONST    	FEA0	0000	30
		_numbers       		MEDIUMCONST    	FF5E	0000	160
		_numbers_DP    		MEDIUMCONST    	FEBE	0000	160
		_Timer0        		MEDIUMCONST    	FE7F	0000	33
		i2_I2C1_StartSend		CODE           	11626	0000	6

shared estimated size: 463

/home/nontoxiccat/Desktop/KiCad projects/Rocnikovy_Projekt_S3E/Hodiny/My_MCC_Config/mcc/mcc_generated_files/system/src/clock.c
		_CLOCK_Initialize		CODE           	11530	0000	20

/home/nontoxiccat/Desktop/KiCad projects/Rocnikovy_Projekt_S3E/Hodiny/My_MCC_Config/mcc/mcc_generated_files/system/src/clock.c estimated size: 20

/home/nontoxiccat/Desktop/KiCad projects/Rocnikovy_Projekt_S3E/Hodiny/main.c
		_clock_init    		CODE           	10000	0000	1986
		_WRITE_RTC     		CODE           	110DA	0000	72
		_system_clock  		CODE           	10D36	0000	144
		_main          		CODE           	10BCA	0000	190
		_display_digit 		CODE           	1095E	0000	378
		_display_controll		CODE           	107C2	0000	412
		_READ_RTC      		CODE           	11368	0000	42
		_timer         		CODE           	10EE2	0000	134
		_My_I2C1_Interrupt		CODE           	11632	0000	6
		_process_data_from_RTC		CODE           	112E2	0000	46

/home/nontoxiccat/Desktop/KiCad projects/Rocnikovy_Projekt_S3E/Hodiny/main.c estimated size: 3410

/home/nontoxiccat/Desktop/KiCad projects/Rocnikovy_Projekt_S3E/Hodiny/My_MCC_Config/mcc/mcc_generated_files/system/src/system.c
		_SYSTEM_Initialize		CODE           	11498	0000	22

/home/nontoxiccat/Desktop/KiCad projects/Rocnikovy_Projekt_S3E/Hodiny/My_MCC_Config/mcc/mcc_generated_files/system/src/system.c estimated size: 22

